Archive member included to satisfy reference by file (symbol)

c:/program files (x86)/atmel/studio/7.0/toolchain/avr8/avr8-gnu-toolchain/bin/../lib/gcc/avr/5.4.0/../../../../avr/lib/avr5\libm.a(ceil.o)
                              MCAL/TIMERS_DRIVER/TIMER0_DRIVER/TIMER0_PROGRAM.o (ceil)
c:/program files (x86)/atmel/studio/7.0/toolchain/avr8/avr8-gnu-toolchain/bin/../lib/gcc/avr/5.4.0/../../../../avr/lib/avr5\libm.a(cmpsf2.o)
                              MCAL/TIMERS_DRIVER/TIMER0_DRIVER/TIMER0_PROGRAM.o (__nesf2)
c:/program files (x86)/atmel/studio/7.0/toolchain/avr8/avr8-gnu-toolchain/bin/../lib/gcc/avr/5.4.0/../../../../avr/lib/avr5\libm.a(divsf3.o)
                              MCAL/TIMERS_DRIVER/TIMER0_DRIVER/TIMER0_PROGRAM.o (__divsf3)
c:/program files (x86)/atmel/studio/7.0/toolchain/avr8/avr8-gnu-toolchain/bin/../lib/gcc/avr/5.4.0/../../../../avr/lib/avr5\libm.a(divsf3x.o)
                              c:/program files (x86)/atmel/studio/7.0/toolchain/avr8/avr8-gnu-toolchain/bin/../lib/gcc/avr/5.4.0/../../../../avr/lib/avr5\libm.a(divsf3.o) (__divsf3x)
c:/program files (x86)/atmel/studio/7.0/toolchain/avr8/avr8-gnu-toolchain/bin/../lib/gcc/avr/5.4.0/../../../../avr/lib/avr5\libm.a(floatsisf.o)
                              MCAL/TIMERS_DRIVER/TIMER0_DRIVER/TIMER0_PROGRAM.o (__floatunsisf)
c:/program files (x86)/atmel/studio/7.0/toolchain/avr8/avr8-gnu-toolchain/bin/../lib/gcc/avr/5.4.0/../../../../avr/lib/avr5\libm.a(fp_cmp.o)
                              c:/program files (x86)/atmel/studio/7.0/toolchain/avr8/avr8-gnu-toolchain/bin/../lib/gcc/avr/5.4.0/../../../../avr/lib/avr5\libm.a(cmpsf2.o) (__fp_cmp)
c:/program files (x86)/atmel/studio/7.0/toolchain/avr8/avr8-gnu-toolchain/bin/../lib/gcc/avr/5.4.0/../../../../avr/lib/avr5\libm.a(fp_inf.o)
                              c:/program files (x86)/atmel/studio/7.0/toolchain/avr8/avr8-gnu-toolchain/bin/../lib/gcc/avr/5.4.0/../../../../avr/lib/avr5\libm.a(divsf3x.o) (__fp_inf)
c:/program files (x86)/atmel/studio/7.0/toolchain/avr8/avr8-gnu-toolchain/bin/../lib/gcc/avr/5.4.0/../../../../avr/lib/avr5\libm.a(fp_mintl.o)
                              c:/program files (x86)/atmel/studio/7.0/toolchain/avr8/avr8-gnu-toolchain/bin/../lib/gcc/avr/5.4.0/../../../../avr/lib/avr5\libm.a(ceil.o) (__fp_mintl)
c:/program files (x86)/atmel/studio/7.0/toolchain/avr8/avr8-gnu-toolchain/bin/../lib/gcc/avr/5.4.0/../../../../avr/lib/avr5\libm.a(fp_mpack.o)
                              c:/program files (x86)/atmel/studio/7.0/toolchain/avr8/avr8-gnu-toolchain/bin/../lib/gcc/avr/5.4.0/../../../../avr/lib/avr5\libm.a(ceil.o) (__fp_mpack)
c:/program files (x86)/atmel/studio/7.0/toolchain/avr8/avr8-gnu-toolchain/bin/../lib/gcc/avr/5.4.0/../../../../avr/lib/avr5\libm.a(fp_nan.o)
                              c:/program files (x86)/atmel/studio/7.0/toolchain/avr8/avr8-gnu-toolchain/bin/../lib/gcc/avr/5.4.0/../../../../avr/lib/avr5\libm.a(divsf3x.o) (__fp_nan)
c:/program files (x86)/atmel/studio/7.0/toolchain/avr8/avr8-gnu-toolchain/bin/../lib/gcc/avr/5.4.0/../../../../avr/lib/avr5\libm.a(fp_pscA.o)
                              c:/program files (x86)/atmel/studio/7.0/toolchain/avr8/avr8-gnu-toolchain/bin/../lib/gcc/avr/5.4.0/../../../../avr/lib/avr5\libm.a(divsf3x.o) (__fp_pscA)
c:/program files (x86)/atmel/studio/7.0/toolchain/avr8/avr8-gnu-toolchain/bin/../lib/gcc/avr/5.4.0/../../../../avr/lib/avr5\libm.a(fp_pscB.o)
                              c:/program files (x86)/atmel/studio/7.0/toolchain/avr8/avr8-gnu-toolchain/bin/../lib/gcc/avr/5.4.0/../../../../avr/lib/avr5\libm.a(divsf3x.o) (__fp_pscB)
c:/program files (x86)/atmel/studio/7.0/toolchain/avr8/avr8-gnu-toolchain/bin/../lib/gcc/avr/5.4.0/../../../../avr/lib/avr5\libm.a(fp_round.o)
                              c:/program files (x86)/atmel/studio/7.0/toolchain/avr8/avr8-gnu-toolchain/bin/../lib/gcc/avr/5.4.0/../../../../avr/lib/avr5\libm.a(divsf3.o) (__fp_round)
c:/program files (x86)/atmel/studio/7.0/toolchain/avr8/avr8-gnu-toolchain/bin/../lib/gcc/avr/5.4.0/../../../../avr/lib/avr5\libm.a(fp_split3.o)
                              c:/program files (x86)/atmel/studio/7.0/toolchain/avr8/avr8-gnu-toolchain/bin/../lib/gcc/avr/5.4.0/../../../../avr/lib/avr5\libm.a(divsf3x.o) (__fp_split3)
c:/program files (x86)/atmel/studio/7.0/toolchain/avr8/avr8-gnu-toolchain/bin/../lib/gcc/avr/5.4.0/../../../../avr/lib/avr5\libm.a(fp_trunc.o)
                              c:/program files (x86)/atmel/studio/7.0/toolchain/avr8/avr8-gnu-toolchain/bin/../lib/gcc/avr/5.4.0/../../../../avr/lib/avr5\libm.a(ceil.o) (__fp_trunc)
c:/program files (x86)/atmel/studio/7.0/toolchain/avr8/avr8-gnu-toolchain/bin/../lib/gcc/avr/5.4.0/../../../../avr/lib/avr5\libm.a(fp_zero.o)
                              c:/program files (x86)/atmel/studio/7.0/toolchain/avr8/avr8-gnu-toolchain/bin/../lib/gcc/avr/5.4.0/../../../../avr/lib/avr5\libm.a(ceil.o) (__fp_szero)
c:/program files (x86)/atmel/studio/7.0/toolchain/avr8/avr8-gnu-toolchain/bin/../lib/gcc/avr/5.4.0/avr5\libgcc.a(_udivmodsi4.o)
                              ECUAL/SERVO_DRIVER/SERVO_PROGRAM.o (__udivmodsi4)
c:/program files (x86)/atmel/studio/7.0/toolchain/avr8/avr8-gnu-toolchain/bin/../lib/gcc/avr/5.4.0/avr5\libgcc.a(_exit.o)
                              C:/Program Files (x86)/Atmel/Studio/7.0/Packs/atmel/ATmega_DFP/1.7.374/gcc/dev/atmega32/avr5/crtatmega32.o (exit)
c:/program files (x86)/atmel/studio/7.0/toolchain/avr8/avr8-gnu-toolchain/bin/../lib/gcc/avr/5.4.0/avr5\libgcc.a(_tablejump2.o)
                              ECUAL/SEVEN-SEGMENT_DRIVER/SEGMENT_PROGRAM.o (__tablejump2__)
c:/program files (x86)/atmel/studio/7.0/toolchain/avr8/avr8-gnu-toolchain/bin/../lib/gcc/avr/5.4.0/avr5\libgcc.a(_copy_data.o)
                              APP/APP_MASTER_PROGRAM.o (__do_copy_data)
c:/program files (x86)/atmel/studio/7.0/toolchain/avr8/avr8-gnu-toolchain/bin/../lib/gcc/avr/5.4.0/avr5\libgcc.a(_clear_bss.o)
                              APP/APP_MASTER_PROGRAM.o (__do_clear_bss)
c:/program files (x86)/atmel/studio/7.0/toolchain/avr8/avr8-gnu-toolchain/bin/../lib/gcc/avr/5.4.0/avr5\libgcc.a(_umulhisi3.o)
                              ECUAL/SERVO_DRIVER/SERVO_PROGRAM.o (__umulhisi3)
c:/program files (x86)/atmel/studio/7.0/toolchain/avr8/avr8-gnu-toolchain/bin/../lib/gcc/avr/5.4.0/../../../../avr/lib/avr5\libc.a(itoa_ncheck.o)
                              ECUAL/LCD_DRIVER/LCD_PROGRAM.o (__itoa_ncheck)
c:/program files (x86)/atmel/studio/7.0/toolchain/avr8/avr8-gnu-toolchain/bin/../lib/gcc/avr/5.4.0/../../../../avr/lib/avr5\libc.a(utoa_ncheck.o)
                              c:/program files (x86)/atmel/studio/7.0/toolchain/avr8/avr8-gnu-toolchain/bin/../lib/gcc/avr/5.4.0/../../../../avr/lib/avr5\libc.a(itoa_ncheck.o) (__utoa_common)
c:/program files (x86)/atmel/studio/7.0/toolchain/avr8/avr8-gnu-toolchain/bin/../lib/gcc/avr/5.4.0/../../../../avr/lib/avr5\libc.a(strrev.o)
                              c:/program files (x86)/atmel/studio/7.0/toolchain/avr8/avr8-gnu-toolchain/bin/../lib/gcc/avr/5.4.0/../../../../avr/lib/avr5\libc.a(utoa_ncheck.o) (strrev)

Allocating common symbols
Common symbol       size              file

CallBackPtr_UART_RXC
                    0x2               MCAL/UART_DRIVER/UART_PROGRAM.o
CallBackPtr_SPI     0x2               MCAL/SPI_DRIVER/SPI_PROGRAM.o
CallBackPtr_UART_TXC
                    0x2               MCAL/UART_DRIVER/UART_PROGRAM.o
CallBackPtr_TIMER0_COMP
                    0x2               MCAL/TIMERS_DRIVER/TIMER0_DRIVER/TIMER0_PROGRAM.o
CallBackPtr_TIMER0_OVF
                    0x2               MCAL/TIMERS_DRIVER/TIMER0_DRIVER/TIMER0_PROGRAM.o
CallBackPtr_TIMER1_COMPB
                    0x2               MCAL/TIMERS_DRIVER/TIMER1_DRIVER/TIMER1_PROGRAM.o
CallBackPtr_INT2    0x2               MCAL/EXT_INTERRUPT_DRIVER/EXT_INTERRUPT_PROGRAM.o
CallBackPtr_TIMER1_OVF
                    0x2               MCAL/TIMERS_DRIVER/TIMER1_DRIVER/TIMER1_PROGRAM.o
CallBackPtr_TIMER1_CAPT
                    0x2               MCAL/TIMERS_DRIVER/TIMER1_DRIVER/TIMER1_PROGRAM.o
CallBackPtr_INT0    0x2               MCAL/EXT_INTERRUPT_DRIVER/EXT_INTERRUPT_PROGRAM.o
CallBackPtr_INT1    0x2               MCAL/EXT_INTERRUPT_DRIVER/EXT_INTERRUPT_PROGRAM.o
CallBackPtr_UART_UDRE
                    0x2               MCAL/UART_DRIVER/UART_PROGRAM.o
CallBackPtr_ADC     0x2               MCAL/ADC_DRIVER/ADC_PROGRAM.o
CallBackPtr_TIMER1_COMPA
                    0x2               MCAL/TIMERS_DRIVER/TIMER1_DRIVER/TIMER1_PROGRAM.o

Discarded input sections

 .data          0x00000000        0x0 C:/Program Files (x86)/Atmel/Studio/7.0/Packs/atmel/ATmega_DFP/1.7.374/gcc/dev/atmega32/avr5/crtatmega32.o
 .bss           0x00000000        0x0 C:/Program Files (x86)/Atmel/Studio/7.0/Packs/atmel/ATmega_DFP/1.7.374/gcc/dev/atmega32/avr5/crtatmega32.o
 .text          0x00000000        0x0 APP/APP_MASTER_PROGRAM.o
 .data          0x00000000        0x0 APP/APP_MASTER_PROGRAM.o
 .bss           0x00000000        0x0 APP/APP_MASTER_PROGRAM.o
 .text.UARTReceiveFunction
                0x00000000        0x8 APP/APP_MASTER_PROGRAM.o
 .data.data     0x00000000        0x1 APP/APP_MASTER_PROGRAM.o
 .text          0x00000000        0x0 APP/TASK33_MASTER_main.o
 .data          0x00000000        0x0 APP/TASK33_MASTER_main.o
 .bss           0x00000000        0x0 APP/TASK33_MASTER_main.o
 .text          0x00000000        0x0 ECUAL/DCMOTOR_DRIVER/DCMOTOR_PROGRAM.o
 .data          0x00000000        0x0 ECUAL/DCMOTOR_DRIVER/DCMOTOR_PROGRAM.o
 .bss           0x00000000        0x0 ECUAL/DCMOTOR_DRIVER/DCMOTOR_PROGRAM.o
 .text.DCMOTOR_voidInit
                0x00000000       0x3e ECUAL/DCMOTOR_DRIVER/DCMOTOR_PROGRAM.o
 .text.DCMOTOR_voidStart
                0x00000000       0x4a ECUAL/DCMOTOR_DRIVER/DCMOTOR_PROGRAM.o
 .text.DCMOTOR_voidStop
                0x00000000       0x16 ECUAL/DCMOTOR_DRIVER/DCMOTOR_PROGRAM.o
 .text.DCMOTOR_voidControlSpeed
                0x00000000       0x20 ECUAL/DCMOTOR_DRIVER/DCMOTOR_PROGRAM.o
 .debug_info    0x00000000      0x36b ECUAL/DCMOTOR_DRIVER/DCMOTOR_PROGRAM.o
 .debug_abbrev  0x00000000       0xe6 ECUAL/DCMOTOR_DRIVER/DCMOTOR_PROGRAM.o
 .debug_loc     0x00000000       0xcb ECUAL/DCMOTOR_DRIVER/DCMOTOR_PROGRAM.o
 .debug_aranges
                0x00000000       0x38 ECUAL/DCMOTOR_DRIVER/DCMOTOR_PROGRAM.o
 .debug_ranges  0x00000000       0x28 ECUAL/DCMOTOR_DRIVER/DCMOTOR_PROGRAM.o
 .debug_line    0x00000000      0x20a ECUAL/DCMOTOR_DRIVER/DCMOTOR_PROGRAM.o
 .debug_str     0x00000000      0x2d5 ECUAL/DCMOTOR_DRIVER/DCMOTOR_PROGRAM.o
 .comment       0x00000000       0x31 ECUAL/DCMOTOR_DRIVER/DCMOTOR_PROGRAM.o
 .debug_frame   0x00000000       0x5c ECUAL/DCMOTOR_DRIVER/DCMOTOR_PROGRAM.o
 .text          0x00000000        0x0 ECUAL/KEYPAD_DRIVER/KEYPAD_PROGRAM.o
 .data          0x00000000        0x0 ECUAL/KEYPAD_DRIVER/KEYPAD_PROGRAM.o
 .bss           0x00000000        0x0 ECUAL/KEYPAD_DRIVER/KEYPAD_PROGRAM.o
 .text.KEYPAD_voidInit
                0x00000000       0x6c ECUAL/KEYPAD_DRIVER/KEYPAD_PROGRAM.o
 .text.KEYPAD_u8getPressedKey
                0x00000000       0xb8 ECUAL/KEYPAD_DRIVER/KEYPAD_PROGRAM.o
 .data.KPD_DATA
                0x00000000       0x10 ECUAL/KEYPAD_DRIVER/KEYPAD_PROGRAM.o
 .data.KPD_COL_PIN_VAL
                0x00000000        0x4 ECUAL/KEYPAD_DRIVER/KEYPAD_PROGRAM.o
 .data.KPD_COL_PORT_VAL
                0x00000000        0x4 ECUAL/KEYPAD_DRIVER/KEYPAD_PROGRAM.o
 .data.KPD_ROW_PIN_VAL
                0x00000000        0x4 ECUAL/KEYPAD_DRIVER/KEYPAD_PROGRAM.o
 .data.KPD_ROW_PORT_VAL
                0x00000000        0x4 ECUAL/KEYPAD_DRIVER/KEYPAD_PROGRAM.o
 .debug_info    0x00000000      0x24f ECUAL/KEYPAD_DRIVER/KEYPAD_PROGRAM.o
 .debug_abbrev  0x00000000      0x109 ECUAL/KEYPAD_DRIVER/KEYPAD_PROGRAM.o
 .debug_loc     0x00000000      0x1a7 ECUAL/KEYPAD_DRIVER/KEYPAD_PROGRAM.o
 .debug_aranges
                0x00000000       0x28 ECUAL/KEYPAD_DRIVER/KEYPAD_PROGRAM.o
 .debug_ranges  0x00000000       0x18 ECUAL/KEYPAD_DRIVER/KEYPAD_PROGRAM.o
 .debug_line    0x00000000      0x1bb ECUAL/KEYPAD_DRIVER/KEYPAD_PROGRAM.o
 .debug_str     0x00000000      0x2d0 ECUAL/KEYPAD_DRIVER/KEYPAD_PROGRAM.o
 .comment       0x00000000       0x31 ECUAL/KEYPAD_DRIVER/KEYPAD_PROGRAM.o
 .debug_frame   0x00000000       0x80 ECUAL/KEYPAD_DRIVER/KEYPAD_PROGRAM.o
 .text          0x00000000        0x0 ECUAL/LCD_DRIVER/LCD_PROGRAM.o
 .data          0x00000000        0x0 ECUAL/LCD_DRIVER/LCD_PROGRAM.o
 .bss           0x00000000        0x0 ECUAL/LCD_DRIVER/LCD_PROGRAM.o
 .text.LCD_voidClearScreen
                0x00000000        0x8 ECUAL/LCD_DRIVER/LCD_PROGRAM.o
 .text          0x00000000        0x0 ECUAL/LED_DRIVER/LED_PROGRAM.o
 .data          0x00000000        0x0 ECUAL/LED_DRIVER/LED_PROGRAM.o
 .bss           0x00000000        0x0 ECUAL/LED_DRIVER/LED_PROGRAM.o
 .text.LED_voidInit
                0x00000000       0x1a ECUAL/LED_DRIVER/LED_PROGRAM.o
 .text.LED_voidOn
                0x00000000       0x1a ECUAL/LED_DRIVER/LED_PROGRAM.o
 .text.LED_voidOff
                0x00000000       0x1a ECUAL/LED_DRIVER/LED_PROGRAM.o
 .text.LED_voidToggle
                0x00000000       0x18 ECUAL/LED_DRIVER/LED_PROGRAM.o
 .debug_info    0x00000000      0x28e ECUAL/LED_DRIVER/LED_PROGRAM.o
 .debug_abbrev  0x00000000       0xc7 ECUAL/LED_DRIVER/LED_PROGRAM.o
 .debug_loc     0x00000000      0x278 ECUAL/LED_DRIVER/LED_PROGRAM.o
 .debug_aranges
                0x00000000       0x38 ECUAL/LED_DRIVER/LED_PROGRAM.o
 .debug_ranges  0x00000000       0x28 ECUAL/LED_DRIVER/LED_PROGRAM.o
 .debug_line    0x00000000      0x1cc ECUAL/LED_DRIVER/LED_PROGRAM.o
 .debug_str     0x00000000      0x2c5 ECUAL/LED_DRIVER/LED_PROGRAM.o
 .comment       0x00000000       0x31 ECUAL/LED_DRIVER/LED_PROGRAM.o
 .debug_frame   0x00000000       0x54 ECUAL/LED_DRIVER/LED_PROGRAM.o
 .text          0x00000000        0x0 ECUAL/LM35_DRIVER/LM35_PROGRAM.o
 .data          0x00000000        0x0 ECUAL/LM35_DRIVER/LM35_PROGRAM.o
 .bss           0x00000000        0x0 ECUAL/LM35_DRIVER/LM35_PROGRAM.o
 .text.LM35_u8getTemperature
                0x00000000       0x16 ECUAL/LM35_DRIVER/LM35_PROGRAM.o
 .debug_info    0x00000000      0x15e ECUAL/LM35_DRIVER/LM35_PROGRAM.o
 .debug_abbrev  0x00000000      0x102 ECUAL/LM35_DRIVER/LM35_PROGRAM.o
 .debug_loc     0x00000000       0x46 ECUAL/LM35_DRIVER/LM35_PROGRAM.o
 .debug_aranges
                0x00000000       0x20 ECUAL/LM35_DRIVER/LM35_PROGRAM.o
 .debug_ranges  0x00000000       0x10 ECUAL/LM35_DRIVER/LM35_PROGRAM.o
 .debug_line    0x00000000      0x1b4 ECUAL/LM35_DRIVER/LM35_PROGRAM.o
 .debug_str     0x00000000      0x269 ECUAL/LM35_DRIVER/LM35_PROGRAM.o
 .comment       0x00000000       0x31 ECUAL/LM35_DRIVER/LM35_PROGRAM.o
 .debug_frame   0x00000000       0x24 ECUAL/LM35_DRIVER/LM35_PROGRAM.o
 .text          0x00000000        0x0 ECUAL/SERVO_DRIVER/SERVO_PROGRAM.o
 .data          0x00000000        0x0 ECUAL/SERVO_DRIVER/SERVO_PROGRAM.o
 .bss           0x00000000        0x0 ECUAL/SERVO_DRIVER/SERVO_PROGRAM.o
 .text.SERVO_voidInit
                0x00000000       0x12 ECUAL/SERVO_DRIVER/SERVO_PROGRAM.o
 .text.SERVO_voidAdjustAngle
                0x00000000       0x28 ECUAL/SERVO_DRIVER/SERVO_PROGRAM.o
 .text.mapServo
                0x00000000       0x26 ECUAL/SERVO_DRIVER/SERVO_PROGRAM.o
 .text.SERVO_CarDoor
                0x00000000       0x7a ECUAL/SERVO_DRIVER/SERVO_PROGRAM.o
 .bss.CMP_Value
                0x00000000        0x2 ECUAL/SERVO_DRIVER/SERVO_PROGRAM.o
 .bss.AngleValue
                0x00000000        0x2 ECUAL/SERVO_DRIVER/SERVO_PROGRAM.o
 .bss.ADC_Result
                0x00000000        0x2 ECUAL/SERVO_DRIVER/SERVO_PROGRAM.o
 .bss.Mapping   0x00000000        0x1 ECUAL/SERVO_DRIVER/SERVO_PROGRAM.o
 .debug_info    0x00000000      0x418 ECUAL/SERVO_DRIVER/SERVO_PROGRAM.o
 .debug_abbrev  0x00000000      0x188 ECUAL/SERVO_DRIVER/SERVO_PROGRAM.o
 .debug_loc     0x00000000      0x214 ECUAL/SERVO_DRIVER/SERVO_PROGRAM.o
 .debug_aranges
                0x00000000       0x38 ECUAL/SERVO_DRIVER/SERVO_PROGRAM.o
 .debug_ranges  0x00000000       0x28 ECUAL/SERVO_DRIVER/SERVO_PROGRAM.o
 .debug_line    0x00000000      0x317 ECUAL/SERVO_DRIVER/SERVO_PROGRAM.o
 .debug_str     0x00000000      0x39f ECUAL/SERVO_DRIVER/SERVO_PROGRAM.o
 .comment       0x00000000       0x31 ECUAL/SERVO_DRIVER/SERVO_PROGRAM.o
 .debug_frame   0x00000000       0x64 ECUAL/SERVO_DRIVER/SERVO_PROGRAM.o
 .text          0x00000000        0x0 ECUAL/SEVEN-SEGMENT_DRIVER/SEGMENT_PROGRAM.o
 .data          0x00000000        0x0 ECUAL/SEVEN-SEGMENT_DRIVER/SEGMENT_PROGRAM.o
 .bss           0x00000000        0x0 ECUAL/SEVEN-SEGMENT_DRIVER/SEGMENT_PROGRAM.o
 .text.SEGMENT_voidInit
                0x00000000       0x4e ECUAL/SEVEN-SEGMENT_DRIVER/SEGMENT_PROGRAM.o
 .text.SEGMENT_voidDisplay
                0x00000000      0x1ce ECUAL/SEVEN-SEGMENT_DRIVER/SEGMENT_PROGRAM.o
 .progmem.gcc_sw_table.SEGMENT_voidDisplay
                0x00000000       0x14 ECUAL/SEVEN-SEGMENT_DRIVER/SEGMENT_PROGRAM.o
 .debug_info    0x00000000      0x689 ECUAL/SEVEN-SEGMENT_DRIVER/SEGMENT_PROGRAM.o
 .debug_abbrev  0x00000000       0xd4 ECUAL/SEVEN-SEGMENT_DRIVER/SEGMENT_PROGRAM.o
 .debug_loc     0x00000000      0x358 ECUAL/SEVEN-SEGMENT_DRIVER/SEGMENT_PROGRAM.o
 .debug_aranges
                0x00000000       0x28 ECUAL/SEVEN-SEGMENT_DRIVER/SEGMENT_PROGRAM.o
 .debug_ranges  0x00000000       0x18 ECUAL/SEVEN-SEGMENT_DRIVER/SEGMENT_PROGRAM.o
 .debug_line    0x00000000      0x2ee ECUAL/SEVEN-SEGMENT_DRIVER/SEGMENT_PROGRAM.o
 .debug_str     0x00000000      0x2c4 ECUAL/SEVEN-SEGMENT_DRIVER/SEGMENT_PROGRAM.o
 .comment       0x00000000       0x31 ECUAL/SEVEN-SEGMENT_DRIVER/SEGMENT_PROGRAM.o
 .debug_frame   0x00000000       0x44 ECUAL/SEVEN-SEGMENT_DRIVER/SEGMENT_PROGRAM.o
 .text          0x00000000        0x0 MCAL/ADC_DRIVER/ADC_PROGRAM.o
 .data          0x00000000        0x0 MCAL/ADC_DRIVER/ADC_PROGRAM.o
 .bss           0x00000000        0x0 MCAL/ADC_DRIVER/ADC_PROGRAM.o
 .text.ADC_voidStartConversionISR
                0x00000000       0x18 MCAL/ADC_DRIVER/ADC_PROGRAM.o
 .text.ADC_CallBackFunction
                0x00000000        0xa MCAL/ADC_DRIVER/ADC_PROGRAM.o
 .text          0x00000000        0x0 MCAL/EXT_INTERRUPT_DRIVER/EXT_INTERRUPT_PROGRAM.o
 .data          0x00000000        0x0 MCAL/EXT_INTERRUPT_DRIVER/EXT_INTERRUPT_PROGRAM.o
 .bss           0x00000000        0x0 MCAL/EXT_INTERRUPT_DRIVER/EXT_INTERRUPT_PROGRAM.o
 .text.EXTINT_voidSetSenseINTx
                0x00000000       0xb8 MCAL/EXT_INTERRUPT_DRIVER/EXT_INTERRUPT_PROGRAM.o
 .text.EXTINT_voidEnableINTx
                0x00000000       0x4c MCAL/EXT_INTERRUPT_DRIVER/EXT_INTERRUPT_PROGRAM.o
 .text.EXTINT_voidDisableINTx
                0x00000000       0x2c MCAL/EXT_INTERRUPT_DRIVER/EXT_INTERRUPT_PROGRAM.o
 .text          0x00000000        0x0 MCAL/GLOBAL_INTERRUPT_DRIVER/GLOBAL_INTERRUPT_PROGRAM.o
 .data          0x00000000        0x0 MCAL/GLOBAL_INTERRUPT_DRIVER/GLOBAL_INTERRUPT_PROGRAM.o
 .bss           0x00000000        0x0 MCAL/GLOBAL_INTERRUPT_DRIVER/GLOBAL_INTERRUPT_PROGRAM.o
 .text.GLOBINT_voidSetDisableFlag
                0x00000000        0x8 MCAL/GLOBAL_INTERRUPT_DRIVER/GLOBAL_INTERRUPT_PROGRAM.o
 .text          0x00000000        0x0 MCAL/GPIO_DRIVER/GPIO_PROGRAM.o
 .data          0x00000000        0x0 MCAL/GPIO_DRIVER/GPIO_PROGRAM.o
 .bss           0x00000000        0x0 MCAL/GPIO_DRIVER/GPIO_PROGRAM.o
 .text.GPIO_u8GetPinValue
                0x00000000       0x8c MCAL/GPIO_DRIVER/GPIO_PROGRAM.o
 .text.GPIO_voidTogglePin
                0x00000000       0x84 MCAL/GPIO_DRIVER/GPIO_PROGRAM.o
 .text.GPIO_voidSetPortDirection
                0x00000000       0x40 MCAL/GPIO_DRIVER/GPIO_PROGRAM.o
 .text.GPIO_voidSetPortValue
                0x00000000       0x34 MCAL/GPIO_DRIVER/GPIO_PROGRAM.o
 .text.GPIO_u8GetPortValue
                0x00000000       0x2c MCAL/GPIO_DRIVER/GPIO_PROGRAM.o
 .text          0x00000000        0x0 MCAL/SPI_DRIVER/SPI_PROGRAM.o
 .data          0x00000000        0x0 MCAL/SPI_DRIVER/SPI_PROGRAM.o
 .bss           0x00000000        0x0 MCAL/SPI_DRIVER/SPI_PROGRAM.o
 .text.SPI_voidInitialization_Slave
                0x00000000       0x58 MCAL/SPI_DRIVER/SPI_PROGRAM.o
 .text.SPI_u8SendReceiveByte_Polling
                0x00000000        0xa MCAL/SPI_DRIVER/SPI_PROGRAM.o
 .text.SPI_u8SendByte_ISR
                0x00000000        0x4 MCAL/SPI_DRIVER/SPI_PROGRAM.o
 .text.SPI_u8ReceiveByte_Polling
                0x00000000        0xc MCAL/SPI_DRIVER/SPI_PROGRAM.o
 .text.SPI_u8ReceiveByte_ISR
                0x00000000        0x4 MCAL/SPI_DRIVER/SPI_PROGRAM.o
 .text.SPI_voidSendString_Polling
                0x00000000       0x26 MCAL/SPI_DRIVER/SPI_PROGRAM.o
 .text.SPI_voidReceiveString
                0x00000000       0x42 MCAL/SPI_DRIVER/SPI_PROGRAM.o
 .text.SPI_CallBackFunction
                0x00000000        0xa MCAL/SPI_DRIVER/SPI_PROGRAM.o
 .text          0x00000000        0x0 MCAL/TIMERS_DRIVER/TIMER0_DRIVER/TIMER0_PROGRAM.o
 .data          0x00000000        0x0 MCAL/TIMERS_DRIVER/TIMER0_DRIVER/TIMER0_PROGRAM.o
 .bss           0x00000000        0x0 MCAL/TIMERS_DRIVER/TIMER0_DRIVER/TIMER0_PROGRAM.o
 .text.TIMER0_INITIALIZATION
                0x00000000       0x1c MCAL/TIMERS_DRIVER/TIMER0_DRIVER/TIMER0_PROGRAM.o
 .text.TIMER0_START
                0x00000000        0xa MCAL/TIMERS_DRIVER/TIMER0_DRIVER/TIMER0_PROGRAM.o
 .text.TIMER0_STOP
                0x00000000        0x8 MCAL/TIMERS_DRIVER/TIMER0_DRIVER/TIMER0_PROGRAM.o
 .text.TIMER0_setPreload
                0x00000000        0x4 MCAL/TIMERS_DRIVER/TIMER0_DRIVER/TIMER0_PROGRAM.o
 .text.TIMER0_getTime
                0x00000000        0x4 MCAL/TIMERS_DRIVER/TIMER0_DRIVER/TIMER0_PROGRAM.o
 .text.TIMER0_voidSetDutyCycle_FASTPWM
                0x00000000       0x38 MCAL/TIMERS_DRIVER/TIMER0_DRIVER/TIMER0_PROGRAM.o
 .text.DutyCycle_ADC_Mapping
                0x00000000       0x1c MCAL/TIMERS_DRIVER/TIMER0_DRIVER/TIMER0_PROGRAM.o
 .text.TIMER0_setDelay_ms_CTC
                0x00000000       0x30 MCAL/TIMERS_DRIVER/TIMER0_DRIVER/TIMER0_PROGRAM.o
 .text.TIMER0_setDelay_ms_CTC_ISR
                0x00000000        0x6 MCAL/TIMERS_DRIVER/TIMER0_DRIVER/TIMER0_PROGRAM.o
 .text.TIMER0_setDelay_ms_OVF
                0x00000000       0x6a MCAL/TIMERS_DRIVER/TIMER0_DRIVER/TIMER0_PROGRAM.o
 .text.TIMER0_CallBackFunction_COMP
                0x00000000        0xa MCAL/TIMERS_DRIVER/TIMER0_DRIVER/TIMER0_PROGRAM.o
 .text.TIMER0_CallBackFunction_OVF
                0x00000000        0xa MCAL/TIMERS_DRIVER/TIMER0_DRIVER/TIMER0_PROGRAM.o
 .bss.overFlowCounter.1842
                0x00000000        0x1 MCAL/TIMERS_DRIVER/TIMER0_DRIVER/TIMER0_PROGRAM.o
 .bss.overFlowCounter.1824
                0x00000000        0x1 MCAL/TIMERS_DRIVER/TIMER0_DRIVER/TIMER0_PROGRAM.o
 .text          0x00000000        0x0 MCAL/TIMERS_DRIVER/TIMER1_DRIVER/TIMER1_PROGRAM.o
 .data          0x00000000        0x0 MCAL/TIMERS_DRIVER/TIMER1_DRIVER/TIMER1_PROGRAM.o
 .bss           0x00000000        0x0 MCAL/TIMERS_DRIVER/TIMER1_DRIVER/TIMER1_PROGRAM.o
 .text.TIMER1_Initialization
                0x00000000       0x3c MCAL/TIMERS_DRIVER/TIMER1_DRIVER/TIMER1_PROGRAM.o
 .text.TIMER1_voidStart
                0x00000000        0x2 MCAL/TIMERS_DRIVER/TIMER1_DRIVER/TIMER1_PROGRAM.o
 .text.TIMER1_voidStop
                0x00000000        0x8 MCAL/TIMERS_DRIVER/TIMER1_DRIVER/TIMER1_PROGRAM.o
 .text.TIMER1_voidSetPreload
                0x00000000        0x8 MCAL/TIMERS_DRIVER/TIMER1_DRIVER/TIMER1_PROGRAM.o
 .text.TIMER1_u16GetTime
                0x00000000        0x6 MCAL/TIMERS_DRIVER/TIMER1_DRIVER/TIMER1_PROGRAM.o
 .text.TIMER1A_SetCOMPAREMATCH_FASTPWM
                0x00000000       0x1e MCAL/TIMERS_DRIVER/TIMER1_DRIVER/TIMER1_PROGRAM.o
 .text.TIMER1A_SetTop_FASTPWM
                0x00000000        0x6 MCAL/TIMERS_DRIVER/TIMER1_DRIVER/TIMER1_PROGRAM.o
 .text.TIMER1A_SetDutyCycle_FASTPWM
                0x00000000       0x38 MCAL/TIMERS_DRIVER/TIMER1_DRIVER/TIMER1_PROGRAM.o
 .text.TIMER1B_SetDutyCycle_FASTPWM
                0x00000000       0x38 MCAL/TIMERS_DRIVER/TIMER1_DRIVER/TIMER1_PROGRAM.o
 .text.TIMER1A_setDelay_ms_CTC
                0x00000000       0x34 MCAL/TIMERS_DRIVER/TIMER1_DRIVER/TIMER1_PROGRAM.o
 .text.TIMER1B_setDelay_ms_CTC
                0x00000000       0x34 MCAL/TIMERS_DRIVER/TIMER1_DRIVER/TIMER1_PROGRAM.o
 .text.TIMER1_setDelay_ms_OVF
                0x00000000       0x6a MCAL/TIMERS_DRIVER/TIMER1_DRIVER/TIMER1_PROGRAM.o
 .text.TIMER1_CallBackFunction_CAPT
                0x00000000        0xa MCAL/TIMERS_DRIVER/TIMER1_DRIVER/TIMER1_PROGRAM.o
 .text.TIMER1_CallBackFunction_COMPA
                0x00000000        0xa MCAL/TIMERS_DRIVER/TIMER1_DRIVER/TIMER1_PROGRAM.o
 .text.TIMER1_CallBackFunction_COMPB
                0x00000000        0xa MCAL/TIMERS_DRIVER/TIMER1_DRIVER/TIMER1_PROGRAM.o
 .text.TIMER1_CallBackFunction_OVF
                0x00000000        0xa MCAL/TIMERS_DRIVER/TIMER1_DRIVER/TIMER1_PROGRAM.o
 .bss.overFlowCounter.1862
                0x00000000        0x1 MCAL/TIMERS_DRIVER/TIMER1_DRIVER/TIMER1_PROGRAM.o
 .bss.overFlowCounter.1849
                0x00000000        0x1 MCAL/TIMERS_DRIVER/TIMER1_DRIVER/TIMER1_PROGRAM.o
 .bss.overFlowCounter.1837
                0x00000000        0x1 MCAL/TIMERS_DRIVER/TIMER1_DRIVER/TIMER1_PROGRAM.o
 .text          0x00000000        0x0 MCAL/UART_DRIVER/UART_PROGRAM.o
 .data          0x00000000        0x0 MCAL/UART_DRIVER/UART_PROGRAM.o
 .bss           0x00000000        0x0 MCAL/UART_DRIVER/UART_PROGRAM.o
 .text.UART_voidSendByte_Polling
                0x00000000        0x8 MCAL/UART_DRIVER/UART_PROGRAM.o
 .text.UART_voidReceiveByte_Polling
                0x00000000        0x8 MCAL/UART_DRIVER/UART_PROGRAM.o
 .text.UART_voidSendString
                0x00000000       0x26 MCAL/UART_DRIVER/UART_PROGRAM.o
 .text.UART_voidReceiveString
                0x00000000       0x42 MCAL/UART_DRIVER/UART_PROGRAM.o
 .text.UART_CallBackFunction_RXC
                0x00000000        0xa MCAL/UART_DRIVER/UART_PROGRAM.o
 .text.UART_CallBackFunction_UDRE
                0x00000000        0xa MCAL/UART_DRIVER/UART_PROGRAM.o
 .text.UART_CallBackFunction_TXC
                0x00000000        0xa MCAL/UART_DRIVER/UART_PROGRAM.o
 .text          0x00000000        0x0 c:/program files (x86)/atmel/studio/7.0/toolchain/avr8/avr8-gnu-toolchain/bin/../lib/gcc/avr/5.4.0/../../../../avr/lib/avr5\libm.a(ceil.o)
 .data          0x00000000        0x0 c:/program files (x86)/atmel/studio/7.0/toolchain/avr8/avr8-gnu-toolchain/bin/../lib/gcc/avr/5.4.0/../../../../avr/lib/avr5\libm.a(ceil.o)
 .bss           0x00000000        0x0 c:/program files (x86)/atmel/studio/7.0/toolchain/avr8/avr8-gnu-toolchain/bin/../lib/gcc/avr/5.4.0/../../../../avr/lib/avr5\libm.a(ceil.o)
 .text.avr-libc.fplib
                0x00000000       0x2e c:/program files (x86)/atmel/studio/7.0/toolchain/avr8/avr8-gnu-toolchain/bin/../lib/gcc/avr/5.4.0/../../../../avr/lib/avr5\libm.a(ceil.o)
 .text          0x00000000        0x0 c:/program files (x86)/atmel/studio/7.0/toolchain/avr8/avr8-gnu-toolchain/bin/../lib/gcc/avr/5.4.0/../../../../avr/lib/avr5\libm.a(cmpsf2.o)
 .data          0x00000000        0x0 c:/program files (x86)/atmel/studio/7.0/toolchain/avr8/avr8-gnu-toolchain/bin/../lib/gcc/avr/5.4.0/../../../../avr/lib/avr5\libm.a(cmpsf2.o)
 .bss           0x00000000        0x0 c:/program files (x86)/atmel/studio/7.0/toolchain/avr8/avr8-gnu-toolchain/bin/../lib/gcc/avr/5.4.0/../../../../avr/lib/avr5\libm.a(cmpsf2.o)
 .text.avr-libc.fplib
                0x00000000        0xa c:/program files (x86)/atmel/studio/7.0/toolchain/avr8/avr8-gnu-toolchain/bin/../lib/gcc/avr/5.4.0/../../../../avr/lib/avr5\libm.a(cmpsf2.o)
 .text          0x00000000        0x0 c:/program files (x86)/atmel/studio/7.0/toolchain/avr8/avr8-gnu-toolchain/bin/../lib/gcc/avr/5.4.0/../../../../avr/lib/avr5\libm.a(divsf3.o)
 .data          0x00000000        0x0 c:/program files (x86)/atmel/studio/7.0/toolchain/avr8/avr8-gnu-toolchain/bin/../lib/gcc/avr/5.4.0/../../../../avr/lib/avr5\libm.a(divsf3.o)
 .bss           0x00000000        0x0 c:/program files (x86)/atmel/studio/7.0/toolchain/avr8/avr8-gnu-toolchain/bin/../lib/gcc/avr/5.4.0/../../../../avr/lib/avr5\libm.a(divsf3.o)
 .text.avr-libc.fplib
                0x00000000        0x8 c:/program files (x86)/atmel/studio/7.0/toolchain/avr8/avr8-gnu-toolchain/bin/../lib/gcc/avr/5.4.0/../../../../avr/lib/avr5\libm.a(divsf3.o)
 .text          0x00000000        0x0 c:/program files (x86)/atmel/studio/7.0/toolchain/avr8/avr8-gnu-toolchain/bin/../lib/gcc/avr/5.4.0/../../../../avr/lib/avr5\libm.a(divsf3x.o)
 .data          0x00000000        0x0 c:/program files (x86)/atmel/studio/7.0/toolchain/avr8/avr8-gnu-toolchain/bin/../lib/gcc/avr/5.4.0/../../../../avr/lib/avr5\libm.a(divsf3x.o)
 .bss           0x00000000        0x0 c:/program files (x86)/atmel/studio/7.0/toolchain/avr8/avr8-gnu-toolchain/bin/../lib/gcc/avr/5.4.0/../../../../avr/lib/avr5\libm.a(divsf3x.o)
 .text.avr-libc.fplib
                0x00000000       0xdc c:/program files (x86)/atmel/studio/7.0/toolchain/avr8/avr8-gnu-toolchain/bin/../lib/gcc/avr/5.4.0/../../../../avr/lib/avr5\libm.a(divsf3x.o)
 .text          0x00000000        0x0 c:/program files (x86)/atmel/studio/7.0/toolchain/avr8/avr8-gnu-toolchain/bin/../lib/gcc/avr/5.4.0/../../../../avr/lib/avr5\libm.a(floatsisf.o)
 .data          0x00000000        0x0 c:/program files (x86)/atmel/studio/7.0/toolchain/avr8/avr8-gnu-toolchain/bin/../lib/gcc/avr/5.4.0/../../../../avr/lib/avr5\libm.a(floatsisf.o)
 .bss           0x00000000        0x0 c:/program files (x86)/atmel/studio/7.0/toolchain/avr8/avr8-gnu-toolchain/bin/../lib/gcc/avr/5.4.0/../../../../avr/lib/avr5\libm.a(floatsisf.o)
 .text.avr-libc.fplib
                0x00000000       0x7a c:/program files (x86)/atmel/studio/7.0/toolchain/avr8/avr8-gnu-toolchain/bin/../lib/gcc/avr/5.4.0/../../../../avr/lib/avr5\libm.a(floatsisf.o)
 .text          0x00000000        0x0 c:/program files (x86)/atmel/studio/7.0/toolchain/avr8/avr8-gnu-toolchain/bin/../lib/gcc/avr/5.4.0/../../../../avr/lib/avr5\libm.a(fp_cmp.o)
 .data          0x00000000        0x0 c:/program files (x86)/atmel/studio/7.0/toolchain/avr8/avr8-gnu-toolchain/bin/../lib/gcc/avr/5.4.0/../../../../avr/lib/avr5\libm.a(fp_cmp.o)
 .bss           0x00000000        0x0 c:/program files (x86)/atmel/studio/7.0/toolchain/avr8/avr8-gnu-toolchain/bin/../lib/gcc/avr/5.4.0/../../../../avr/lib/avr5\libm.a(fp_cmp.o)
 .text.avr-libc.fplib
                0x00000000       0x48 c:/program files (x86)/atmel/studio/7.0/toolchain/avr8/avr8-gnu-toolchain/bin/../lib/gcc/avr/5.4.0/../../../../avr/lib/avr5\libm.a(fp_cmp.o)
 .text          0x00000000        0x0 c:/program files (x86)/atmel/studio/7.0/toolchain/avr8/avr8-gnu-toolchain/bin/../lib/gcc/avr/5.4.0/../../../../avr/lib/avr5\libm.a(fp_inf.o)
 .data          0x00000000        0x0 c:/program files (x86)/atmel/studio/7.0/toolchain/avr8/avr8-gnu-toolchain/bin/../lib/gcc/avr/5.4.0/../../../../avr/lib/avr5\libm.a(fp_inf.o)
 .bss           0x00000000        0x0 c:/program files (x86)/atmel/studio/7.0/toolchain/avr8/avr8-gnu-toolchain/bin/../lib/gcc/avr/5.4.0/../../../../avr/lib/avr5\libm.a(fp_inf.o)
 .text.avr-libc.fplib
                0x00000000        0xc c:/program files (x86)/atmel/studio/7.0/toolchain/avr8/avr8-gnu-toolchain/bin/../lib/gcc/avr/5.4.0/../../../../avr/lib/avr5\libm.a(fp_inf.o)
 .text          0x00000000        0x0 c:/program files (x86)/atmel/studio/7.0/toolchain/avr8/avr8-gnu-toolchain/bin/../lib/gcc/avr/5.4.0/../../../../avr/lib/avr5\libm.a(fp_mintl.o)
 .data          0x00000000        0x0 c:/program files (x86)/atmel/studio/7.0/toolchain/avr8/avr8-gnu-toolchain/bin/../lib/gcc/avr/5.4.0/../../../../avr/lib/avr5\libm.a(fp_mintl.o)
 .bss           0x00000000        0x0 c:/program files (x86)/atmel/studio/7.0/toolchain/avr8/avr8-gnu-toolchain/bin/../lib/gcc/avr/5.4.0/../../../../avr/lib/avr5\libm.a(fp_mintl.o)
 .text.avr-libc.fplib
                0x00000000       0x36 c:/program files (x86)/atmel/studio/7.0/toolchain/avr8/avr8-gnu-toolchain/bin/../lib/gcc/avr/5.4.0/../../../../avr/lib/avr5\libm.a(fp_mintl.o)
 .text          0x00000000        0x0 c:/program files (x86)/atmel/studio/7.0/toolchain/avr8/avr8-gnu-toolchain/bin/../lib/gcc/avr/5.4.0/../../../../avr/lib/avr5\libm.a(fp_mpack.o)
 .data          0x00000000        0x0 c:/program files (x86)/atmel/studio/7.0/toolchain/avr8/avr8-gnu-toolchain/bin/../lib/gcc/avr/5.4.0/../../../../avr/lib/avr5\libm.a(fp_mpack.o)
 .bss           0x00000000        0x0 c:/program files (x86)/atmel/studio/7.0/toolchain/avr8/avr8-gnu-toolchain/bin/../lib/gcc/avr/5.4.0/../../../../avr/lib/avr5\libm.a(fp_mpack.o)
 .text.avr-libc.fplib
                0x00000000       0x1c c:/program files (x86)/atmel/studio/7.0/toolchain/avr8/avr8-gnu-toolchain/bin/../lib/gcc/avr/5.4.0/../../../../avr/lib/avr5\libm.a(fp_mpack.o)
 .text          0x00000000        0x0 c:/program files (x86)/atmel/studio/7.0/toolchain/avr8/avr8-gnu-toolchain/bin/../lib/gcc/avr/5.4.0/../../../../avr/lib/avr5\libm.a(fp_nan.o)
 .data          0x00000000        0x0 c:/program files (x86)/atmel/studio/7.0/toolchain/avr8/avr8-gnu-toolchain/bin/../lib/gcc/avr/5.4.0/../../../../avr/lib/avr5\libm.a(fp_nan.o)
 .bss           0x00000000        0x0 c:/program files (x86)/atmel/studio/7.0/toolchain/avr8/avr8-gnu-toolchain/bin/../lib/gcc/avr/5.4.0/../../../../avr/lib/avr5\libm.a(fp_nan.o)
 .text.avr-libc.fplib
                0x00000000        0x6 c:/program files (x86)/atmel/studio/7.0/toolchain/avr8/avr8-gnu-toolchain/bin/../lib/gcc/avr/5.4.0/../../../../avr/lib/avr5\libm.a(fp_nan.o)
 .text          0x00000000        0x0 c:/program files (x86)/atmel/studio/7.0/toolchain/avr8/avr8-gnu-toolchain/bin/../lib/gcc/avr/5.4.0/../../../../avr/lib/avr5\libm.a(fp_pscA.o)
 .data          0x00000000        0x0 c:/program files (x86)/atmel/studio/7.0/toolchain/avr8/avr8-gnu-toolchain/bin/../lib/gcc/avr/5.4.0/../../../../avr/lib/avr5\libm.a(fp_pscA.o)
 .bss           0x00000000        0x0 c:/program files (x86)/atmel/studio/7.0/toolchain/avr8/avr8-gnu-toolchain/bin/../lib/gcc/avr/5.4.0/../../../../avr/lib/avr5\libm.a(fp_pscA.o)
 .text.avr-libc.fplib
                0x00000000        0xe c:/program files (x86)/atmel/studio/7.0/toolchain/avr8/avr8-gnu-toolchain/bin/../lib/gcc/avr/5.4.0/../../../../avr/lib/avr5\libm.a(fp_pscA.o)
 .text          0x00000000        0x0 c:/program files (x86)/atmel/studio/7.0/toolchain/avr8/avr8-gnu-toolchain/bin/../lib/gcc/avr/5.4.0/../../../../avr/lib/avr5\libm.a(fp_pscB.o)
 .data          0x00000000        0x0 c:/program files (x86)/atmel/studio/7.0/toolchain/avr8/avr8-gnu-toolchain/bin/../lib/gcc/avr/5.4.0/../../../../avr/lib/avr5\libm.a(fp_pscB.o)
 .bss           0x00000000        0x0 c:/program files (x86)/atmel/studio/7.0/toolchain/avr8/avr8-gnu-toolchain/bin/../lib/gcc/avr/5.4.0/../../../../avr/lib/avr5\libm.a(fp_pscB.o)
 .text.avr-libc.fplib
                0x00000000        0xe c:/program files (x86)/atmel/studio/7.0/toolchain/avr8/avr8-gnu-toolchain/bin/../lib/gcc/avr/5.4.0/../../../../avr/lib/avr5\libm.a(fp_pscB.o)
 .text          0x00000000        0x0 c:/program files (x86)/atmel/studio/7.0/toolchain/avr8/avr8-gnu-toolchain/bin/../lib/gcc/avr/5.4.0/../../../../avr/lib/avr5\libm.a(fp_round.o)
 .data          0x00000000        0x0 c:/program files (x86)/atmel/studio/7.0/toolchain/avr8/avr8-gnu-toolchain/bin/../lib/gcc/avr/5.4.0/../../../../avr/lib/avr5\libm.a(fp_round.o)
 .bss           0x00000000        0x0 c:/program files (x86)/atmel/studio/7.0/toolchain/avr8/avr8-gnu-toolchain/bin/../lib/gcc/avr/5.4.0/../../../../avr/lib/avr5\libm.a(fp_round.o)
 .text.avr-libc.fplib
                0x00000000       0x22 c:/program files (x86)/atmel/studio/7.0/toolchain/avr8/avr8-gnu-toolchain/bin/../lib/gcc/avr/5.4.0/../../../../avr/lib/avr5\libm.a(fp_round.o)
 .text          0x00000000        0x0 c:/program files (x86)/atmel/studio/7.0/toolchain/avr8/avr8-gnu-toolchain/bin/../lib/gcc/avr/5.4.0/../../../../avr/lib/avr5\libm.a(fp_split3.o)
 .data          0x00000000        0x0 c:/program files (x86)/atmel/studio/7.0/toolchain/avr8/avr8-gnu-toolchain/bin/../lib/gcc/avr/5.4.0/../../../../avr/lib/avr5\libm.a(fp_split3.o)
 .bss           0x00000000        0x0 c:/program files (x86)/atmel/studio/7.0/toolchain/avr8/avr8-gnu-toolchain/bin/../lib/gcc/avr/5.4.0/../../../../avr/lib/avr5\libm.a(fp_split3.o)
 .text.avr-libc.fplib
                0x00000000       0x44 c:/program files (x86)/atmel/studio/7.0/toolchain/avr8/avr8-gnu-toolchain/bin/../lib/gcc/avr/5.4.0/../../../../avr/lib/avr5\libm.a(fp_split3.o)
 .text          0x00000000        0x0 c:/program files (x86)/atmel/studio/7.0/toolchain/avr8/avr8-gnu-toolchain/bin/../lib/gcc/avr/5.4.0/../../../../avr/lib/avr5\libm.a(fp_trunc.o)
 .data          0x00000000        0x0 c:/program files (x86)/atmel/studio/7.0/toolchain/avr8/avr8-gnu-toolchain/bin/../lib/gcc/avr/5.4.0/../../../../avr/lib/avr5\libm.a(fp_trunc.o)
 .bss           0x00000000        0x0 c:/program files (x86)/atmel/studio/7.0/toolchain/avr8/avr8-gnu-toolchain/bin/../lib/gcc/avr/5.4.0/../../../../avr/lib/avr5\libm.a(fp_trunc.o)
 .text.avr-libc.fplib
                0x00000000       0x30 c:/program files (x86)/atmel/studio/7.0/toolchain/avr8/avr8-gnu-toolchain/bin/../lib/gcc/avr/5.4.0/../../../../avr/lib/avr5\libm.a(fp_trunc.o)
 .text          0x00000000        0x0 c:/program files (x86)/atmel/studio/7.0/toolchain/avr8/avr8-gnu-toolchain/bin/../lib/gcc/avr/5.4.0/../../../../avr/lib/avr5\libm.a(fp_zero.o)
 .data          0x00000000        0x0 c:/program files (x86)/atmel/studio/7.0/toolchain/avr8/avr8-gnu-toolchain/bin/../lib/gcc/avr/5.4.0/../../../../avr/lib/avr5\libm.a(fp_zero.o)
 .bss           0x00000000        0x0 c:/program files (x86)/atmel/studio/7.0/toolchain/avr8/avr8-gnu-toolchain/bin/../lib/gcc/avr/5.4.0/../../../../avr/lib/avr5\libm.a(fp_zero.o)
 .text.avr-libc.fplib
                0x00000000        0xe c:/program files (x86)/atmel/studio/7.0/toolchain/avr8/avr8-gnu-toolchain/bin/../lib/gcc/avr/5.4.0/../../../../avr/lib/avr5\libm.a(fp_zero.o)
 .text          0x00000000        0x0 c:/program files (x86)/atmel/studio/7.0/toolchain/avr8/avr8-gnu-toolchain/bin/../lib/gcc/avr/5.4.0/avr5\libgcc.a(_udivmodsi4.o)
 .data          0x00000000        0x0 c:/program files (x86)/atmel/studio/7.0/toolchain/avr8/avr8-gnu-toolchain/bin/../lib/gcc/avr/5.4.0/avr5\libgcc.a(_udivmodsi4.o)
 .bss           0x00000000        0x0 c:/program files (x86)/atmel/studio/7.0/toolchain/avr8/avr8-gnu-toolchain/bin/../lib/gcc/avr/5.4.0/avr5\libgcc.a(_udivmodsi4.o)
 .text.libgcc.mul
                0x00000000        0x0 c:/program files (x86)/atmel/studio/7.0/toolchain/avr8/avr8-gnu-toolchain/bin/../lib/gcc/avr/5.4.0/avr5\libgcc.a(_udivmodsi4.o)
 .text.libgcc   0x00000000        0x0 c:/program files (x86)/atmel/studio/7.0/toolchain/avr8/avr8-gnu-toolchain/bin/../lib/gcc/avr/5.4.0/avr5\libgcc.a(_udivmodsi4.o)
 .text.libgcc.prologue
                0x00000000        0x0 c:/program files (x86)/atmel/studio/7.0/toolchain/avr8/avr8-gnu-toolchain/bin/../lib/gcc/avr/5.4.0/avr5\libgcc.a(_udivmodsi4.o)
 .text.libgcc.builtins
                0x00000000        0x0 c:/program files (x86)/atmel/studio/7.0/toolchain/avr8/avr8-gnu-toolchain/bin/../lib/gcc/avr/5.4.0/avr5\libgcc.a(_udivmodsi4.o)
 .text.libgcc.fmul
                0x00000000        0x0 c:/program files (x86)/atmel/studio/7.0/toolchain/avr8/avr8-gnu-toolchain/bin/../lib/gcc/avr/5.4.0/avr5\libgcc.a(_udivmodsi4.o)
 .text.libgcc.fixed
                0x00000000        0x0 c:/program files (x86)/atmel/studio/7.0/toolchain/avr8/avr8-gnu-toolchain/bin/../lib/gcc/avr/5.4.0/avr5\libgcc.a(_udivmodsi4.o)
 .text          0x00000000        0x0 c:/program files (x86)/atmel/studio/7.0/toolchain/avr8/avr8-gnu-toolchain/bin/../lib/gcc/avr/5.4.0/avr5\libgcc.a(_exit.o)
 .data          0x00000000        0x0 c:/program files (x86)/atmel/studio/7.0/toolchain/avr8/avr8-gnu-toolchain/bin/../lib/gcc/avr/5.4.0/avr5\libgcc.a(_exit.o)
 .bss           0x00000000        0x0 c:/program files (x86)/atmel/studio/7.0/toolchain/avr8/avr8-gnu-toolchain/bin/../lib/gcc/avr/5.4.0/avr5\libgcc.a(_exit.o)
 .text.libgcc.mul
                0x00000000        0x0 c:/program files (x86)/atmel/studio/7.0/toolchain/avr8/avr8-gnu-toolchain/bin/../lib/gcc/avr/5.4.0/avr5\libgcc.a(_exit.o)
 .text.libgcc.div
                0x00000000        0x0 c:/program files (x86)/atmel/studio/7.0/toolchain/avr8/avr8-gnu-toolchain/bin/../lib/gcc/avr/5.4.0/avr5\libgcc.a(_exit.o)
 .text.libgcc   0x00000000        0x0 c:/program files (x86)/atmel/studio/7.0/toolchain/avr8/avr8-gnu-toolchain/bin/../lib/gcc/avr/5.4.0/avr5\libgcc.a(_exit.o)
 .text.libgcc.prologue
                0x00000000        0x0 c:/program files (x86)/atmel/studio/7.0/toolchain/avr8/avr8-gnu-toolchain/bin/../lib/gcc/avr/5.4.0/avr5\libgcc.a(_exit.o)
 .text.libgcc.builtins
                0x00000000        0x0 c:/program files (x86)/atmel/studio/7.0/toolchain/avr8/avr8-gnu-toolchain/bin/../lib/gcc/avr/5.4.0/avr5\libgcc.a(_exit.o)
 .text.libgcc.fmul
                0x00000000        0x0 c:/program files (x86)/atmel/studio/7.0/toolchain/avr8/avr8-gnu-toolchain/bin/../lib/gcc/avr/5.4.0/avr5\libgcc.a(_exit.o)
 .text.libgcc.fixed
                0x00000000        0x0 c:/program files (x86)/atmel/studio/7.0/toolchain/avr8/avr8-gnu-toolchain/bin/../lib/gcc/avr/5.4.0/avr5\libgcc.a(_exit.o)
 .text          0x00000000        0x0 c:/program files (x86)/atmel/studio/7.0/toolchain/avr8/avr8-gnu-toolchain/bin/../lib/gcc/avr/5.4.0/avr5\libgcc.a(_tablejump2.o)
 .data          0x00000000        0x0 c:/program files (x86)/atmel/studio/7.0/toolchain/avr8/avr8-gnu-toolchain/bin/../lib/gcc/avr/5.4.0/avr5\libgcc.a(_tablejump2.o)
 .bss           0x00000000        0x0 c:/program files (x86)/atmel/studio/7.0/toolchain/avr8/avr8-gnu-toolchain/bin/../lib/gcc/avr/5.4.0/avr5\libgcc.a(_tablejump2.o)
 .text.libgcc.mul
                0x00000000        0x0 c:/program files (x86)/atmel/studio/7.0/toolchain/avr8/avr8-gnu-toolchain/bin/../lib/gcc/avr/5.4.0/avr5\libgcc.a(_tablejump2.o)
 .text.libgcc.div
                0x00000000        0x0 c:/program files (x86)/atmel/studio/7.0/toolchain/avr8/avr8-gnu-toolchain/bin/../lib/gcc/avr/5.4.0/avr5\libgcc.a(_tablejump2.o)
 .text.libgcc   0x00000000        0xc c:/program files (x86)/atmel/studio/7.0/toolchain/avr8/avr8-gnu-toolchain/bin/../lib/gcc/avr/5.4.0/avr5\libgcc.a(_tablejump2.o)
 .text.libgcc.prologue
                0x00000000        0x0 c:/program files (x86)/atmel/studio/7.0/toolchain/avr8/avr8-gnu-toolchain/bin/../lib/gcc/avr/5.4.0/avr5\libgcc.a(_tablejump2.o)
 .text.libgcc.builtins
                0x00000000        0x0 c:/program files (x86)/atmel/studio/7.0/toolchain/avr8/avr8-gnu-toolchain/bin/../lib/gcc/avr/5.4.0/avr5\libgcc.a(_tablejump2.o)
 .text.libgcc.fmul
                0x00000000        0x0 c:/program files (x86)/atmel/studio/7.0/toolchain/avr8/avr8-gnu-toolchain/bin/../lib/gcc/avr/5.4.0/avr5\libgcc.a(_tablejump2.o)
 .text.libgcc.fixed
                0x00000000        0x0 c:/program files (x86)/atmel/studio/7.0/toolchain/avr8/avr8-gnu-toolchain/bin/../lib/gcc/avr/5.4.0/avr5\libgcc.a(_tablejump2.o)
 .text          0x00000000        0x0 c:/program files (x86)/atmel/studio/7.0/toolchain/avr8/avr8-gnu-toolchain/bin/../lib/gcc/avr/5.4.0/avr5\libgcc.a(_copy_data.o)
 .data          0x00000000        0x0 c:/program files (x86)/atmel/studio/7.0/toolchain/avr8/avr8-gnu-toolchain/bin/../lib/gcc/avr/5.4.0/avr5\libgcc.a(_copy_data.o)
 .bss           0x00000000        0x0 c:/program files (x86)/atmel/studio/7.0/toolchain/avr8/avr8-gnu-toolchain/bin/../lib/gcc/avr/5.4.0/avr5\libgcc.a(_copy_data.o)
 .text.libgcc.mul
                0x00000000        0x0 c:/program files (x86)/atmel/studio/7.0/toolchain/avr8/avr8-gnu-toolchain/bin/../lib/gcc/avr/5.4.0/avr5\libgcc.a(_copy_data.o)
 .text.libgcc.div
                0x00000000        0x0 c:/program files (x86)/atmel/studio/7.0/toolchain/avr8/avr8-gnu-toolchain/bin/../lib/gcc/avr/5.4.0/avr5\libgcc.a(_copy_data.o)
 .text.libgcc   0x00000000        0x0 c:/program files (x86)/atmel/studio/7.0/toolchain/avr8/avr8-gnu-toolchain/bin/../lib/gcc/avr/5.4.0/avr5\libgcc.a(_copy_data.o)
 .text.libgcc.prologue
                0x00000000        0x0 c:/program files (x86)/atmel/studio/7.0/toolchain/avr8/avr8-gnu-toolchain/bin/../lib/gcc/avr/5.4.0/avr5\libgcc.a(_copy_data.o)
 .text.libgcc.builtins
                0x00000000        0x0 c:/program files (x86)/atmel/studio/7.0/toolchain/avr8/avr8-gnu-toolchain/bin/../lib/gcc/avr/5.4.0/avr5\libgcc.a(_copy_data.o)
 .text.libgcc.fmul
                0x00000000        0x0 c:/program files (x86)/atmel/studio/7.0/toolchain/avr8/avr8-gnu-toolchain/bin/../lib/gcc/avr/5.4.0/avr5\libgcc.a(_copy_data.o)
 .text.libgcc.fixed
                0x00000000        0x0 c:/program files (x86)/atmel/studio/7.0/toolchain/avr8/avr8-gnu-toolchain/bin/../lib/gcc/avr/5.4.0/avr5\libgcc.a(_copy_data.o)
 .text          0x00000000        0x0 c:/program files (x86)/atmel/studio/7.0/toolchain/avr8/avr8-gnu-toolchain/bin/../lib/gcc/avr/5.4.0/avr5\libgcc.a(_clear_bss.o)
 .data          0x00000000        0x0 c:/program files (x86)/atmel/studio/7.0/toolchain/avr8/avr8-gnu-toolchain/bin/../lib/gcc/avr/5.4.0/avr5\libgcc.a(_clear_bss.o)
 .bss           0x00000000        0x0 c:/program files (x86)/atmel/studio/7.0/toolchain/avr8/avr8-gnu-toolchain/bin/../lib/gcc/avr/5.4.0/avr5\libgcc.a(_clear_bss.o)
 .text.libgcc.mul
                0x00000000        0x0 c:/program files (x86)/atmel/studio/7.0/toolchain/avr8/avr8-gnu-toolchain/bin/../lib/gcc/avr/5.4.0/avr5\libgcc.a(_clear_bss.o)
 .text.libgcc.div
                0x00000000        0x0 c:/program files (x86)/atmel/studio/7.0/toolchain/avr8/avr8-gnu-toolchain/bin/../lib/gcc/avr/5.4.0/avr5\libgcc.a(_clear_bss.o)
 .text.libgcc   0x00000000        0x0 c:/program files (x86)/atmel/studio/7.0/toolchain/avr8/avr8-gnu-toolchain/bin/../lib/gcc/avr/5.4.0/avr5\libgcc.a(_clear_bss.o)
 .text.libgcc.prologue
                0x00000000        0x0 c:/program files (x86)/atmel/studio/7.0/toolchain/avr8/avr8-gnu-toolchain/bin/../lib/gcc/avr/5.4.0/avr5\libgcc.a(_clear_bss.o)
 .text.libgcc.builtins
                0x00000000        0x0 c:/program files (x86)/atmel/studio/7.0/toolchain/avr8/avr8-gnu-toolchain/bin/../lib/gcc/avr/5.4.0/avr5\libgcc.a(_clear_bss.o)
 .text.libgcc.fmul
                0x00000000        0x0 c:/program files (x86)/atmel/studio/7.0/toolchain/avr8/avr8-gnu-toolchain/bin/../lib/gcc/avr/5.4.0/avr5\libgcc.a(_clear_bss.o)
 .text.libgcc.fixed
                0x00000000        0x0 c:/program files (x86)/atmel/studio/7.0/toolchain/avr8/avr8-gnu-toolchain/bin/../lib/gcc/avr/5.4.0/avr5\libgcc.a(_clear_bss.o)
 .text          0x00000000        0x0 c:/program files (x86)/atmel/studio/7.0/toolchain/avr8/avr8-gnu-toolchain/bin/../lib/gcc/avr/5.4.0/avr5\libgcc.a(_umulhisi3.o)
 .data          0x00000000        0x0 c:/program files (x86)/atmel/studio/7.0/toolchain/avr8/avr8-gnu-toolchain/bin/../lib/gcc/avr/5.4.0/avr5\libgcc.a(_umulhisi3.o)
 .bss           0x00000000        0x0 c:/program files (x86)/atmel/studio/7.0/toolchain/avr8/avr8-gnu-toolchain/bin/../lib/gcc/avr/5.4.0/avr5\libgcc.a(_umulhisi3.o)
 .text.libgcc.div
                0x00000000        0x0 c:/program files (x86)/atmel/studio/7.0/toolchain/avr8/avr8-gnu-toolchain/bin/../lib/gcc/avr/5.4.0/avr5\libgcc.a(_umulhisi3.o)
 .text.libgcc   0x00000000        0x0 c:/program files (x86)/atmel/studio/7.0/toolchain/avr8/avr8-gnu-toolchain/bin/../lib/gcc/avr/5.4.0/avr5\libgcc.a(_umulhisi3.o)
 .text.libgcc.prologue
                0x00000000        0x0 c:/program files (x86)/atmel/studio/7.0/toolchain/avr8/avr8-gnu-toolchain/bin/../lib/gcc/avr/5.4.0/avr5\libgcc.a(_umulhisi3.o)
 .text.libgcc.builtins
                0x00000000        0x0 c:/program files (x86)/atmel/studio/7.0/toolchain/avr8/avr8-gnu-toolchain/bin/../lib/gcc/avr/5.4.0/avr5\libgcc.a(_umulhisi3.o)
 .text.libgcc.fmul
                0x00000000        0x0 c:/program files (x86)/atmel/studio/7.0/toolchain/avr8/avr8-gnu-toolchain/bin/../lib/gcc/avr/5.4.0/avr5\libgcc.a(_umulhisi3.o)
 .text.libgcc.fixed
                0x00000000        0x0 c:/program files (x86)/atmel/studio/7.0/toolchain/avr8/avr8-gnu-toolchain/bin/../lib/gcc/avr/5.4.0/avr5\libgcc.a(_umulhisi3.o)
 .text          0x00000000        0x0 c:/program files (x86)/atmel/studio/7.0/toolchain/avr8/avr8-gnu-toolchain/bin/../lib/gcc/avr/5.4.0/../../../../avr/lib/avr5\libc.a(itoa_ncheck.o)
 .data          0x00000000        0x0 c:/program files (x86)/atmel/studio/7.0/toolchain/avr8/avr8-gnu-toolchain/bin/../lib/gcc/avr/5.4.0/../../../../avr/lib/avr5\libc.a(itoa_ncheck.o)
 .bss           0x00000000        0x0 c:/program files (x86)/atmel/studio/7.0/toolchain/avr8/avr8-gnu-toolchain/bin/../lib/gcc/avr/5.4.0/../../../../avr/lib/avr5\libc.a(itoa_ncheck.o)
 .text          0x00000000        0x0 c:/program files (x86)/atmel/studio/7.0/toolchain/avr8/avr8-gnu-toolchain/bin/../lib/gcc/avr/5.4.0/../../../../avr/lib/avr5\libc.a(utoa_ncheck.o)
 .data          0x00000000        0x0 c:/program files (x86)/atmel/studio/7.0/toolchain/avr8/avr8-gnu-toolchain/bin/../lib/gcc/avr/5.4.0/../../../../avr/lib/avr5\libc.a(utoa_ncheck.o)
 .bss           0x00000000        0x0 c:/program files (x86)/atmel/studio/7.0/toolchain/avr8/avr8-gnu-toolchain/bin/../lib/gcc/avr/5.4.0/../../../../avr/lib/avr5\libc.a(utoa_ncheck.o)
 .text          0x00000000        0x0 c:/program files (x86)/atmel/studio/7.0/toolchain/avr8/avr8-gnu-toolchain/bin/../lib/gcc/avr/5.4.0/../../../../avr/lib/avr5\libc.a(strrev.o)
 .data          0x00000000        0x0 c:/program files (x86)/atmel/studio/7.0/toolchain/avr8/avr8-gnu-toolchain/bin/../lib/gcc/avr/5.4.0/../../../../avr/lib/avr5\libc.a(strrev.o)
 .bss           0x00000000        0x0 c:/program files (x86)/atmel/studio/7.0/toolchain/avr8/avr8-gnu-toolchain/bin/../lib/gcc/avr/5.4.0/../../../../avr/lib/avr5\libc.a(strrev.o)

Memory Configuration

Name             Origin             Length             Attributes
text             0x00000000         0x00008000         xr
data             0x00800060         0x00000800         rw !x
eeprom           0x00810000         0x00000400         rw !x
fuse             0x00820000         0x00000002         rw !x
lock             0x00830000         0x00000400         rw !x
signature        0x00840000         0x00000400         rw !x
user_signatures  0x00850000         0x00000400         rw !x
*default*        0x00000000         0xffffffff

Linker script and memory map

LOAD C:/Program Files (x86)/Atmel/Studio/7.0/Packs/atmel/ATmega_DFP/1.7.374/gcc/dev/atmega32/avr5/crtatmega32.o
LOAD APP/APP_MASTER_PROGRAM.o
LOAD APP/TASK33_MASTER_main.o
LOAD ECUAL/DCMOTOR_DRIVER/DCMOTOR_PROGRAM.o
LOAD ECUAL/KEYPAD_DRIVER/KEYPAD_PROGRAM.o
LOAD ECUAL/LCD_DRIVER/LCD_PROGRAM.o
LOAD ECUAL/LED_DRIVER/LED_PROGRAM.o
LOAD ECUAL/LM35_DRIVER/LM35_PROGRAM.o
LOAD ECUAL/SERVO_DRIVER/SERVO_PROGRAM.o
LOAD ECUAL/SEVEN-SEGMENT_DRIVER/SEGMENT_PROGRAM.o
LOAD MCAL/ADC_DRIVER/ADC_PROGRAM.o
LOAD MCAL/EXT_INTERRUPT_DRIVER/EXT_INTERRUPT_PROGRAM.o
LOAD MCAL/GLOBAL_INTERRUPT_DRIVER/GLOBAL_INTERRUPT_PROGRAM.o
LOAD MCAL/GPIO_DRIVER/GPIO_PROGRAM.o
LOAD MCAL/SPI_DRIVER/SPI_PROGRAM.o
LOAD MCAL/TIMERS_DRIVER/TIMER0_DRIVER/TIMER0_PROGRAM.o
LOAD MCAL/TIMERS_DRIVER/TIMER1_DRIVER/TIMER1_PROGRAM.o
LOAD MCAL/UART_DRIVER/UART_PROGRAM.o
START GROUP
LOAD c:/program files (x86)/atmel/studio/7.0/toolchain/avr8/avr8-gnu-toolchain/bin/../lib/gcc/avr/5.4.0/../../../../avr/lib/avr5\libm.a
END GROUP
START GROUP
LOAD c:/program files (x86)/atmel/studio/7.0/toolchain/avr8/avr8-gnu-toolchain/bin/../lib/gcc/avr/5.4.0/avr5\libgcc.a
LOAD c:/program files (x86)/atmel/studio/7.0/toolchain/avr8/avr8-gnu-toolchain/bin/../lib/gcc/avr/5.4.0/../../../../avr/lib/avr5\libm.a
LOAD c:/program files (x86)/atmel/studio/7.0/toolchain/avr8/avr8-gnu-toolchain/bin/../lib/gcc/avr/5.4.0/../../../../avr/lib/avr5\libc.a
LOAD C:/Program Files (x86)/Atmel/Studio/7.0/Packs/atmel/ATmega_DFP/1.7.374/gcc/dev/atmega32/avr5\libatmega32.a
END GROUP
                0x00000000                __TEXT_REGION_ORIGIN__ = DEFINED (__TEXT_REGION_ORIGIN__)?__TEXT_REGION_ORIGIN__:0x0
                [0x00800060]                __DATA_REGION_ORIGIN__ = DEFINED (__DATA_REGION_ORIGIN__)?__DATA_REGION_ORIGIN__:0x800060
                [0x00008000]                __TEXT_REGION_LENGTH__ = DEFINED (__TEXT_REGION_LENGTH__)?__TEXT_REGION_LENGTH__:0x20000
                [0x00000800]                __DATA_REGION_LENGTH__ = DEFINED (__DATA_REGION_LENGTH__)?__DATA_REGION_LENGTH__:0xffa0
                [0x00000400]                __EEPROM_REGION_LENGTH__ = DEFINED (__EEPROM_REGION_LENGTH__)?__EEPROM_REGION_LENGTH__:0x10000
                [0x00000002]                __FUSE_REGION_LENGTH__ = DEFINED (__FUSE_REGION_LENGTH__)?__FUSE_REGION_LENGTH__:0x400
                0x00000400                __LOCK_REGION_LENGTH__ = DEFINED (__LOCK_REGION_LENGTH__)?__LOCK_REGION_LENGTH__:0x400
                0x00000400                __SIGNATURE_REGION_LENGTH__ = DEFINED (__SIGNATURE_REGION_LENGTH__)?__SIGNATURE_REGION_LENGTH__:0x400
                0x00000400                __USER_SIGNATURE_REGION_LENGTH__ = DEFINED (__USER_SIGNATURE_REGION_LENGTH__)?__USER_SIGNATURE_REGION_LENGTH__:0x400

.hash
 *(.hash)

.dynsym
 *(.dynsym)

.dynstr
 *(.dynstr)

.gnu.version
 *(.gnu.version)

.gnu.version_d
 *(.gnu.version_d)

.gnu.version_r
 *(.gnu.version_r)

.rel.init
 *(.rel.init)

.rela.init
 *(.rela.init)

.rel.text
 *(.rel.text)
 *(.rel.text.*)
 *(.rel.gnu.linkonce.t*)

.rela.text
 *(.rela.text)
 *(.rela.text.*)
 *(.rela.gnu.linkonce.t*)

.rel.fini
 *(.rel.fini)

.rela.fini
 *(.rela.fini)

.rel.rodata
 *(.rel.rodata)
 *(.rel.rodata.*)
 *(.rel.gnu.linkonce.r*)

.rela.rodata
 *(.rela.rodata)
 *(.rela.rodata.*)
 *(.rela.gnu.linkonce.r*)

.rel.data
 *(.rel.data)
 *(.rel.data.*)
 *(.rel.gnu.linkonce.d*)

.rela.data
 *(.rela.data)
 *(.rela.data.*)
 *(.rela.gnu.linkonce.d*)

.rel.ctors
 *(.rel.ctors)

.rela.ctors
 *(.rela.ctors)

.rel.dtors
 *(.rel.dtors)

.rela.dtors
 *(.rela.dtors)

.rel.got
 *(.rel.got)

.rela.got
 *(.rela.got)

.rel.bss
 *(.rel.bss)

.rela.bss
 *(.rela.bss)

.rel.plt
 *(.rel.plt)

.rela.plt
 *(.rela.plt)

.text           0x00000000      0xde0
 *(.vectors)
 .vectors       0x00000000       0x54 C:/Program Files (x86)/Atmel/Studio/7.0/Packs/atmel/ATmega_DFP/1.7.374/gcc/dev/atmega32/avr5/crtatmega32.o
                0x00000000                __vector_default
                0x00000000                __vectors
 *(.vectors)
 *(.progmem.gcc*)
                0x00000054                . = ALIGN (0x2)
                0x00000054                __trampolines_start = .
 *(.trampolines)
 .trampolines   0x00000054        0x0 linker stubs
 *(.trampolines*)
                0x00000054                __trampolines_end = .
 *libprintf_flt.a:*(.progmem.data)
 *libc.a:*(.progmem.data)
 *(.progmem*)
                0x00000054                . = ALIGN (0x2)
 *(.jumptables)
 *(.jumptables*)
 *(.lowtext)
 *(.lowtext*)
                0x00000054                __ctors_start = .
 *(.ctors)
                0x00000054                __ctors_end = .
                0x00000054                __dtors_start = .
 *(.dtors)
                0x00000054                __dtors_end = .
 SORT(*)(.ctors)
 SORT(*)(.dtors)
 *(.init0)
 .init0         0x00000054        0x0 C:/Program Files (x86)/Atmel/Studio/7.0/Packs/atmel/ATmega_DFP/1.7.374/gcc/dev/atmega32/avr5/crtatmega32.o
                0x00000054                __init
 *(.init0)
 *(.init1)
 *(.init1)
 *(.init2)
 .init2         0x00000054        0xc C:/Program Files (x86)/Atmel/Studio/7.0/Packs/atmel/ATmega_DFP/1.7.374/gcc/dev/atmega32/avr5/crtatmega32.o
 *(.init2)
 *(.init3)
 *(.init3)
 *(.init4)
 .init4         0x00000060       0x16 c:/program files (x86)/atmel/studio/7.0/toolchain/avr8/avr8-gnu-toolchain/bin/../lib/gcc/avr/5.4.0/avr5\libgcc.a(_copy_data.o)
                0x00000060                __do_copy_data
 .init4         0x00000076       0x10 c:/program files (x86)/atmel/studio/7.0/toolchain/avr8/avr8-gnu-toolchain/bin/../lib/gcc/avr/5.4.0/avr5\libgcc.a(_clear_bss.o)
                0x00000076                __do_clear_bss
 *(.init4)
 *(.init5)
 *(.init5)
 *(.init6)
 *(.init6)
 *(.init7)
 *(.init7)
 *(.init8)
 *(.init8)
 *(.init9)
 .init9         0x00000086        0x8 C:/Program Files (x86)/Atmel/Studio/7.0/Packs/atmel/ATmega_DFP/1.7.374/gcc/dev/atmega32/avr5/crtatmega32.o
 *(.init9)
 *(.text)
 .text          0x0000008e        0x4 C:/Program Files (x86)/Atmel/Studio/7.0/Packs/atmel/ATmega_DFP/1.7.374/gcc/dev/atmega32/avr5/crtatmega32.o
                0x0000008e                __vector_17
                0x0000008e                __vector_19
                0x0000008e                __vector_5
                0x0000008e                __vector_4
                0x0000008e                __vector_18
                0x0000008e                __vector_20
                0x0000008e                __bad_interrupt
                0x00000092                . = ALIGN (0x2)
 *(.text.*)
 .text.System_Initialization
                0x00000092       0x6a APP/APP_MASTER_PROGRAM.o
                0x00000092                System_Initialization
 .text.SPI_Slave_1_Select
                0x000000fc       0x16 APP/APP_MASTER_PROGRAM.o
                0x000000fc                SPI_Slave_1_Select
 .text.SPI_Slave_2_Select
                0x00000112       0x16 APP/APP_MASTER_PROGRAM.o
                0x00000112                SPI_Slave_2_Select
 .text.executeMain_MASTER
                0x00000128      0x118 APP/APP_MASTER_PROGRAM.o
                0x00000128                executeMain_MASTER
 .text.executeISR
                0x00000240        0x2 APP/APP_MASTER_PROGRAM.o
                0x00000240                executeISR
 .text.main     0x00000242        0xe APP/TASK33_MASTER_main.o
                0x00000242                main
 .text.LCD_voidSendCommand
                0x00000250       0xfe ECUAL/LCD_DRIVER/LCD_PROGRAM.o
                0x00000250                LCD_voidSendCommand
 .text.LCD_voidInit
                0x0000034e       0x8c ECUAL/LCD_DRIVER/LCD_PROGRAM.o
                0x0000034e                LCD_voidInit
 .text.LCD_voidSendData
                0x000003da       0xfe ECUAL/LCD_DRIVER/LCD_PROGRAM.o
                0x000003da                LCD_voidSendData
 .text.LCD_voidDisplayString
                0x000004d8       0x26 ECUAL/LCD_DRIVER/LCD_PROGRAM.o
                0x000004d8                LCD_voidDisplayString
 .text.LCD_voidSetCursor
                0x000004fe       0x2e ECUAL/LCD_DRIVER/LCD_PROGRAM.o
                0x000004fe                LCD_voidSetCursor
 .text.LCD_voidIntgerToString
                0x0000052c       0x3e ECUAL/LCD_DRIVER/LCD_PROGRAM.o
                0x0000052c                LCD_voidIntgerToString
 .text.ADC_voidInit
                0x0000056a       0x28 MCAL/ADC_DRIVER/ADC_PROGRAM.o
                0x0000056a                ADC_voidInit
 .text.ADC_voidStartConversionPolling
                0x00000592       0x20 MCAL/ADC_DRIVER/ADC_PROGRAM.o
                0x00000592                ADC_voidStartConversionPolling
 .text.ADC_u16ReadVoltage
                0x000005b2       0x1e MCAL/ADC_DRIVER/ADC_PROGRAM.o
                0x000005b2                ADC_u16ReadVoltage
 .text.ADC_u16ReadTemperature
                0x000005d0       0x1c MCAL/ADC_DRIVER/ADC_PROGRAM.o
                0x000005d0                ADC_u16ReadTemperature
 .text.__vector_16
                0x000005ec       0x52 MCAL/ADC_DRIVER/ADC_PROGRAM.o
                0x000005ec                __vector_16
 .text.__vector_1
                0x0000063e       0x52 MCAL/EXT_INTERRUPT_DRIVER/EXT_INTERRUPT_PROGRAM.o
                0x0000063e                __vector_1
 .text.__vector_2
                0x00000690       0x52 MCAL/EXT_INTERRUPT_DRIVER/EXT_INTERRUPT_PROGRAM.o
                0x00000690                __vector_2
 .text.__vector_3
                0x000006e2       0x52 MCAL/EXT_INTERRUPT_DRIVER/EXT_INTERRUPT_PROGRAM.o
                0x000006e2                __vector_3
 .text.GLOBINT_voidSetEnableFlag
                0x00000734        0x8 MCAL/GLOBAL_INTERRUPT_DRIVER/GLOBAL_INTERRUPT_PROGRAM.o
                0x00000734                GLOBINT_voidSetEnableFlag
 .text.GPIO_voidSetPinDirection
                0x0000073c      0x10c MCAL/GPIO_DRIVER/GPIO_PROGRAM.o
                0x0000073c                GPIO_voidSetPinDirection
 .text.GPIO_voidSetPinValue
                0x00000848      0x10c MCAL/GPIO_DRIVER/GPIO_PROGRAM.o
                0x00000848                GPIO_voidSetPinValue
 .text.SPI_voidInitialization_Master
                0x00000954       0x4e MCAL/SPI_DRIVER/SPI_PROGRAM.o
                0x00000954                SPI_voidInitialization_Master
 .text.SPI_u8SendByte_Polling
                0x000009a2       0x10 MCAL/SPI_DRIVER/SPI_PROGRAM.o
                0x000009a2                SPI_u8SendByte_Polling
 .text.__vector_12
                0x000009b2       0x52 MCAL/SPI_DRIVER/SPI_PROGRAM.o
                0x000009b2                __vector_12
 .text.__vector_10
                0x00000a04       0x52 MCAL/TIMERS_DRIVER/TIMER0_DRIVER/TIMER0_PROGRAM.o
                0x00000a04                __vector_10
 .text.__vector_11
                0x00000a56       0x52 MCAL/TIMERS_DRIVER/TIMER0_DRIVER/TIMER0_PROGRAM.o
                0x00000a56                __vector_11
 .text.__vector_6
                0x00000aa8       0x52 MCAL/TIMERS_DRIVER/TIMER1_DRIVER/TIMER1_PROGRAM.o
                0x00000aa8                __vector_6
 .text.__vector_7
                0x00000afa       0x52 MCAL/TIMERS_DRIVER/TIMER1_DRIVER/TIMER1_PROGRAM.o
                0x00000afa                __vector_7
 .text.__vector_8
                0x00000b4c       0x52 MCAL/TIMERS_DRIVER/TIMER1_DRIVER/TIMER1_PROGRAM.o
                0x00000b4c                __vector_8
 .text.__vector_9
                0x00000b9e       0x52 MCAL/TIMERS_DRIVER/TIMER1_DRIVER/TIMER1_PROGRAM.o
                0x00000b9e                __vector_9
 .text.UART_Initialization
                0x00000bf0       0x26 MCAL/UART_DRIVER/UART_PROGRAM.o
                0x00000bf0                UART_Initialization
 .text.UART_voidReceiveByte_ISR
                0x00000c16        0x4 MCAL/UART_DRIVER/UART_PROGRAM.o
                0x00000c16                UART_voidReceiveByte_ISR
 .text.__vector_13
                0x00000c1a       0x52 MCAL/UART_DRIVER/UART_PROGRAM.o
                0x00000c1a                __vector_13
 .text.__vector_14
                0x00000c6c       0x52 MCAL/UART_DRIVER/UART_PROGRAM.o
                0x00000c6c                __vector_14
 .text.__vector_15
                0x00000cbe       0x52 MCAL/UART_DRIVER/UART_PROGRAM.o
                0x00000cbe                __vector_15
 .text.libgcc.div
                0x00000d10       0x44 c:/program files (x86)/atmel/studio/7.0/toolchain/avr8/avr8-gnu-toolchain/bin/../lib/gcc/avr/5.4.0/avr5\libgcc.a(_udivmodsi4.o)
                0x00000d10                __udivmodsi4
 .text.libgcc.mul
                0x00000d54       0x1e c:/program files (x86)/atmel/studio/7.0/toolchain/avr8/avr8-gnu-toolchain/bin/../lib/gcc/avr/5.4.0/avr5\libgcc.a(_umulhisi3.o)
                0x00000d54                __umulhisi3
 .text.avr-libc
                0x00000d72       0x16 c:/program files (x86)/atmel/studio/7.0/toolchain/avr8/avr8-gnu-toolchain/bin/../lib/gcc/avr/5.4.0/../../../../avr/lib/avr5\libc.a(itoa_ncheck.o)
                0x00000d72                __itoa_ncheck
 .text.avr-libc
                0x00000d88       0x34 c:/program files (x86)/atmel/studio/7.0/toolchain/avr8/avr8-gnu-toolchain/bin/../lib/gcc/avr/5.4.0/../../../../avr/lib/avr5\libc.a(utoa_ncheck.o)
                0x00000d88                __utoa_ncheck
                0x00000d8a                __utoa_common
 .text.avr-libc
                0x00000dbc       0x20 c:/program files (x86)/atmel/studio/7.0/toolchain/avr8/avr8-gnu-toolchain/bin/../lib/gcc/avr/5.4.0/../../../../avr/lib/avr5\libc.a(strrev.o)
                0x00000dbc                strrev
                0x00000ddc                . = ALIGN (0x2)
 *(.fini9)
 .fini9         0x00000ddc        0x0 c:/program files (x86)/atmel/studio/7.0/toolchain/avr8/avr8-gnu-toolchain/bin/../lib/gcc/avr/5.4.0/avr5\libgcc.a(_exit.o)
                0x00000ddc                _exit
                0x00000ddc                exit
 *(.fini9)
 *(.fini8)
 *(.fini8)
 *(.fini7)
 *(.fini7)
 *(.fini6)
 *(.fini6)
 *(.fini5)
 *(.fini5)
 *(.fini4)
 *(.fini4)
 *(.fini3)
 *(.fini3)
 *(.fini2)
 *(.fini2)
 *(.fini1)
 *(.fini1)
 *(.fini0)
 .fini0         0x00000ddc        0x4 c:/program files (x86)/atmel/studio/7.0/toolchain/avr8/avr8-gnu-toolchain/bin/../lib/gcc/avr/5.4.0/avr5\libgcc.a(_exit.o)
 *(.fini0)
                0x00000de0                _etext = .

.data           0x00800060       0x30 load address 0x00000de0
                0x00800060                PROVIDE (__data_start, .)
 *(.data)
 *(.data*)
 *(.gnu.linkonce.d*)
 *(.rodata)
 *(.rodata*)
 .rodata.str1.1
                0x00800060       0x2f APP/APP_MASTER_PROGRAM.o
 *(.gnu.linkonce.r*)
                0x00800090                . = ALIGN (0x2)
 *fill*         0x0080008f        0x1 
                0x00800090                _edata = .
                0x00800090                PROVIDE (__data_end, .)

.bss            0x00800090       0x20
                0x00800090                PROVIDE (__bss_start, .)
 *(.bss)
 *(.bss*)
 .bss.UART_Flag
                0x00800090        0x1 APP/APP_MASTER_PROGRAM.o
                0x00800090                UART_Flag
 .bss.ADC_Read  0x00800091        0x1 APP/APP_MASTER_PROGRAM.o
                0x00800091                ADC_Read
 .bss.UART_Read
                0x00800092        0x1 APP/APP_MASTER_PROGRAM.o
                0x00800092                UART_Read
 .bss.SPI_Read  0x00800093        0x1 APP/APP_MASTER_PROGRAM.o
                0x00800093                SPI_Read
 *(COMMON)
 COMMON         0x00800094        0x2 MCAL/ADC_DRIVER/ADC_PROGRAM.o
                0x00800094                CallBackPtr_ADC
 COMMON         0x00800096        0x6 MCAL/EXT_INTERRUPT_DRIVER/EXT_INTERRUPT_PROGRAM.o
                0x00800096                CallBackPtr_INT2
                0x00800098                CallBackPtr_INT0
                0x0080009a                CallBackPtr_INT1
 COMMON         0x0080009c        0x2 MCAL/SPI_DRIVER/SPI_PROGRAM.o
                0x0080009c                CallBackPtr_SPI
 COMMON         0x0080009e        0x4 MCAL/TIMERS_DRIVER/TIMER0_DRIVER/TIMER0_PROGRAM.o
                0x0080009e                CallBackPtr_TIMER0_COMP
                0x008000a0                CallBackPtr_TIMER0_OVF
 COMMON         0x008000a2        0x8 MCAL/TIMERS_DRIVER/TIMER1_DRIVER/TIMER1_PROGRAM.o
                0x008000a2                CallBackPtr_TIMER1_COMPB
                0x008000a4                CallBackPtr_TIMER1_OVF
                0x008000a6                CallBackPtr_TIMER1_CAPT
                0x008000a8                CallBackPtr_TIMER1_COMPA
 COMMON         0x008000aa        0x6 MCAL/UART_DRIVER/UART_PROGRAM.o
                0x008000aa                CallBackPtr_UART_RXC
                0x008000ac                CallBackPtr_UART_TXC
                0x008000ae                CallBackPtr_UART_UDRE
                0x008000b0                PROVIDE (__bss_end, .)
                0x00000de0                __data_load_start = LOADADDR (.data)
                0x00000e10                __data_load_end = (__data_load_start + SIZEOF (.data))

.noinit         0x008000b0        0x0
                [!provide]                PROVIDE (__noinit_start, .)
 *(.noinit*)
                [!provide]                PROVIDE (__noinit_end, .)
                0x008000b0                _end = .
                [!provide]                PROVIDE (__heap_start, .)

.eeprom         0x00810000        0x0
 *(.eeprom*)
                0x00810000                __eeprom_end = .

.fuse
 *(.fuse)
 *(.lfuse)
 *(.hfuse)
 *(.efuse)

.lock
 *(.lock*)

.signature
 *(.signature*)

.user_signatures
 *(.user_signatures*)

.stab
 *(.stab)

.stabstr
 *(.stabstr)

.stab.excl
 *(.stab.excl)

.stab.exclstr
 *(.stab.exclstr)

.stab.index
 *(.stab.index)

.stab.indexstr
 *(.stab.indexstr)

.comment        0x00000000       0x30
 *(.comment)
 .comment       0x00000000       0x30 APP/APP_MASTER_PROGRAM.o
                                 0x31 (size before relaxing)
 .comment       0x00000030       0x31 APP/TASK33_MASTER_main.o
 .comment       0x00000030       0x31 ECUAL/LCD_DRIVER/LCD_PROGRAM.o
 .comment       0x00000030       0x31 MCAL/ADC_DRIVER/ADC_PROGRAM.o
 .comment       0x00000030       0x31 MCAL/EXT_INTERRUPT_DRIVER/EXT_INTERRUPT_PROGRAM.o
 .comment       0x00000030       0x31 MCAL/GLOBAL_INTERRUPT_DRIVER/GLOBAL_INTERRUPT_PROGRAM.o
 .comment       0x00000030       0x31 MCAL/GPIO_DRIVER/GPIO_PROGRAM.o
 .comment       0x00000030       0x31 MCAL/SPI_DRIVER/SPI_PROGRAM.o
 .comment       0x00000030       0x31 MCAL/TIMERS_DRIVER/TIMER0_DRIVER/TIMER0_PROGRAM.o
 .comment       0x00000030       0x31 MCAL/TIMERS_DRIVER/TIMER1_DRIVER/TIMER1_PROGRAM.o
 .comment       0x00000030       0x31 MCAL/UART_DRIVER/UART_PROGRAM.o

.note.gnu.avr.deviceinfo
                0x00000000       0x3c
 .note.gnu.avr.deviceinfo
                0x00000000       0x3c C:/Program Files (x86)/Atmel/Studio/7.0/Packs/atmel/ATmega_DFP/1.7.374/gcc/dev/atmega32/avr5/crtatmega32.o

.note.gnu.build-id
 *(.note.gnu.build-id)

.debug
 *(.debug)

.line
 *(.line)

.debug_srcinfo
 *(.debug_srcinfo)

.debug_sfnames
 *(.debug_sfnames)

.debug_aranges  0x00000000      0x3f0
 *(.debug_aranges)
 .debug_aranges
                0x00000000       0x48 APP/APP_MASTER_PROGRAM.o
 .debug_aranges
                0x00000048       0x20 APP/TASK33_MASTER_main.o
 .debug_aranges
                0x00000068       0x50 ECUAL/LCD_DRIVER/LCD_PROGRAM.o
 .debug_aranges
                0x000000b8       0x50 MCAL/ADC_DRIVER/ADC_PROGRAM.o
 .debug_aranges
                0x00000108       0x48 MCAL/EXT_INTERRUPT_DRIVER/EXT_INTERRUPT_PROGRAM.o
 .debug_aranges
                0x00000150       0x28 MCAL/GLOBAL_INTERRUPT_DRIVER/GLOBAL_INTERRUPT_PROGRAM.o
 .debug_aranges
                0x00000178       0x50 MCAL/GPIO_DRIVER/GPIO_PROGRAM.o
 .debug_aranges
                0x000001c8       0x70 MCAL/SPI_DRIVER/SPI_PROGRAM.o
 .debug_aranges
                0x00000238       0x88 MCAL/TIMERS_DRIVER/TIMER0_DRIVER/TIMER0_PROGRAM.o
 .debug_aranges
                0x000002c0       0xb8 MCAL/TIMERS_DRIVER/TIMER1_DRIVER/TIMER1_PROGRAM.o
 .debug_aranges
                0x00000378       0x78 MCAL/UART_DRIVER/UART_PROGRAM.o

.debug_pubnames
 *(.debug_pubnames)

.debug_info     0x00000000     0x35ea
 *(.debug_info .gnu.linkonce.wi.*)
 .debug_info    0x00000000      0x4e6 C:/Program Files (x86)/Atmel/Studio/7.0/Packs/atmel/ATmega_DFP/1.7.374/gcc/dev/atmega32/avr5/crtatmega32.o
 .debug_info    0x000004e6      0x677 APP/APP_MASTER_PROGRAM.o
 .debug_info    0x00000b5d       0xe7 APP/TASK33_MASTER_main.o
 .debug_info    0x00000c44      0xbea ECUAL/LCD_DRIVER/LCD_PROGRAM.o
 .debug_info    0x0000182e      0x43a MCAL/ADC_DRIVER/ADC_PROGRAM.o
 .debug_info    0x00001c68      0x19e MCAL/EXT_INTERRUPT_DRIVER/EXT_INTERRUPT_PROGRAM.o
 .debug_info    0x00001e06       0xad MCAL/GLOBAL_INTERRUPT_DRIVER/GLOBAL_INTERRUPT_PROGRAM.o
 .debug_info    0x00001eb3      0x316 MCAL/GPIO_DRIVER/GPIO_PROGRAM.o
 .debug_info    0x000021c9      0x4bd MCAL/SPI_DRIVER/SPI_PROGRAM.o
 .debug_info    0x00002686      0x508 MCAL/TIMERS_DRIVER/TIMER0_DRIVER/TIMER0_PROGRAM.o
 .debug_info    0x00002b8e      0x68b MCAL/TIMERS_DRIVER/TIMER1_DRIVER/TIMER1_PROGRAM.o
 .debug_info    0x00003219      0x3d1 MCAL/UART_DRIVER/UART_PROGRAM.o

.debug_abbrev   0x00000000     0x129b
 *(.debug_abbrev)
 .debug_abbrev  0x00000000      0x4a3 C:/Program Files (x86)/Atmel/Studio/7.0/Packs/atmel/ATmega_DFP/1.7.374/gcc/dev/atmega32/avr5/crtatmega32.o
 .debug_abbrev  0x000004a3      0x151 APP/APP_MASTER_PROGRAM.o
 .debug_abbrev  0x000005f4       0x68 APP/TASK33_MASTER_main.o
 .debug_abbrev  0x0000065c      0x222 ECUAL/LCD_DRIVER/LCD_PROGRAM.o
 .debug_abbrev  0x0000087e      0x164 MCAL/ADC_DRIVER/ADC_PROGRAM.o
 .debug_abbrev  0x000009e2       0x9f MCAL/EXT_INTERRUPT_DRIVER/EXT_INTERRUPT_PROGRAM.o
 .debug_abbrev  0x00000a81       0x46 MCAL/GLOBAL_INTERRUPT_DRIVER/GLOBAL_INTERRUPT_PROGRAM.o
 .debug_abbrev  0x00000ac7      0x11d MCAL/GPIO_DRIVER/GPIO_PROGRAM.o
 .debug_abbrev  0x00000be4      0x1cf MCAL/SPI_DRIVER/SPI_PROGRAM.o
 .debug_abbrev  0x00000db3      0x1da MCAL/TIMERS_DRIVER/TIMER0_DRIVER/TIMER0_PROGRAM.o
 .debug_abbrev  0x00000f8d      0x1be MCAL/TIMERS_DRIVER/TIMER1_DRIVER/TIMER1_PROGRAM.o
 .debug_abbrev  0x0000114b      0x150 MCAL/UART_DRIVER/UART_PROGRAM.o

.debug_line     0x00000000     0x20fc
 *(.debug_line .debug_line.* .debug_line_end)
 .debug_line    0x00000000      0x116 C:/Program Files (x86)/Atmel/Studio/7.0/Packs/atmel/ATmega_DFP/1.7.374/gcc/dev/atmega32/avr5/crtatmega32.o
 .debug_line    0x00000116      0x484 APP/APP_MASTER_PROGRAM.o
 .debug_line    0x0000059a       0x7d APP/TASK33_MASTER_main.o
 .debug_line    0x00000617      0x448 ECUAL/LCD_DRIVER/LCD_PROGRAM.o
 .debug_line    0x00000a5f      0x1a9 MCAL/ADC_DRIVER/ADC_PROGRAM.o
 .debug_line    0x00000c08      0x258 MCAL/EXT_INTERRUPT_DRIVER/EXT_INTERRUPT_PROGRAM.o
 .debug_line    0x00000e60       0xcc MCAL/GLOBAL_INTERRUPT_DRIVER/GLOBAL_INTERRUPT_PROGRAM.o
 .debug_line    0x00000f2c      0x448 MCAL/GPIO_DRIVER/GPIO_PROGRAM.o
 .debug_line    0x00001374      0x2f0 MCAL/SPI_DRIVER/SPI_PROGRAM.o
 .debug_line    0x00001664      0x3a5 MCAL/TIMERS_DRIVER/TIMER0_DRIVER/TIMER0_PROGRAM.o
 .debug_line    0x00001a09      0x49a MCAL/TIMERS_DRIVER/TIMER1_DRIVER/TIMER1_PROGRAM.o
 .debug_line    0x00001ea3      0x259 MCAL/UART_DRIVER/UART_PROGRAM.o

.debug_frame    0x00000000      0xb7c
 *(.debug_frame)
 .debug_frame   0x00000000       0x74 APP/APP_MASTER_PROGRAM.o
 .debug_frame   0x00000074       0x24 APP/TASK33_MASTER_main.o
 .debug_frame   0x00000098       0xb4 ECUAL/LCD_DRIVER/LCD_PROGRAM.o
 .debug_frame   0x0000014c       0xcc MCAL/ADC_DRIVER/ADC_PROGRAM.o
 .debug_frame   0x00000218      0x14c MCAL/EXT_INTERRUPT_DRIVER/EXT_INTERRUPT_PROGRAM.o
 .debug_frame   0x00000364       0x34 MCAL/GLOBAL_INTERRUPT_DRIVER/GLOBAL_INTERRUPT_PROGRAM.o
 .debug_frame   0x00000398       0x84 MCAL/GPIO_DRIVER/GPIO_PROGRAM.o
 .debug_frame   0x0000041c      0x138 MCAL/SPI_DRIVER/SPI_PROGRAM.o
 .debug_frame   0x00000554      0x1a4 MCAL/TIMERS_DRIVER/TIMER0_DRIVER/TIMER0_PROGRAM.o
 .debug_frame   0x000006f8      0x2ac MCAL/TIMERS_DRIVER/TIMER1_DRIVER/TIMER1_PROGRAM.o
 .debug_frame   0x000009a4      0x1d8 MCAL/UART_DRIVER/UART_PROGRAM.o

.debug_str      0x00000000     0x1578
 *(.debug_str)
 .debug_str     0x00000000      0x196 C:/Program Files (x86)/Atmel/Studio/7.0/Packs/atmel/ATmega_DFP/1.7.374/gcc/dev/atmega32/avr5/crtatmega32.o
 .debug_str     0x00000196      0x406 APP/APP_MASTER_PROGRAM.o
                                0x444 (size before relaxing)
 .debug_str     0x0000059c       0x21 APP/TASK33_MASTER_main.o
                                0x210 (size before relaxing)
 .debug_str     0x000005bd       0xe6 ECUAL/LCD_DRIVER/LCD_PROGRAM.o
                                0x38a (size before relaxing)
 .debug_str     0x000006a3      0x28a MCAL/ADC_DRIVER/ADC_PROGRAM.o
                                0x491 (size before relaxing)
 .debug_str     0x0000092d       0xf0 MCAL/EXT_INTERRUPT_DRIVER/EXT_INTERRUPT_PROGRAM.o
                                0x29e (size before relaxing)
 .debug_str     0x00000a1d       0x56 MCAL/GLOBAL_INTERRUPT_DRIVER/GLOBAL_INTERRUPT_PROGRAM.o
                                0x21e (size before relaxing)
 .debug_str     0x00000a73      0x15b MCAL/GPIO_DRIVER/GPIO_PROGRAM.o
                                0x369 (size before relaxing)
 .debug_str     0x00000bce      0x1a6 MCAL/SPI_DRIVER/SPI_PROGRAM.o
                                0x3d9 (size before relaxing)
 .debug_str     0x00000d74      0x326 MCAL/TIMERS_DRIVER/TIMER0_DRIVER/TIMER0_PROGRAM.o
                                0x524 (size before relaxing)
 .debug_str     0x0000109a      0x369 MCAL/TIMERS_DRIVER/TIMER1_DRIVER/TIMER1_PROGRAM.o
                                0x5ea (size before relaxing)
 .debug_str     0x00001403      0x175 MCAL/UART_DRIVER/UART_PROGRAM.o
                                0x38f (size before relaxing)

.debug_loc      0x00000000     0x2443
 *(.debug_loc)
 .debug_loc     0x00000000       0xd8 APP/APP_MASTER_PROGRAM.o
 .debug_loc     0x000000d8      0x777 ECUAL/LCD_DRIVER/LCD_PROGRAM.o
 .debug_loc     0x0000084f      0x1b6 MCAL/ADC_DRIVER/ADC_PROGRAM.o
 .debug_loc     0x00000a05      0x43b MCAL/EXT_INTERRUPT_DRIVER/EXT_INTERRUPT_PROGRAM.o
 .debug_loc     0x00000e40      0x6fe MCAL/GPIO_DRIVER/GPIO_PROGRAM.o
 .debug_loc     0x0000153e      0x286 MCAL/SPI_DRIVER/SPI_PROGRAM.o
 .debug_loc     0x000017c4      0x32c MCAL/TIMERS_DRIVER/TIMER0_DRIVER/TIMER0_PROGRAM.o
 .debug_loc     0x00001af0      0x5b6 MCAL/TIMERS_DRIVER/TIMER1_DRIVER/TIMER1_PROGRAM.o
 .debug_loc     0x000020a6      0x39d MCAL/UART_DRIVER/UART_PROGRAM.o

.debug_macinfo
 *(.debug_macinfo)

.debug_weaknames
 *(.debug_weaknames)

.debug_funcnames
 *(.debug_funcnames)

.debug_typenames
 *(.debug_typenames)

.debug_varnames
 *(.debug_varnames)

.debug_pubtypes
 *(.debug_pubtypes)

.debug_ranges   0x00000000      0x340
 *(.debug_ranges)
 .debug_ranges  0x00000000       0x38 APP/APP_MASTER_PROGRAM.o
 .debug_ranges  0x00000038       0x10 APP/TASK33_MASTER_main.o
 .debug_ranges  0x00000048       0x40 ECUAL/LCD_DRIVER/LCD_PROGRAM.o
 .debug_ranges  0x00000088       0x40 MCAL/ADC_DRIVER/ADC_PROGRAM.o
 .debug_ranges  0x000000c8       0x38 MCAL/EXT_INTERRUPT_DRIVER/EXT_INTERRUPT_PROGRAM.o
 .debug_ranges  0x00000100       0x18 MCAL/GLOBAL_INTERRUPT_DRIVER/GLOBAL_INTERRUPT_PROGRAM.o
 .debug_ranges  0x00000118       0x40 MCAL/GPIO_DRIVER/GPIO_PROGRAM.o
 .debug_ranges  0x00000158       0x60 MCAL/SPI_DRIVER/SPI_PROGRAM.o
 .debug_ranges  0x000001b8       0x78 MCAL/TIMERS_DRIVER/TIMER0_DRIVER/TIMER0_PROGRAM.o
 .debug_ranges  0x00000230       0xa8 MCAL/TIMERS_DRIVER/TIMER1_DRIVER/TIMER1_PROGRAM.o
 .debug_ranges  0x000002d8       0x68 MCAL/UART_DRIVER/UART_PROGRAM.o

.debug_macro
 *(.debug_macro)
OUTPUT(ATMEL_PROJMASTER.elf elf32-avr)
LOAD linker stubs
