Archive member included because of file (symbol)

c:/program files/winavr-20100110/bin/../lib/gcc/avr/4.3.3/avr5\libgcc.a(_exit.o)
                              c:/program files/winavr-20100110/bin/../lib/gcc/avr/4.3.3/../../../../avr/lib/avr5/crtm32.o (exit)
c:/program files/winavr-20100110/bin/../lib/gcc/avr/4.3.3/avr5\libgcc.a(_copy_data.o)
                              ./ECUAL/LCD_DRIVER/LCD_PROGRAM.o (__do_copy_data)
c:/program files/winavr-20100110/bin/../lib/gcc/avr/4.3.3/avr5\libgcc.a(_clear_bss.o)
                              ./MCAL/EXT_INTERRUPT_DRIVER/EXT_INTERRUPT_PROGRAM.o (__do_clear_bss)
c:/program files/winavr-20100110/bin/../lib/gcc/avr/4.3.3/avr5\libgcc.a(_fixunssfsi.o)
                              ./ECUAL/LCD_DRIVER/LCD_PROGRAM.o (__fixunssfsi)
c:/program files/winavr-20100110/bin/../lib/gcc/avr/4.3.3/avr5\libgcc.a(_addsub_sf.o)
                              c:/program files/winavr-20100110/bin/../lib/gcc/avr/4.3.3/avr5\libgcc.a(_fixunssfsi.o) (__subsf3)
c:/program files/winavr-20100110/bin/../lib/gcc/avr/4.3.3/avr5\libgcc.a(_mul_sf.o)
                              ./ECUAL/LCD_DRIVER/LCD_PROGRAM.o (__mulsf3)
c:/program files/winavr-20100110/bin/../lib/gcc/avr/4.3.3/avr5\libgcc.a(_gt_sf.o)
                              ./ECUAL/LCD_DRIVER/LCD_PROGRAM.o (__gtsf2)
c:/program files/winavr-20100110/bin/../lib/gcc/avr/4.3.3/avr5\libgcc.a(_ge_sf.o)
                              c:/program files/winavr-20100110/bin/../lib/gcc/avr/4.3.3/avr5\libgcc.a(_fixunssfsi.o) (__gesf2)
c:/program files/winavr-20100110/bin/../lib/gcc/avr/4.3.3/avr5\libgcc.a(_lt_sf.o)
                              ./ECUAL/LCD_DRIVER/LCD_PROGRAM.o (__ltsf2)
c:/program files/winavr-20100110/bin/../lib/gcc/avr/4.3.3/avr5\libgcc.a(_sf_to_si.o)
                              c:/program files/winavr-20100110/bin/../lib/gcc/avr/4.3.3/avr5\libgcc.a(_fixunssfsi.o) (__fixsfsi)
c:/program files/winavr-20100110/bin/../lib/gcc/avr/4.3.3/avr5\libgcc.a(_thenan_sf.o)
                              c:/program files/winavr-20100110/bin/../lib/gcc/avr/4.3.3/avr5\libgcc.a(_addsub_sf.o) (__thenan_sf)
c:/program files/winavr-20100110/bin/../lib/gcc/avr/4.3.3/avr5\libgcc.a(_prologue.o)
                              c:/program files/winavr-20100110/bin/../lib/gcc/avr/4.3.3/avr5\libgcc.a(_addsub_sf.o) (__prologue_saves__)
c:/program files/winavr-20100110/bin/../lib/gcc/avr/4.3.3/avr5\libgcc.a(_epilogue.o)
                              c:/program files/winavr-20100110/bin/../lib/gcc/avr/4.3.3/avr5\libgcc.a(_addsub_sf.o) (__epilogue_restores__)
c:/program files/winavr-20100110/bin/../lib/gcc/avr/4.3.3/avr5\libgcc.a(_pack_sf.o)
                              c:/program files/winavr-20100110/bin/../lib/gcc/avr/4.3.3/avr5\libgcc.a(_addsub_sf.o) (__pack_f)
c:/program files/winavr-20100110/bin/../lib/gcc/avr/4.3.3/avr5\libgcc.a(_unpack_sf.o)
                              c:/program files/winavr-20100110/bin/../lib/gcc/avr/4.3.3/avr5\libgcc.a(_addsub_sf.o) (__unpack_f)
c:/program files/winavr-20100110/bin/../lib/gcc/avr/4.3.3/avr5\libgcc.a(_fpcmp_parts_sf.o)
                              c:/program files/winavr-20100110/bin/../lib/gcc/avr/4.3.3/avr5\libgcc.a(_gt_sf.o) (__fpcmp_parts_f)
c:/program files/winavr-20100110/bin/../lib/gcc/avr/4.3.3/../../../../avr/lib/avr5\libc.a(itoa.o)
                              ./ECUAL/LCD_DRIVER/LCD_PROGRAM.o (itoa)
c:/program files/winavr-20100110/bin/../lib/gcc/avr/4.3.3/../../../../avr/lib/avr5\libc.a(strrev.o)
                              c:/program files/winavr-20100110/bin/../lib/gcc/avr/4.3.3/../../../../avr/lib/avr5\libc.a(itoa.o) (strrev)
c:/program files/winavr-20100110/bin/../lib/gcc/avr/4.3.3/avr5\libgcc.a(_udivmodhi4.o)
                              c:/program files/winavr-20100110/bin/../lib/gcc/avr/4.3.3/../../../../avr/lib/avr5\libc.a(itoa.o) (__udivmodhi4)

Allocating common symbols
Common symbol       size              file

CallBackPtr_INT2    0x2               ./MCAL/EXT_INTERRUPT_DRIVER/EXT_INTERRUPT_PROGRAM.o
CallBackPtr_INT0    0x2               ./MCAL/EXT_INTERRUPT_DRIVER/EXT_INTERRUPT_PROGRAM.o
CallBackPtr_INT1    0x2               ./MCAL/EXT_INTERRUPT_DRIVER/EXT_INTERRUPT_PROGRAM.o

Memory Configuration

Name             Origin             Length             Attributes
text             0x00000000         0x00020000         xr
data             0x00800060         0x0000ffa0         rw !x
eeprom           0x00810000         0x00010000         rw !x
fuse             0x00820000         0x00000400         rw !x
lock             0x00830000         0x00000400         rw !x
signature        0x00840000         0x00000400         rw !x
*default*        0x00000000         0xffffffff

Linker script and memory map

LOAD c:/program files/winavr-20100110/bin/../lib/gcc/avr/4.3.3/../../../../avr/lib/avr5/crtm32.o
LOAD ./MCAL/GPIO_DRIVER/GPIO_PROGRAM.o
LOAD ./MCAL/GLOBAL_INTERRUPT_DRIVER/GLOBAL_INTERRUPT_PROGRAM.o
LOAD ./MCAL/EXT_INTERRUPT_DRIVER/EXT_INTERRUPT_PROGRAM.o
LOAD ./ECUAL/SEVEN-SEGMENT_DRIVER/SEGMENT_PROGRAM.o
LOAD ./ECUAL/LED_DRIVER/LED_PROGRAM.o
LOAD ./ECUAL/LCD_DRIVER/LCD_PROGRAM.o
LOAD ./ECUAL/KEYPAD_DRIVER/KEYPAD_PROGRAM.o
LOAD ./APP/APP_PROGRAM.o
LOAD ./APP/TASK13_main.o
LOAD c:/program files/winavr-20100110/bin/../lib/gcc/avr/4.3.3/avr5\libgcc.a
LOAD c:/program files/winavr-20100110/bin/../lib/gcc/avr/4.3.3/../../../../avr/lib/avr5\libc.a
LOAD c:/program files/winavr-20100110/bin/../lib/gcc/avr/4.3.3/avr5\libgcc.a

.hash
 *(.hash)

.dynsym
 *(.dynsym)

.dynstr
 *(.dynstr)

.gnu.version
 *(.gnu.version)

.gnu.version_d
 *(.gnu.version_d)

.gnu.version_r
 *(.gnu.version_r)

.rel.init
 *(.rel.init)

.rela.init
 *(.rela.init)

.rel.text
 *(.rel.text)
 *(.rel.text.*)
 *(.rel.gnu.linkonce.t*)

.rela.text
 *(.rela.text)
 *(.rela.text.*)
 *(.rela.gnu.linkonce.t*)

.rel.fini
 *(.rel.fini)

.rela.fini
 *(.rela.fini)

.rel.rodata
 *(.rel.rodata)
 *(.rel.rodata.*)
 *(.rel.gnu.linkonce.r*)

.rela.rodata
 *(.rela.rodata)
 *(.rela.rodata.*)
 *(.rela.gnu.linkonce.r*)

.rel.data
 *(.rel.data)
 *(.rel.data.*)
 *(.rel.gnu.linkonce.d*)

.rela.data
 *(.rela.data)
 *(.rela.data.*)
 *(.rela.gnu.linkonce.d*)

.rel.ctors
 *(.rel.ctors)

.rela.ctors
 *(.rela.ctors)

.rel.dtors
 *(.rel.dtors)

.rela.dtors
 *(.rela.dtors)

.rel.got
 *(.rel.got)

.rela.got
 *(.rela.got)

.rel.bss
 *(.rel.bss)

.rela.bss
 *(.rela.bss)

.rel.plt
 *(.rel.plt)

.rela.plt
 *(.rela.plt)

.text           0x00000000     0x39c6
 *(.vectors)
 .vectors       0x00000000       0x54 c:/program files/winavr-20100110/bin/../lib/gcc/avr/4.3.3/../../../../avr/lib/avr5/crtm32.o
                0x00000000                __vectors
                0x00000000                __vector_default
 *(.vectors)
 *(.progmem.gcc*)
 *(.progmem*)
                0x00000054                . = ALIGN (0x2)
                0x00000054                __trampolines_start = .
 *(.trampolines)
 .trampolines   0x00000054        0x0 linker stubs
 *(.trampolines*)
                0x00000054                __trampolines_end = .
 *(.jumptables)
 *(.jumptables*)
 *(.lowtext)
 *(.lowtext*)
                0x00000054                __ctors_start = .
 *(.ctors)
                0x00000054                __ctors_end = .
                0x00000054                __dtors_start = .
 *(.dtors)
                0x00000054                __dtors_end = .
 SORT(*)(.ctors)
 SORT(*)(.dtors)
 *(.init0)
 .init0         0x00000054        0x0 c:/program files/winavr-20100110/bin/../lib/gcc/avr/4.3.3/../../../../avr/lib/avr5/crtm32.o
                0x00000054                __init
 *(.init0)
 *(.init1)
 *(.init1)
 *(.init2)
 .init2         0x00000054        0xc c:/program files/winavr-20100110/bin/../lib/gcc/avr/4.3.3/../../../../avr/lib/avr5/crtm32.o
 *(.init2)
 *(.init3)
 *(.init3)
 *(.init4)
 .init4         0x00000060       0x16 c:/program files/winavr-20100110/bin/../lib/gcc/avr/4.3.3/avr5\libgcc.a(_copy_data.o)
                0x00000060                __do_copy_data
 .init4         0x00000076       0x10 c:/program files/winavr-20100110/bin/../lib/gcc/avr/4.3.3/avr5\libgcc.a(_clear_bss.o)
                0x00000076                __do_clear_bss
 *(.init4)
 *(.init5)
 *(.init5)
 *(.init6)
 *(.init6)
 *(.init7)
 *(.init7)
 *(.init8)
 *(.init8)
 *(.init9)
 .init9         0x00000086        0x8 c:/program files/winavr-20100110/bin/../lib/gcc/avr/4.3.3/../../../../avr/lib/avr5/crtm32.o
 *(.init9)
 *(.text)
 .text          0x0000008e        0x4 c:/program files/winavr-20100110/bin/../lib/gcc/avr/4.3.3/../../../../avr/lib/avr5/crtm32.o
                0x0000008e                __vector_12
                0x0000008e                __bad_interrupt
                0x0000008e                __vector_6
                0x0000008e                __vector_11
                0x0000008e                __vector_13
                0x0000008e                __vector_17
                0x0000008e                __vector_19
                0x0000008e                __vector_7
                0x0000008e                __vector_5
                0x0000008e                __vector_4
                0x0000008e                __vector_9
                0x0000008e                __vector_15
                0x0000008e                __vector_8
                0x0000008e                __vector_14
                0x0000008e                __vector_10
                0x0000008e                __vector_16
                0x0000008e                __vector_18
                0x0000008e                __vector_20
 .text          0x00000092        0x0 ./MCAL/GPIO_DRIVER/GPIO_PROGRAM.o
 .text          0x00000092        0x0 ./MCAL/GLOBAL_INTERRUPT_DRIVER/GLOBAL_INTERRUPT_PROGRAM.o
 .text          0x00000092        0x0 ./MCAL/EXT_INTERRUPT_DRIVER/EXT_INTERRUPT_PROGRAM.o
 .text          0x00000092        0x0 ./ECUAL/SEVEN-SEGMENT_DRIVER/SEGMENT_PROGRAM.o
 .text          0x00000092        0x0 ./ECUAL/LED_DRIVER/LED_PROGRAM.o
 .text          0x00000092        0x0 ./ECUAL/LCD_DRIVER/LCD_PROGRAM.o
 .text          0x00000092        0x0 ./ECUAL/KEYPAD_DRIVER/KEYPAD_PROGRAM.o
 .text          0x00000092        0x0 ./APP/APP_PROGRAM.o
 .text          0x00000092        0x0 ./APP/TASK13_main.o
 .text          0x00000092        0x0 c:/program files/winavr-20100110/bin/../lib/gcc/avr/4.3.3/avr5\libgcc.a(_exit.o)
 .text          0x00000092        0x0 c:/program files/winavr-20100110/bin/../lib/gcc/avr/4.3.3/avr5\libgcc.a(_copy_data.o)
 .text          0x00000092        0x0 c:/program files/winavr-20100110/bin/../lib/gcc/avr/4.3.3/avr5\libgcc.a(_clear_bss.o)
 .text          0x00000092       0x58 c:/program files/winavr-20100110/bin/../lib/gcc/avr/4.3.3/avr5\libgcc.a(_fixunssfsi.o)
                0x00000092                __fixunssfsi
 .text          0x000000ea      0x354 c:/program files/winavr-20100110/bin/../lib/gcc/avr/4.3.3/avr5\libgcc.a(_addsub_sf.o)
                0x00000382                __subsf3
                0x000003e4                __addsf3
 .text          0x0000043e      0x1f4 c:/program files/winavr-20100110/bin/../lib/gcc/avr/4.3.3/avr5\libgcc.a(_mul_sf.o)
                0x0000043e                __mulsf3
 .text          0x00000632       0x60 c:/program files/winavr-20100110/bin/../lib/gcc/avr/4.3.3/avr5\libgcc.a(_gt_sf.o)
                0x00000632                __gtsf2
 .text          0x00000692       0x60 c:/program files/winavr-20100110/bin/../lib/gcc/avr/4.3.3/avr5\libgcc.a(_ge_sf.o)
                0x00000692                __gesf2
 .text          0x000006f2       0x60 c:/program files/winavr-20100110/bin/../lib/gcc/avr/4.3.3/avr5\libgcc.a(_lt_sf.o)
                0x000006f2                __ltsf2
 .text          0x00000752       0xa8 c:/program files/winavr-20100110/bin/../lib/gcc/avr/4.3.3/avr5\libgcc.a(_sf_to_si.o)
                0x00000752                __fixsfsi
 .text          0x000007fa        0x0 c:/program files/winavr-20100110/bin/../lib/gcc/avr/4.3.3/avr5\libgcc.a(_thenan_sf.o)
 .text          0x000007fa        0x0 c:/program files/winavr-20100110/bin/../lib/gcc/avr/4.3.3/avr5\libgcc.a(_prologue.o)
 .text          0x000007fa        0x0 c:/program files/winavr-20100110/bin/../lib/gcc/avr/4.3.3/avr5\libgcc.a(_epilogue.o)
 .text          0x000007fa      0x1aa c:/program files/winavr-20100110/bin/../lib/gcc/avr/4.3.3/avr5\libgcc.a(_pack_sf.o)
                0x000007fa                __pack_f
 .text          0x000009a4       0xf0 c:/program files/winavr-20100110/bin/../lib/gcc/avr/4.3.3/avr5\libgcc.a(_unpack_sf.o)
                0x000009a4                __unpack_f
 .text          0x00000a94       0xb2 c:/program files/winavr-20100110/bin/../lib/gcc/avr/4.3.3/avr5\libgcc.a(_fpcmp_parts_sf.o)
                0x00000a94                __fpcmp_parts_f
 .text          0x00000b46        0x0 c:/program files/winavr-20100110/bin/../lib/gcc/avr/4.3.3/../../../../avr/lib/avr5\libc.a(itoa.o)
 .text          0x00000b46        0x0 c:/program files/winavr-20100110/bin/../lib/gcc/avr/4.3.3/../../../../avr/lib/avr5\libc.a(strrev.o)
 .text          0x00000b46        0x0 c:/program files/winavr-20100110/bin/../lib/gcc/avr/4.3.3/avr5\libgcc.a(_udivmodhi4.o)
                0x00000b46                . = ALIGN (0x2)
 *(.text.*)
 .text.GPIO_voidSetPinDirection
                0x00000b46      0x1f8 ./MCAL/GPIO_DRIVER/GPIO_PROGRAM.o
                0x00000b46                GPIO_voidSetPinDirection
 .text.GPIO_voidSetPinValue
                0x00000d3e      0x1f8 ./MCAL/GPIO_DRIVER/GPIO_PROGRAM.o
                0x00000d3e                GPIO_voidSetPinValue
 .text.GPIO_u8GetPinValue
                0x00000f36      0x144 ./MCAL/GPIO_DRIVER/GPIO_PROGRAM.o
                0x00000f36                GPIO_u8GetPinValue
 .text.GPIO_voidTogglePin
                0x0000107a      0x11c ./MCAL/GPIO_DRIVER/GPIO_PROGRAM.o
                0x0000107a                GPIO_voidTogglePin
 .text.GPIO_voidSetPortDirection
                0x00001196       0xaa ./MCAL/GPIO_DRIVER/GPIO_PROGRAM.o
                0x00001196                GPIO_voidSetPortDirection
 .text.GPIO_voidSetPortValue
                0x00001240       0x98 ./MCAL/GPIO_DRIVER/GPIO_PROGRAM.o
                0x00001240                GPIO_voidSetPortValue
 .text.GPIO_u8GetPortValue
                0x000012d8       0x98 ./MCAL/GPIO_DRIVER/GPIO_PROGRAM.o
                0x000012d8                GPIO_u8GetPortValue
 .text.GLOBAL_INTERRUPT_voidEnable
                0x00001370       0x1c ./MCAL/GLOBAL_INTERRUPT_DRIVER/GLOBAL_INTERRUPT_PROGRAM.o
                0x00001370                GLOBAL_INTERRUPT_voidEnable
 .text.GLOBAL_INTERRUPT_voidDisable
                0x0000138c       0x1c ./MCAL/GLOBAL_INTERRUPT_DRIVER/GLOBAL_INTERRUPT_PROGRAM.o
                0x0000138c                GLOBAL_INTERRUPT_voidDisable
 .text.EXT_INTERRUPT_Sense_voidINTx
                0x000013a8      0x198 ./MCAL/EXT_INTERRUPT_DRIVER/EXT_INTERRUPT_PROGRAM.o
                0x000013a8                EXT_INTERRUPT_Sense_voidINTx
 .text.EXT_INTERRUPT_Enable_voidINTx
                0x00001540       0xba ./MCAL/EXT_INTERRUPT_DRIVER/EXT_INTERRUPT_PROGRAM.o
                0x00001540                EXT_INTERRUPT_Enable_voidINTx
 .text.EXT_INTERRUPT_Disable_voidINTx
                0x000015fa       0x80 ./MCAL/EXT_INTERRUPT_DRIVER/EXT_INTERRUPT_PROGRAM.o
                0x000015fa                EXT_INTERRUPT_Disable_voidINTx
 .text.__vector_1
                0x0000167a       0x66 ./MCAL/EXT_INTERRUPT_DRIVER/EXT_INTERRUPT_PROGRAM.o
                0x0000167a                __vector_1
 .text.__vector_2
                0x000016e0       0x66 ./MCAL/EXT_INTERRUPT_DRIVER/EXT_INTERRUPT_PROGRAM.o
                0x000016e0                __vector_2
 .text.__vector_3
                0x00001746       0x66 ./MCAL/EXT_INTERRUPT_DRIVER/EXT_INTERRUPT_PROGRAM.o
                0x00001746                __vector_3
 .text.SEGMENT_voidInit
                0x000017ac       0x64 ./ECUAL/SEVEN-SEGMENT_DRIVER/SEGMENT_PROGRAM.o
                0x000017ac                SEGMENT_voidInit
 .text.SEGMENT_voidDisplay
                0x00001810      0x27a ./ECUAL/SEVEN-SEGMENT_DRIVER/SEGMENT_PROGRAM.o
                0x00001810                SEGMENT_voidDisplay
 .text.LED_voidInit
                0x00001a8a       0x44 ./ECUAL/LED_DRIVER/LED_PROGRAM.o
                0x00001a8a                LED_voidInit
 .text.LED_voidOn
                0x00001ace       0x44 ./ECUAL/LED_DRIVER/LED_PROGRAM.o
                0x00001ace                LED_voidOn
 .text.LED_voidOff
                0x00001b12       0x44 ./ECUAL/LED_DRIVER/LED_PROGRAM.o
                0x00001b12                LED_voidOff
 .text.LED_voidToggle
                0x00001b56       0x42 ./ECUAL/LED_DRIVER/LED_PROGRAM.o
                0x00001b56                LED_voidToggle
 .text.LCD_voidInit
                0x00001b98      0x248 ./ECUAL/LCD_DRIVER/LCD_PROGRAM.o
                0x00001b98                LCD_voidInit
 .text.LCD_voidSendCommand
                0x00001de0      0x8a4 ./ECUAL/LCD_DRIVER/LCD_PROGRAM.o
                0x00001de0                LCD_voidSendCommand
 .text.LCD_voidDisplayCharacter
                0x00002684      0x8a4 ./ECUAL/LCD_DRIVER/LCD_PROGRAM.o
                0x00002684                LCD_voidDisplayCharacter
 .text.LCD_voidDisplayString
                0x00002f28       0x88 ./ECUAL/LCD_DRIVER/LCD_PROGRAM.o
                0x00002f28                LCD_voidDisplayString
 .text.LCD_voidMoveCursor
                0x00002fb0       0x90 ./ECUAL/LCD_DRIVER/LCD_PROGRAM.o
                0x00002fb0                LCD_voidMoveCursor
 .text.LCD_voidIntgerToString
                0x00003040       0x5a ./ECUAL/LCD_DRIVER/LCD_PROGRAM.o
                0x00003040                LCD_voidIntgerToString
 .text.LCD_voidClearScreen
                0x0000309a       0x14 ./ECUAL/LCD_DRIVER/LCD_PROGRAM.o
                0x0000309a                LCD_voidClearScreen
 .text.KEYPAD_voidInit
                0x000030ae       0xa6 ./ECUAL/KEYPAD_DRIVER/KEYPAD_PROGRAM.o
                0x000030ae                KEYPAD_voidInit
 .text.KEYPAD_u8getPressedKey
                0x00003154       0xfe ./ECUAL/KEYPAD_DRIVER/KEYPAD_PROGRAM.o
                0x00003154                KEYPAD_u8getPressedKey
 .text.systemInit
                0x00003252       0x16 ./APP/APP_PROGRAM.o
                0x00003252                systemInit
 .text.keypadDisplayName
                0x00003268       0x6c ./APP/APP_PROGRAM.o
                0x00003268                keypadDisplayName
 .text.binaryLEDS
                0x000032d4      0x260 ./APP/APP_PROGRAM.o
                0x000032d4                binaryLEDS
 .text.TrafficLights
                0x00003534      0x35a ./APP/APP_PROGRAM.o
                0x00003534                TrafficLights
 .text.displayKEYPADLCD
                0x0000388e       0x26 ./APP/APP_PROGRAM.o
                0x0000388e                displayKEYPADLCD
 .text.main     0x000038b4       0x16 ./APP/TASK13_main.o
                0x000038b4                main
 .text.libgcc   0x000038ca        0x0 c:/program files/winavr-20100110/bin/../lib/gcc/avr/4.3.3/avr5\libgcc.a(_exit.o)
 .text.libgcc   0x000038ca        0x0 c:/program files/winavr-20100110/bin/../lib/gcc/avr/4.3.3/avr5\libgcc.a(_copy_data.o)
 .text.libgcc   0x000038ca        0x0 c:/program files/winavr-20100110/bin/../lib/gcc/avr/4.3.3/avr5\libgcc.a(_clear_bss.o)
 .text.libgcc   0x000038ca       0x38 c:/program files/winavr-20100110/bin/../lib/gcc/avr/4.3.3/avr5\libgcc.a(_prologue.o)
                0x000038ca                __prologue_saves__
 .text.libgcc   0x00003902       0x36 c:/program files/winavr-20100110/bin/../lib/gcc/avr/4.3.3/avr5\libgcc.a(_epilogue.o)
                0x00003902                __epilogue_restores__
 .text.avr-libc
                0x00003938       0x42 c:/program files/winavr-20100110/bin/../lib/gcc/avr/4.3.3/../../../../avr/lib/avr5\libc.a(itoa.o)
                0x00003938                itoa
 .text.avr-libc
                0x0000397a       0x20 c:/program files/winavr-20100110/bin/../lib/gcc/avr/4.3.3/../../../../avr/lib/avr5\libc.a(strrev.o)
                0x0000397a                strrev
 .text.libgcc   0x0000399a       0x28 c:/program files/winavr-20100110/bin/../lib/gcc/avr/4.3.3/avr5\libgcc.a(_udivmodhi4.o)
                0x0000399a                __udivmodhi4
                0x000039c2                . = ALIGN (0x2)
 *(.fini9)
 .fini9         0x000039c2        0x0 c:/program files/winavr-20100110/bin/../lib/gcc/avr/4.3.3/avr5\libgcc.a(_exit.o)
                0x000039c2                exit
                0x000039c2                _exit
 *(.fini9)
 *(.fini8)
 *(.fini8)
 *(.fini7)
 *(.fini7)
 *(.fini6)
 *(.fini6)
 *(.fini5)
 *(.fini5)
 *(.fini4)
 *(.fini4)
 *(.fini3)
 *(.fini3)
 *(.fini2)
 *(.fini2)
 *(.fini1)
 *(.fini1)
 *(.fini0)
 .fini0         0x000039c2        0x4 c:/program files/winavr-20100110/bin/../lib/gcc/avr/4.3.3/avr5\libgcc.a(_exit.o)
 *(.fini0)
                0x000039c6                _etext = .

.data           0x00800060       0x44 load address 0x000039c6
                0x00800060                PROVIDE (__data_start, .)
 *(.data)
 .data          0x00800060        0x0 c:/program files/winavr-20100110/bin/../lib/gcc/avr/4.3.3/../../../../avr/lib/avr5/crtm32.o
 .data          0x00800060        0x0 ./MCAL/GPIO_DRIVER/GPIO_PROGRAM.o
 .data          0x00800060        0x0 ./MCAL/GLOBAL_INTERRUPT_DRIVER/GLOBAL_INTERRUPT_PROGRAM.o
 .data          0x00800060        0x0 ./MCAL/EXT_INTERRUPT_DRIVER/EXT_INTERRUPT_PROGRAM.o
 .data          0x00800060        0x0 ./ECUAL/SEVEN-SEGMENT_DRIVER/SEGMENT_PROGRAM.o
 .data          0x00800060        0x0 ./ECUAL/LED_DRIVER/LED_PROGRAM.o
 .data          0x00800060        0x8 ./ECUAL/LCD_DRIVER/LCD_PROGRAM.o
 .data          0x00800068        0x0 ./ECUAL/KEYPAD_DRIVER/KEYPAD_PROGRAM.o
 .data          0x00800068       0x14 ./APP/APP_PROGRAM.o
 .data          0x0080007c        0x0 ./APP/TASK13_main.o
 .data          0x0080007c        0x0 c:/program files/winavr-20100110/bin/../lib/gcc/avr/4.3.3/avr5\libgcc.a(_exit.o)
 .data          0x0080007c        0x0 c:/program files/winavr-20100110/bin/../lib/gcc/avr/4.3.3/avr5\libgcc.a(_copy_data.o)
 .data          0x0080007c        0x0 c:/program files/winavr-20100110/bin/../lib/gcc/avr/4.3.3/avr5\libgcc.a(_clear_bss.o)
 .data          0x0080007c        0x0 c:/program files/winavr-20100110/bin/../lib/gcc/avr/4.3.3/avr5\libgcc.a(_fixunssfsi.o)
 .data          0x0080007c        0x0 c:/program files/winavr-20100110/bin/../lib/gcc/avr/4.3.3/avr5\libgcc.a(_addsub_sf.o)
 .data          0x0080007c        0x0 c:/program files/winavr-20100110/bin/../lib/gcc/avr/4.3.3/avr5\libgcc.a(_mul_sf.o)
 .data          0x0080007c        0x0 c:/program files/winavr-20100110/bin/../lib/gcc/avr/4.3.3/avr5\libgcc.a(_gt_sf.o)
 .data          0x0080007c        0x0 c:/program files/winavr-20100110/bin/../lib/gcc/avr/4.3.3/avr5\libgcc.a(_ge_sf.o)
 .data          0x0080007c        0x0 c:/program files/winavr-20100110/bin/../lib/gcc/avr/4.3.3/avr5\libgcc.a(_lt_sf.o)
 .data          0x0080007c        0x0 c:/program files/winavr-20100110/bin/../lib/gcc/avr/4.3.3/avr5\libgcc.a(_sf_to_si.o)
 .data          0x0080007c        0x8 c:/program files/winavr-20100110/bin/../lib/gcc/avr/4.3.3/avr5\libgcc.a(_thenan_sf.o)
                0x0080007c                __thenan_sf
 .data          0x00800084        0x0 c:/program files/winavr-20100110/bin/../lib/gcc/avr/4.3.3/avr5\libgcc.a(_prologue.o)
 .data          0x00800084        0x0 c:/program files/winavr-20100110/bin/../lib/gcc/avr/4.3.3/avr5\libgcc.a(_epilogue.o)
 .data          0x00800084        0x0 c:/program files/winavr-20100110/bin/../lib/gcc/avr/4.3.3/avr5\libgcc.a(_pack_sf.o)
 .data          0x00800084        0x0 c:/program files/winavr-20100110/bin/../lib/gcc/avr/4.3.3/avr5\libgcc.a(_unpack_sf.o)
 .data          0x00800084        0x0 c:/program files/winavr-20100110/bin/../lib/gcc/avr/4.3.3/avr5\libgcc.a(_fpcmp_parts_sf.o)
 .data          0x00800084        0x0 c:/program files/winavr-20100110/bin/../lib/gcc/avr/4.3.3/../../../../avr/lib/avr5\libc.a(itoa.o)
 .data          0x00800084        0x0 c:/program files/winavr-20100110/bin/../lib/gcc/avr/4.3.3/../../../../avr/lib/avr5\libc.a(strrev.o)
 .data          0x00800084        0x0 c:/program files/winavr-20100110/bin/../lib/gcc/avr/4.3.3/avr5\libgcc.a(_udivmodhi4.o)
 *(.data*)
 .data.KPD_ROW_PORT_VAL
                0x00800084        0x4 ./ECUAL/KEYPAD_DRIVER/KEYPAD_PROGRAM.o
                0x00800084                KPD_ROW_PORT_VAL
 .data.KPD_ROW_PIN_VAL
                0x00800088        0x4 ./ECUAL/KEYPAD_DRIVER/KEYPAD_PROGRAM.o
                0x00800088                KPD_ROW_PIN_VAL
 .data.KPD_COL_PORT_VAL
                0x0080008c        0x4 ./ECUAL/KEYPAD_DRIVER/KEYPAD_PROGRAM.o
                0x0080008c                KPD_COL_PORT_VAL
 .data.KPD_COL_PIN_VAL
                0x00800090        0x4 ./ECUAL/KEYPAD_DRIVER/KEYPAD_PROGRAM.o
                0x00800090                KPD_COL_PIN_VAL
 .data.KPD_DATA
                0x00800094       0x10 ./ECUAL/KEYPAD_DRIVER/KEYPAD_PROGRAM.o
                0x00800094                KPD_DATA
 *(.rodata)
 *(.rodata*)
 *(.gnu.linkonce.d*)
                0x008000a4                . = ALIGN (0x2)
                0x008000a4                _edata = .
                0x008000a4                PROVIDE (__data_end, .)

.bss            0x008000a4        0x6
                0x008000a4                PROVIDE (__bss_start, .)
 *(.bss)
 .bss           0x008000a4        0x0 c:/program files/winavr-20100110/bin/../lib/gcc/avr/4.3.3/../../../../avr/lib/avr5/crtm32.o
 .bss           0x008000a4        0x0 ./MCAL/GPIO_DRIVER/GPIO_PROGRAM.o
 .bss           0x008000a4        0x0 ./MCAL/GLOBAL_INTERRUPT_DRIVER/GLOBAL_INTERRUPT_PROGRAM.o
 .bss           0x008000a4        0x0 ./MCAL/EXT_INTERRUPT_DRIVER/EXT_INTERRUPT_PROGRAM.o
 .bss           0x008000a4        0x0 ./ECUAL/SEVEN-SEGMENT_DRIVER/SEGMENT_PROGRAM.o
 .bss           0x008000a4        0x0 ./ECUAL/LED_DRIVER/LED_PROGRAM.o
 .bss           0x008000a4        0x0 ./ECUAL/LCD_DRIVER/LCD_PROGRAM.o
 .bss           0x008000a4        0x0 ./ECUAL/KEYPAD_DRIVER/KEYPAD_PROGRAM.o
 .bss           0x008000a4        0x0 ./APP/APP_PROGRAM.o
 .bss           0x008000a4        0x0 ./APP/TASK13_main.o
 .bss           0x008000a4        0x0 c:/program files/winavr-20100110/bin/../lib/gcc/avr/4.3.3/avr5\libgcc.a(_exit.o)
 .bss           0x008000a4        0x0 c:/program files/winavr-20100110/bin/../lib/gcc/avr/4.3.3/avr5\libgcc.a(_copy_data.o)
 .bss           0x008000a4        0x0 c:/program files/winavr-20100110/bin/../lib/gcc/avr/4.3.3/avr5\libgcc.a(_clear_bss.o)
 .bss           0x008000a4        0x0 c:/program files/winavr-20100110/bin/../lib/gcc/avr/4.3.3/avr5\libgcc.a(_fixunssfsi.o)
 .bss           0x008000a4        0x0 c:/program files/winavr-20100110/bin/../lib/gcc/avr/4.3.3/avr5\libgcc.a(_addsub_sf.o)
 .bss           0x008000a4        0x0 c:/program files/winavr-20100110/bin/../lib/gcc/avr/4.3.3/avr5\libgcc.a(_mul_sf.o)
 .bss           0x008000a4        0x0 c:/program files/winavr-20100110/bin/../lib/gcc/avr/4.3.3/avr5\libgcc.a(_gt_sf.o)
 .bss           0x008000a4        0x0 c:/program files/winavr-20100110/bin/../lib/gcc/avr/4.3.3/avr5\libgcc.a(_ge_sf.o)
 .bss           0x008000a4        0x0 c:/program files/winavr-20100110/bin/../lib/gcc/avr/4.3.3/avr5\libgcc.a(_lt_sf.o)
 .bss           0x008000a4        0x0 c:/program files/winavr-20100110/bin/../lib/gcc/avr/4.3.3/avr5\libgcc.a(_sf_to_si.o)
 .bss           0x008000a4        0x0 c:/program files/winavr-20100110/bin/../lib/gcc/avr/4.3.3/avr5\libgcc.a(_thenan_sf.o)
 .bss           0x008000a4        0x0 c:/program files/winavr-20100110/bin/../lib/gcc/avr/4.3.3/avr5\libgcc.a(_prologue.o)
 .bss           0x008000a4        0x0 c:/program files/winavr-20100110/bin/../lib/gcc/avr/4.3.3/avr5\libgcc.a(_epilogue.o)
 .bss           0x008000a4        0x0 c:/program files/winavr-20100110/bin/../lib/gcc/avr/4.3.3/avr5\libgcc.a(_pack_sf.o)
 .bss           0x008000a4        0x0 c:/program files/winavr-20100110/bin/../lib/gcc/avr/4.3.3/avr5\libgcc.a(_unpack_sf.o)
 .bss           0x008000a4        0x0 c:/program files/winavr-20100110/bin/../lib/gcc/avr/4.3.3/avr5\libgcc.a(_fpcmp_parts_sf.o)
 .bss           0x008000a4        0x0 c:/program files/winavr-20100110/bin/../lib/gcc/avr/4.3.3/../../../../avr/lib/avr5\libc.a(itoa.o)
 .bss           0x008000a4        0x0 c:/program files/winavr-20100110/bin/../lib/gcc/avr/4.3.3/../../../../avr/lib/avr5\libc.a(strrev.o)
 .bss           0x008000a4        0x0 c:/program files/winavr-20100110/bin/../lib/gcc/avr/4.3.3/avr5\libgcc.a(_udivmodhi4.o)
 *(.bss*)
 *(COMMON)
 COMMON         0x008000a4        0x6 ./MCAL/EXT_INTERRUPT_DRIVER/EXT_INTERRUPT_PROGRAM.o
                0x008000a4                CallBackPtr_INT2
                0x008000a6                CallBackPtr_INT0
                0x008000a8                CallBackPtr_INT1
                0x008000aa                PROVIDE (__bss_end, .)
                0x000039c6                __data_load_start = LOADADDR (.data)
                0x00003a0a                __data_load_end = (__data_load_start + SIZEOF (.data))

.noinit         0x008000aa        0x0
                0x008000aa                PROVIDE (__noinit_start, .)
 *(.noinit*)
                0x008000aa                PROVIDE (__noinit_end, .)
                0x008000aa                _end = .
                0x008000aa                PROVIDE (__heap_start, .)

.eeprom         0x00810000        0x0
 *(.eeprom*)
                0x00810000                __eeprom_end = .

.fuse
 *(.fuse)
 *(.lfuse)
 *(.hfuse)
 *(.efuse)

.lock
 *(.lock*)

.signature
 *(.signature*)

.stab           0x00000000     0x4068
 *(.stab)
 .stab          0x00000000      0x9fc ./MCAL/GPIO_DRIVER/GPIO_PROGRAM.o
 .stab          0x000009fc      0x294 ./MCAL/GLOBAL_INTERRUPT_DRIVER/GLOBAL_INTERRUPT_PROGRAM.o
                                0x2a0 (size before relaxing)
 .stab          0x00000c90      0x5b8 ./MCAL/EXT_INTERRUPT_DRIVER/EXT_INTERRUPT_PROGRAM.o
                                0x5c4 (size before relaxing)
 .stab          0x00001248      0x5ac ./ECUAL/SEVEN-SEGMENT_DRIVER/SEGMENT_PROGRAM.o
                                0x5b8 (size before relaxing)
 .stab          0x000017f4      0x54c ./ECUAL/LED_DRIVER/LED_PROGRAM.o
                                0x558 (size before relaxing)
 .stab          0x00001d40     0x1398 ./ECUAL/LCD_DRIVER/LCD_PROGRAM.o
                               0x13a4 (size before relaxing)
 .stab          0x000030d8      0x420 ./ECUAL/KEYPAD_DRIVER/KEYPAD_PROGRAM.o
                                0x5b8 (size before relaxing)
 .stab          0x000034f8      0x9b4 ./APP/APP_PROGRAM.o
                                0xb4c (size before relaxing)
 .stab          0x00003eac      0x1bc ./APP/TASK13_main.o
                                0x4d4 (size before relaxing)

.stabstr        0x00000000     0x212b
 *(.stabstr)
 .stabstr       0x00000000     0x212b ./MCAL/GPIO_DRIVER/GPIO_PROGRAM.o

.stab.excl
 *(.stab.excl)

.stab.exclstr
 *(.stab.exclstr)

.stab.index
 *(.stab.index)

.stab.indexstr
 *(.stab.indexstr)

.comment
 *(.comment)

.debug
 *(.debug)

.line
 *(.line)

.debug_srcinfo
 *(.debug_srcinfo)

.debug_sfnames
 *(.debug_sfnames)

.debug_aranges  0x00000000      0x140
 *(.debug_aranges)
 .debug_aranges
                0x00000000       0x20 c:/program files/winavr-20100110/bin/../lib/gcc/avr/4.3.3/avr5\libgcc.a(_fixunssfsi.o)
 .debug_aranges
                0x00000020       0x20 c:/program files/winavr-20100110/bin/../lib/gcc/avr/4.3.3/avr5\libgcc.a(_addsub_sf.o)
 .debug_aranges
                0x00000040       0x20 c:/program files/winavr-20100110/bin/../lib/gcc/avr/4.3.3/avr5\libgcc.a(_mul_sf.o)
 .debug_aranges
                0x00000060       0x20 c:/program files/winavr-20100110/bin/../lib/gcc/avr/4.3.3/avr5\libgcc.a(_gt_sf.o)
 .debug_aranges
                0x00000080       0x20 c:/program files/winavr-20100110/bin/../lib/gcc/avr/4.3.3/avr5\libgcc.a(_ge_sf.o)
 .debug_aranges
                0x000000a0       0x20 c:/program files/winavr-20100110/bin/../lib/gcc/avr/4.3.3/avr5\libgcc.a(_lt_sf.o)
 .debug_aranges
                0x000000c0       0x20 c:/program files/winavr-20100110/bin/../lib/gcc/avr/4.3.3/avr5\libgcc.a(_sf_to_si.o)
 .debug_aranges
                0x000000e0       0x20 c:/program files/winavr-20100110/bin/../lib/gcc/avr/4.3.3/avr5\libgcc.a(_pack_sf.o)
 .debug_aranges
                0x00000100       0x20 c:/program files/winavr-20100110/bin/../lib/gcc/avr/4.3.3/avr5\libgcc.a(_unpack_sf.o)
 .debug_aranges
                0x00000120       0x20 c:/program files/winavr-20100110/bin/../lib/gcc/avr/4.3.3/avr5\libgcc.a(_fpcmp_parts_sf.o)

.debug_pubnames
                0x00000000      0x170
 *(.debug_pubnames)
 .debug_pubnames
                0x00000000       0x23 c:/program files/winavr-20100110/bin/../lib/gcc/avr/4.3.3/avr5\libgcc.a(_fixunssfsi.o)
 .debug_pubnames
                0x00000023       0x2c c:/program files/winavr-20100110/bin/../lib/gcc/avr/4.3.3/avr5\libgcc.a(_addsub_sf.o)
 .debug_pubnames
                0x0000004f       0x1f c:/program files/winavr-20100110/bin/../lib/gcc/avr/4.3.3/avr5\libgcc.a(_mul_sf.o)
 .debug_pubnames
                0x0000006e       0x1e c:/program files/winavr-20100110/bin/../lib/gcc/avr/4.3.3/avr5\libgcc.a(_gt_sf.o)
 .debug_pubnames
                0x0000008c       0x1e c:/program files/winavr-20100110/bin/../lib/gcc/avr/4.3.3/avr5\libgcc.a(_ge_sf.o)
 .debug_pubnames
                0x000000aa       0x1e c:/program files/winavr-20100110/bin/../lib/gcc/avr/4.3.3/avr5\libgcc.a(_lt_sf.o)
 .debug_pubnames
                0x000000c8       0x20 c:/program files/winavr-20100110/bin/../lib/gcc/avr/4.3.3/avr5\libgcc.a(_sf_to_si.o)
 .debug_pubnames
                0x000000e8       0x22 c:/program files/winavr-20100110/bin/../lib/gcc/avr/4.3.3/avr5\libgcc.a(_thenan_sf.o)
 .debug_pubnames
                0x0000010a       0x1f c:/program files/winavr-20100110/bin/../lib/gcc/avr/4.3.3/avr5\libgcc.a(_pack_sf.o)
 .debug_pubnames
                0x00000129       0x21 c:/program files/winavr-20100110/bin/../lib/gcc/avr/4.3.3/avr5\libgcc.a(_unpack_sf.o)
 .debug_pubnames
                0x0000014a       0x26 c:/program files/winavr-20100110/bin/../lib/gcc/avr/4.3.3/avr5\libgcc.a(_fpcmp_parts_sf.o)

.debug_info     0x00000000     0x1c49
 *(.debug_info)
 .debug_info    0x00000000       0xb1 c:/program files/winavr-20100110/bin/../lib/gcc/avr/4.3.3/avr5\libgcc.a(_fixunssfsi.o)
 .debug_info    0x000000b1      0x47a c:/program files/winavr-20100110/bin/../lib/gcc/avr/4.3.3/avr5\libgcc.a(_addsub_sf.o)
 .debug_info    0x0000052b      0x485 c:/program files/winavr-20100110/bin/../lib/gcc/avr/4.3.3/avr5\libgcc.a(_mul_sf.o)
 .debug_info    0x000009b0      0x27f c:/program files/winavr-20100110/bin/../lib/gcc/avr/4.3.3/avr5\libgcc.a(_gt_sf.o)
 .debug_info    0x00000c2f      0x27f c:/program files/winavr-20100110/bin/../lib/gcc/avr/4.3.3/avr5\libgcc.a(_ge_sf.o)
 .debug_info    0x00000eae      0x27f c:/program files/winavr-20100110/bin/../lib/gcc/avr/4.3.3/avr5\libgcc.a(_lt_sf.o)
 .debug_info    0x0000112d      0x2b0 c:/program files/winavr-20100110/bin/../lib/gcc/avr/4.3.3/avr5\libgcc.a(_sf_to_si.o)
 .debug_info    0x000013dd      0x12c c:/program files/winavr-20100110/bin/../lib/gcc/avr/4.3.3/avr5\libgcc.a(_thenan_sf.o)
 .debug_info    0x00001509      0x2df c:/program files/winavr-20100110/bin/../lib/gcc/avr/4.3.3/avr5\libgcc.a(_pack_sf.o)
 .debug_info    0x000017e8      0x251 c:/program files/winavr-20100110/bin/../lib/gcc/avr/4.3.3/avr5\libgcc.a(_unpack_sf.o)
 .debug_info    0x00001a39      0x210 c:/program files/winavr-20100110/bin/../lib/gcc/avr/4.3.3/avr5\libgcc.a(_fpcmp_parts_sf.o)
 *(.gnu.linkonce.wi.*)

.debug_abbrev   0x00000000      0xeeb
 *(.debug_abbrev)
 .debug_abbrev  0x00000000       0x5d c:/program files/winavr-20100110/bin/../lib/gcc/avr/4.3.3/avr5\libgcc.a(_fixunssfsi.o)
 .debug_abbrev  0x0000005d      0x1ea c:/program files/winavr-20100110/bin/../lib/gcc/avr/4.3.3/avr5\libgcc.a(_addsub_sf.o)
 .debug_abbrev  0x00000247      0x21b c:/program files/winavr-20100110/bin/../lib/gcc/avr/4.3.3/avr5\libgcc.a(_mul_sf.o)
 .debug_abbrev  0x00000462      0x15a c:/program files/winavr-20100110/bin/../lib/gcc/avr/4.3.3/avr5\libgcc.a(_gt_sf.o)
 .debug_abbrev  0x000005bc      0x15a c:/program files/winavr-20100110/bin/../lib/gcc/avr/4.3.3/avr5\libgcc.a(_ge_sf.o)
 .debug_abbrev  0x00000716      0x15a c:/program files/winavr-20100110/bin/../lib/gcc/avr/4.3.3/avr5\libgcc.a(_lt_sf.o)
 .debug_abbrev  0x00000870      0x17f c:/program files/winavr-20100110/bin/../lib/gcc/avr/4.3.3/avr5\libgcc.a(_sf_to_si.o)
 .debug_abbrev  0x000009ef       0xad c:/program files/winavr-20100110/bin/../lib/gcc/avr/4.3.3/avr5\libgcc.a(_thenan_sf.o)
 .debug_abbrev  0x00000a9c      0x1c0 c:/program files/winavr-20100110/bin/../lib/gcc/avr/4.3.3/avr5\libgcc.a(_pack_sf.o)
 .debug_abbrev  0x00000c5c      0x154 c:/program files/winavr-20100110/bin/../lib/gcc/avr/4.3.3/avr5\libgcc.a(_unpack_sf.o)
 .debug_abbrev  0x00000db0      0x13b c:/program files/winavr-20100110/bin/../lib/gcc/avr/4.3.3/avr5\libgcc.a(_fpcmp_parts_sf.o)

.debug_line     0x00000000      0xdad
 *(.debug_line)
 .debug_line    0x00000000       0xa7 c:/program files/winavr-20100110/bin/../lib/gcc/avr/4.3.3/avr5\libgcc.a(_fixunssfsi.o)
 .debug_line    0x000000a7      0x2af c:/program files/winavr-20100110/bin/../lib/gcc/avr/4.3.3/avr5\libgcc.a(_addsub_sf.o)
 .debug_line    0x00000356      0x239 c:/program files/winavr-20100110/bin/../lib/gcc/avr/4.3.3/avr5\libgcc.a(_mul_sf.o)
 .debug_line    0x0000058f       0xd3 c:/program files/winavr-20100110/bin/../lib/gcc/avr/4.3.3/avr5\libgcc.a(_gt_sf.o)
 .debug_line    0x00000662       0xd3 c:/program files/winavr-20100110/bin/../lib/gcc/avr/4.3.3/avr5\libgcc.a(_ge_sf.o)
 .debug_line    0x00000735       0xd3 c:/program files/winavr-20100110/bin/../lib/gcc/avr/4.3.3/avr5\libgcc.a(_lt_sf.o)
 .debug_line    0x00000808      0x109 c:/program files/winavr-20100110/bin/../lib/gcc/avr/4.3.3/avr5\libgcc.a(_sf_to_si.o)
 .debug_line    0x00000911       0x90 c:/program files/winavr-20100110/bin/../lib/gcc/avr/4.3.3/avr5\libgcc.a(_thenan_sf.o)
 .debug_line    0x000009a1      0x18a c:/program files/winavr-20100110/bin/../lib/gcc/avr/4.3.3/avr5\libgcc.a(_pack_sf.o)
 .debug_line    0x00000b2b      0x14b c:/program files/winavr-20100110/bin/../lib/gcc/avr/4.3.3/avr5\libgcc.a(_unpack_sf.o)
 .debug_line    0x00000c76      0x137 c:/program files/winavr-20100110/bin/../lib/gcc/avr/4.3.3/avr5\libgcc.a(_fpcmp_parts_sf.o)

.debug_frame    0x00000000      0x160
 *(.debug_frame)
 .debug_frame   0x00000000       0x20 c:/program files/winavr-20100110/bin/../lib/gcc/avr/4.3.3/avr5\libgcc.a(_fixunssfsi.o)
 .debug_frame   0x00000020       0x40 c:/program files/winavr-20100110/bin/../lib/gcc/avr/4.3.3/avr5\libgcc.a(_addsub_sf.o)
 .debug_frame   0x00000060       0x20 c:/program files/winavr-20100110/bin/../lib/gcc/avr/4.3.3/avr5\libgcc.a(_mul_sf.o)
 .debug_frame   0x00000080       0x20 c:/program files/winavr-20100110/bin/../lib/gcc/avr/4.3.3/avr5\libgcc.a(_gt_sf.o)
 .debug_frame   0x000000a0       0x20 c:/program files/winavr-20100110/bin/../lib/gcc/avr/4.3.3/avr5\libgcc.a(_ge_sf.o)
 .debug_frame   0x000000c0       0x20 c:/program files/winavr-20100110/bin/../lib/gcc/avr/4.3.3/avr5\libgcc.a(_lt_sf.o)
 .debug_frame   0x000000e0       0x20 c:/program files/winavr-20100110/bin/../lib/gcc/avr/4.3.3/avr5\libgcc.a(_sf_to_si.o)
 .debug_frame   0x00000100       0x20 c:/program files/winavr-20100110/bin/../lib/gcc/avr/4.3.3/avr5\libgcc.a(_pack_sf.o)
 .debug_frame   0x00000120       0x20 c:/program files/winavr-20100110/bin/../lib/gcc/avr/4.3.3/avr5\libgcc.a(_unpack_sf.o)
 .debug_frame   0x00000140       0x20 c:/program files/winavr-20100110/bin/../lib/gcc/avr/4.3.3/avr5\libgcc.a(_fpcmp_parts_sf.o)

.debug_str      0x00000000      0x28d
 *(.debug_str)
 .debug_str     0x00000000       0xbf c:/program files/winavr-20100110/bin/../lib/gcc/avr/4.3.3/avr5\libgcc.a(_fixunssfsi.o)
                                 0xfe (size before relaxing)
 .debug_str     0x000000bf      0x14d c:/program files/winavr-20100110/bin/../lib/gcc/avr/4.3.3/avr5\libgcc.a(_addsub_sf.o)
                                0x206 (size before relaxing)
 .debug_str     0x0000020c       0x27 c:/program files/winavr-20100110/bin/../lib/gcc/avr/4.3.3/avr5\libgcc.a(_mul_sf.o)
                                0x1bf (size before relaxing)
 .debug_str     0x00000233        0xf c:/program files/winavr-20100110/bin/../lib/gcc/avr/4.3.3/avr5\libgcc.a(_gt_sf.o)
                                0x195 (size before relaxing)
 .debug_str     0x00000242        0x8 c:/program files/winavr-20100110/bin/../lib/gcc/avr/4.3.3/avr5\libgcc.a(_ge_sf.o)
                                0x195 (size before relaxing)
 .debug_str     0x0000024a        0x8 c:/program files/winavr-20100110/bin/../lib/gcc/avr/4.3.3/avr5\libgcc.a(_lt_sf.o)
                                0x195 (size before relaxing)
 .debug_str     0x00000252        0xa c:/program files/winavr-20100110/bin/../lib/gcc/avr/4.3.3/avr5\libgcc.a(_sf_to_si.o)
                                0x19e (size before relaxing)
 .debug_str     0x00000000      0x103 c:/program files/winavr-20100110/bin/../lib/gcc/avr/4.3.3/avr5\libgcc.a(_thenan_sf.o)
 .debug_str     0x0000025c       0x16 c:/program files/winavr-20100110/bin/../lib/gcc/avr/4.3.3/avr5\libgcc.a(_pack_sf.o)
                                0x19d (size before relaxing)
 .debug_str     0x00000272        0xb c:/program files/winavr-20100110/bin/../lib/gcc/avr/4.3.3/avr5\libgcc.a(_unpack_sf.o)
                                0x17f (size before relaxing)
 .debug_str     0x0000027d       0x10 c:/program files/winavr-20100110/bin/../lib/gcc/avr/4.3.3/avr5\libgcc.a(_fpcmp_parts_sf.o)
                                0x163 (size before relaxing)

.debug_loc      0x00000000      0x7ce
 *(.debug_loc)
 .debug_loc     0x00000000       0x34 c:/program files/winavr-20100110/bin/../lib/gcc/avr/4.3.3/avr5\libgcc.a(_fixunssfsi.o)
 .debug_loc     0x00000034      0x32a c:/program files/winavr-20100110/bin/../lib/gcc/avr/4.3.3/avr5\libgcc.a(_addsub_sf.o)
 .debug_loc     0x0000035e      0x104 c:/program files/winavr-20100110/bin/../lib/gcc/avr/4.3.3/avr5\libgcc.a(_mul_sf.o)
 .debug_loc     0x00000462       0x3c c:/program files/winavr-20100110/bin/../lib/gcc/avr/4.3.3/avr5\libgcc.a(_gt_sf.o)
 .debug_loc     0x0000049e       0x3c c:/program files/winavr-20100110/bin/../lib/gcc/avr/4.3.3/avr5\libgcc.a(_ge_sf.o)
 .debug_loc     0x000004da       0x3c c:/program files/winavr-20100110/bin/../lib/gcc/avr/4.3.3/avr5\libgcc.a(_lt_sf.o)
 .debug_loc     0x00000516       0x7e c:/program files/winavr-20100110/bin/../lib/gcc/avr/4.3.3/avr5\libgcc.a(_sf_to_si.o)
 .debug_loc     0x00000594      0x13e c:/program files/winavr-20100110/bin/../lib/gcc/avr/4.3.3/avr5\libgcc.a(_pack_sf.o)
 .debug_loc     0x000006d2       0xac c:/program files/winavr-20100110/bin/../lib/gcc/avr/4.3.3/avr5\libgcc.a(_unpack_sf.o)
 .debug_loc     0x0000077e       0x50 c:/program files/winavr-20100110/bin/../lib/gcc/avr/4.3.3/avr5\libgcc.a(_fpcmp_parts_sf.o)

.debug_macinfo
 *(.debug_macinfo)
OUTPUT(TASK13_DISPLAYFROMKPD.elf elf32-avr)
LOAD linker stubs

.debug_ranges   0x00000000       0x50
 .debug_ranges  0x00000000       0x50 c:/program files/winavr-20100110/bin/../lib/gcc/avr/4.3.3/avr5\libgcc.a(_mul_sf.o)
