Archive member included because of file (symbol)

c:/program files/winavr-20100110/bin/../lib/gcc/avr/4.3.3/avr5\libgcc.a(_mulsi3.o)
                              ./MCAL/TIMERS_DRIVER/TIMER0_DRIVER/TIMER0_PROGRAM.o (__mulsi3)
c:/program files/winavr-20100110/bin/../lib/gcc/avr/4.3.3/avr5\libgcc.a(_udivmodhi4.o)
                              ./MCAL/TIMERS_DRIVER/TIMER1_DRIVER/TIMER1_PROGRAM.o (__udivmodhi4)
c:/program files/winavr-20100110/bin/../lib/gcc/avr/4.3.3/avr5\libgcc.a(_udivmodsi4.o)
                              ./MCAL/TIMERS_DRIVER/TIMER0_DRIVER/TIMER0_PROGRAM.o (__udivmodsi4)
c:/program files/winavr-20100110/bin/../lib/gcc/avr/4.3.3/avr5\libgcc.a(_exit.o)
                              c:/program files/winavr-20100110/bin/../lib/gcc/avr/4.3.3/../../../../avr/lib/avr5/crtm32.o (exit)
c:/program files/winavr-20100110/bin/../lib/gcc/avr/4.3.3/avr5\libgcc.a(_copy_data.o)
                              ./ECUAL/SERVO_DRIVER/SERVO_PROGRAM.o (__do_copy_data)
c:/program files/winavr-20100110/bin/../lib/gcc/avr/4.3.3/avr5\libgcc.a(_clear_bss.o)
                              ./MCAL/TIMERS_DRIVER/TIMER1_DRIVER/TIMER1_PROGRAM.o (__do_clear_bss)
c:/program files/winavr-20100110/bin/../lib/gcc/avr/4.3.3/avr5\libgcc.a(_fixunssfsi.o)
                              ./MCAL/TIMERS_DRIVER/TIMER1_DRIVER/TIMER1_PROGRAM.o (__fixunssfsi)
c:/program files/winavr-20100110/bin/../lib/gcc/avr/4.3.3/avr5\libgcc.a(_addsub_sf.o)
                              c:/program files/winavr-20100110/bin/../lib/gcc/avr/4.3.3/avr5\libgcc.a(_fixunssfsi.o) (__subsf3)
c:/program files/winavr-20100110/bin/../lib/gcc/avr/4.3.3/avr5\libgcc.a(_mul_sf.o)
                              ./MCAL/TIMERS_DRIVER/TIMER1_DRIVER/TIMER1_PROGRAM.o (__mulsf3)
c:/program files/winavr-20100110/bin/../lib/gcc/avr/4.3.3/avr5\libgcc.a(_div_sf.o)
                              ./MCAL/TIMERS_DRIVER/TIMER1_DRIVER/TIMER1_PROGRAM.o (__divsf3)
c:/program files/winavr-20100110/bin/../lib/gcc/avr/4.3.3/avr5\libgcc.a(_ne_sf.o)
                              ./MCAL/TIMERS_DRIVER/TIMER1_DRIVER/TIMER1_PROGRAM.o (__nesf2)
c:/program files/winavr-20100110/bin/../lib/gcc/avr/4.3.3/avr5\libgcc.a(_gt_sf.o)
                              ./ECUAL/LM35_DRIVER/LM35_PROGRAM.o (__gtsf2)
c:/program files/winavr-20100110/bin/../lib/gcc/avr/4.3.3/avr5\libgcc.a(_ge_sf.o)
                              c:/program files/winavr-20100110/bin/../lib/gcc/avr/4.3.3/avr5\libgcc.a(_fixunssfsi.o) (__gesf2)
c:/program files/winavr-20100110/bin/../lib/gcc/avr/4.3.3/avr5\libgcc.a(_lt_sf.o)
                              ./ECUAL/LM35_DRIVER/LM35_PROGRAM.o (__ltsf2)
c:/program files/winavr-20100110/bin/../lib/gcc/avr/4.3.3/avr5\libgcc.a(_si_to_sf.o)
                              ./MCAL/TIMERS_DRIVER/TIMER1_DRIVER/TIMER1_PROGRAM.o (__floatsisf)
c:/program files/winavr-20100110/bin/../lib/gcc/avr/4.3.3/avr5\libgcc.a(_sf_to_si.o)
                              c:/program files/winavr-20100110/bin/../lib/gcc/avr/4.3.3/avr5\libgcc.a(_fixunssfsi.o) (__fixsfsi)
c:/program files/winavr-20100110/bin/../lib/gcc/avr/4.3.3/avr5\libgcc.a(_thenan_sf.o)
                              c:/program files/winavr-20100110/bin/../lib/gcc/avr/4.3.3/avr5\libgcc.a(_addsub_sf.o) (__thenan_sf)
c:/program files/winavr-20100110/bin/../lib/gcc/avr/4.3.3/avr5\libgcc.a(_usi_to_sf.o)
                              ./MCAL/TIMERS_DRIVER/TIMER1_DRIVER/TIMER1_PROGRAM.o (__floatunsisf)
c:/program files/winavr-20100110/bin/../lib/gcc/avr/4.3.3/avr5\libgcc.a(_prologue.o)
                              c:/program files/winavr-20100110/bin/../lib/gcc/avr/4.3.3/avr5\libgcc.a(_addsub_sf.o) (__prologue_saves__)
c:/program files/winavr-20100110/bin/../lib/gcc/avr/4.3.3/avr5\libgcc.a(_epilogue.o)
                              c:/program files/winavr-20100110/bin/../lib/gcc/avr/4.3.3/avr5\libgcc.a(_addsub_sf.o) (__epilogue_restores__)
c:/program files/winavr-20100110/bin/../lib/gcc/avr/4.3.3/avr5\libgcc.a(_clzsi2.o)
                              c:/program files/winavr-20100110/bin/../lib/gcc/avr/4.3.3/avr5\libgcc.a(_si_to_sf.o) (__clzsi2)
c:/program files/winavr-20100110/bin/../lib/gcc/avr/4.3.3/avr5\libgcc.a(_pack_sf.o)
                              c:/program files/winavr-20100110/bin/../lib/gcc/avr/4.3.3/avr5\libgcc.a(_addsub_sf.o) (__pack_f)
c:/program files/winavr-20100110/bin/../lib/gcc/avr/4.3.3/avr5\libgcc.a(_unpack_sf.o)
                              c:/program files/winavr-20100110/bin/../lib/gcc/avr/4.3.3/avr5\libgcc.a(_addsub_sf.o) (__unpack_f)
c:/program files/winavr-20100110/bin/../lib/gcc/avr/4.3.3/avr5\libgcc.a(_fpcmp_parts_sf.o)
                              c:/program files/winavr-20100110/bin/../lib/gcc/avr/4.3.3/avr5\libgcc.a(_ne_sf.o) (__fpcmp_parts_f)
c:/program files/winavr-20100110/bin/../lib/gcc/avr/4.3.3/avr5\libgcc.a(_clz.o)
                              c:/program files/winavr-20100110/bin/../lib/gcc/avr/4.3.3/avr5\libgcc.a(_clzsi2.o) (__clz_tab)
c:/program files/winavr-20100110/bin/../lib/gcc/avr/4.3.3/../../../../avr/lib/avr5\libc.a(itoa.o)
                              ./ECUAL/LCD_DRIVER/LCD_PROGRAM.o (itoa)
c:/program files/winavr-20100110/bin/../lib/gcc/avr/4.3.3/../../../../avr/lib/avr5\libc.a(ceil.o)
                              ./MCAL/TIMERS_DRIVER/TIMER1_DRIVER/TIMER1_PROGRAM.o (ceil)
c:/program files/winavr-20100110/bin/../lib/gcc/avr/4.3.3/../../../../avr/lib/avr5\libc.a(fp_mintl.o)
                              c:/program files/winavr-20100110/bin/../lib/gcc/avr/4.3.3/../../../../avr/lib/avr5\libc.a(ceil.o) (__fp_mintl)
c:/program files/winavr-20100110/bin/../lib/gcc/avr/4.3.3/../../../../avr/lib/avr5\libc.a(fp_mpack.o)
                              c:/program files/winavr-20100110/bin/../lib/gcc/avr/4.3.3/../../../../avr/lib/avr5\libc.a(ceil.o) (__fp_mpack)
c:/program files/winavr-20100110/bin/../lib/gcc/avr/4.3.3/../../../../avr/lib/avr5\libc.a(fp_trunc.o)
                              c:/program files/winavr-20100110/bin/../lib/gcc/avr/4.3.3/../../../../avr/lib/avr5\libc.a(ceil.o) (__fp_trunc)
c:/program files/winavr-20100110/bin/../lib/gcc/avr/4.3.3/../../../../avr/lib/avr5\libc.a(fp_zero.o)
                              c:/program files/winavr-20100110/bin/../lib/gcc/avr/4.3.3/../../../../avr/lib/avr5\libc.a(ceil.o) (__fp_szero)
c:/program files/winavr-20100110/bin/../lib/gcc/avr/4.3.3/../../../../avr/lib/avr5\libc.a(strrev.o)
                              c:/program files/winavr-20100110/bin/../lib/gcc/avr/4.3.3/../../../../avr/lib/avr5\libc.a(itoa.o) (strrev)
c:/program files/winavr-20100110/bin/../lib/gcc/avr/4.3.3/../../../../avr/lib/avr5\libc.a(fp_split3.o)
                              c:/program files/winavr-20100110/bin/../lib/gcc/avr/4.3.3/../../../../avr/lib/avr5\libc.a(fp_trunc.o) (__fp_splitA)

Allocating common symbols
Common symbol       size              file

CallBackPtr_TIMER0_COMP
                    0x2               ./MCAL/TIMERS_DRIVER/TIMER0_DRIVER/TIMER0_PROGRAM.o
CallBackPtr_TIMER0_OVF
                    0x2               ./MCAL/TIMERS_DRIVER/TIMER0_DRIVER/TIMER0_PROGRAM.o
CallBackPtr_TIMER1_COMPB
                    0x2               ./MCAL/TIMERS_DRIVER/TIMER1_DRIVER/TIMER1_PROGRAM.o
CallBackPtr_INT2    0x2               ./MCAL/EXT_INTERRUPT_DRIVER/EXT_INTERRUPT_PROGRAM.o
CallBackPtr_TIMER1_OVF
                    0x2               ./MCAL/TIMERS_DRIVER/TIMER1_DRIVER/TIMER1_PROGRAM.o
CallBackPtr_TIMER1_CAPT
                    0x2               ./MCAL/TIMERS_DRIVER/TIMER1_DRIVER/TIMER1_PROGRAM.o
CallBackPtr_INT0    0x2               ./MCAL/EXT_INTERRUPT_DRIVER/EXT_INTERRUPT_PROGRAM.o
CallBackPtr_INT1    0x2               ./MCAL/EXT_INTERRUPT_DRIVER/EXT_INTERRUPT_PROGRAM.o
CallBackPtr_ADC     0x2               ./MCAL/ADC_DRIVER/ADC_PROGRAM.o
CallBackPtr_TIMER1_COMPA
                    0x2               ./MCAL/TIMERS_DRIVER/TIMER1_DRIVER/TIMER1_PROGRAM.o

Memory Configuration

Name             Origin             Length             Attributes
text             0x00000000         0x00020000         xr
data             0x00800060         0x0000ffa0         rw !x
eeprom           0x00810000         0x00010000         rw !x
fuse             0x00820000         0x00000400         rw !x
lock             0x00830000         0x00000400         rw !x
signature        0x00840000         0x00000400         rw !x
*default*        0x00000000         0xffffffff

Linker script and memory map

LOAD c:/program files/winavr-20100110/bin/../lib/gcc/avr/4.3.3/../../../../avr/lib/avr5/crtm32.o
LOAD ./MCAL/UART_DRIVER/UART_PROGRAM.o
LOAD ./MCAL/TIMERS_DRIVER/TIMER1_DRIVER/TIMER1_PROGRAM.o
LOAD ./MCAL/TIMERS_DRIVER/TIMER0_DRIVER/TIMER0_PROGRAM.o
LOAD ./MCAL/GPIO_DRIVER/GPIO_PROGRAM.o
LOAD ./MCAL/GLOBAL_INTERRUPT_DRIVER/GLOBAL_INTERRUPT_PROGRAM.o
LOAD ./MCAL/EXT_INTERRUPT_DRIVER/EXT_INTERRUPT_PROGRAM.o
LOAD ./MCAL/ADC_DRIVER/ADC_PROGRAM.o
LOAD ./ECUAL/SEVEN-SEGMENT_DRIVER/SEGMENT_PROGRAM.o
LOAD ./ECUAL/SERVO_DRIVER/SERVO_PROGRAM.o
LOAD ./ECUAL/LM35_DRIVER/LM35_PROGRAM.o
LOAD ./ECUAL/LED_DRIVER/LED_PROGRAM.o
LOAD ./ECUAL/LCD_DRIVER/LCD_PROGRAM.o
LOAD ./ECUAL/KEYPAD_DRIVER/KEYPAD_PROGRAM.o
LOAD ./APP/APP_PROGRAM.o
LOAD ./APP/TASK29_RXD_main.o
LOAD c:/program files/winavr-20100110/bin/../lib/gcc/avr/4.3.3/avr5\libgcc.a
LOAD c:/program files/winavr-20100110/bin/../lib/gcc/avr/4.3.3/../../../../avr/lib/avr5\libc.a
LOAD c:/program files/winavr-20100110/bin/../lib/gcc/avr/4.3.3/avr5\libgcc.a

.hash
 *(.hash)

.dynsym
 *(.dynsym)

.dynstr
 *(.dynstr)

.gnu.version
 *(.gnu.version)

.gnu.version_d
 *(.gnu.version_d)

.gnu.version_r
 *(.gnu.version_r)

.rel.init
 *(.rel.init)

.rela.init
 *(.rela.init)

.rel.text
 *(.rel.text)
 *(.rel.text.*)
 *(.rel.gnu.linkonce.t*)

.rela.text
 *(.rela.text)
 *(.rela.text.*)
 *(.rela.gnu.linkonce.t*)

.rel.fini
 *(.rel.fini)

.rela.fini
 *(.rela.fini)

.rel.rodata
 *(.rel.rodata)
 *(.rel.rodata.*)
 *(.rel.gnu.linkonce.r*)

.rela.rodata
 *(.rela.rodata)
 *(.rela.rodata.*)
 *(.rela.gnu.linkonce.r*)

.rel.data
 *(.rel.data)
 *(.rel.data.*)
 *(.rel.gnu.linkonce.d*)

.rela.data
 *(.rela.data)
 *(.rela.data.*)
 *(.rela.gnu.linkonce.d*)

.rel.ctors
 *(.rel.ctors)

.rela.ctors
 *(.rela.ctors)

.rel.dtors
 *(.rel.dtors)

.rela.dtors
 *(.rela.dtors)

.rel.got
 *(.rel.got)

.rela.got
 *(.rela.got)

.rel.bss
 *(.rel.bss)

.rela.bss
 *(.rela.bss)

.rel.plt
 *(.rel.plt)

.rela.plt
 *(.rela.plt)

.text           0x00000000     0x4a0e
 *(.vectors)
 .vectors       0x00000000       0x54 c:/program files/winavr-20100110/bin/../lib/gcc/avr/4.3.3/../../../../avr/lib/avr5/crtm32.o
                0x00000000                __vectors
                0x00000000                __vector_default
 *(.vectors)
 *(.progmem.gcc*)
 *(.progmem*)
                0x00000054                . = ALIGN (0x2)
                0x00000054                __trampolines_start = .
 *(.trampolines)
 .trampolines   0x00000054        0x0 linker stubs
 *(.trampolines*)
                0x00000054                __trampolines_end = .
 *(.jumptables)
 *(.jumptables*)
 *(.lowtext)
 *(.lowtext*)
                0x00000054                __ctors_start = .
 *(.ctors)
                0x00000054                __ctors_end = .
                0x00000054                __dtors_start = .
 *(.dtors)
                0x00000054                __dtors_end = .
 SORT(*)(.ctors)
 SORT(*)(.dtors)
 *(.init0)
 .init0         0x00000054        0x0 c:/program files/winavr-20100110/bin/../lib/gcc/avr/4.3.3/../../../../avr/lib/avr5/crtm32.o
                0x00000054                __init
 *(.init0)
 *(.init1)
 *(.init1)
 *(.init2)
 .init2         0x00000054        0xc c:/program files/winavr-20100110/bin/../lib/gcc/avr/4.3.3/../../../../avr/lib/avr5/crtm32.o
 *(.init2)
 *(.init3)
 *(.init3)
 *(.init4)
 .init4         0x00000060       0x16 c:/program files/winavr-20100110/bin/../lib/gcc/avr/4.3.3/avr5\libgcc.a(_copy_data.o)
                0x00000060                __do_copy_data
 .init4         0x00000076       0x10 c:/program files/winavr-20100110/bin/../lib/gcc/avr/4.3.3/avr5\libgcc.a(_clear_bss.o)
                0x00000076                __do_clear_bss
 *(.init4)
 *(.init5)
 *(.init5)
 *(.init6)
 *(.init6)
 *(.init7)
 *(.init7)
 *(.init8)
 *(.init8)
 *(.init9)
 .init9         0x00000086        0x8 c:/program files/winavr-20100110/bin/../lib/gcc/avr/4.3.3/../../../../avr/lib/avr5/crtm32.o
 *(.init9)
 *(.text)
 .text          0x0000008e        0x4 c:/program files/winavr-20100110/bin/../lib/gcc/avr/4.3.3/../../../../avr/lib/avr5/crtm32.o
                0x0000008e                __vector_12
                0x0000008e                __bad_interrupt
                0x0000008e                __vector_13
                0x0000008e                __vector_17
                0x0000008e                __vector_19
                0x0000008e                __vector_5
                0x0000008e                __vector_4
                0x0000008e                __vector_15
                0x0000008e                __vector_14
                0x0000008e                __vector_18
                0x0000008e                __vector_20
 .text          0x00000092        0x0 ./MCAL/UART_DRIVER/UART_PROGRAM.o
 .text          0x00000092        0x0 ./MCAL/TIMERS_DRIVER/TIMER1_DRIVER/TIMER1_PROGRAM.o
 .text          0x00000092        0x0 ./MCAL/TIMERS_DRIVER/TIMER0_DRIVER/TIMER0_PROGRAM.o
 .text          0x00000092        0x0 ./MCAL/GPIO_DRIVER/GPIO_PROGRAM.o
 .text          0x00000092        0x0 ./MCAL/GLOBAL_INTERRUPT_DRIVER/GLOBAL_INTERRUPT_PROGRAM.o
 .text          0x00000092        0x0 ./MCAL/EXT_INTERRUPT_DRIVER/EXT_INTERRUPT_PROGRAM.o
 .text          0x00000092        0x0 ./MCAL/ADC_DRIVER/ADC_PROGRAM.o
 .text          0x00000092        0x0 ./ECUAL/SEVEN-SEGMENT_DRIVER/SEGMENT_PROGRAM.o
 .text          0x00000092        0x0 ./ECUAL/SERVO_DRIVER/SERVO_PROGRAM.o
 .text          0x00000092        0x0 ./ECUAL/LM35_DRIVER/LM35_PROGRAM.o
 .text          0x00000092        0x0 ./ECUAL/LED_DRIVER/LED_PROGRAM.o
 .text          0x00000092        0x0 ./ECUAL/LCD_DRIVER/LCD_PROGRAM.o
 .text          0x00000092        0x0 ./ECUAL/KEYPAD_DRIVER/KEYPAD_PROGRAM.o
 .text          0x00000092        0x0 ./APP/APP_PROGRAM.o
 .text          0x00000092        0x0 ./APP/TASK29_RXD_main.o
 .text          0x00000092        0x0 c:/program files/winavr-20100110/bin/../lib/gcc/avr/4.3.3/avr5\libgcc.a(_mulsi3.o)
 .text          0x00000092        0x0 c:/program files/winavr-20100110/bin/../lib/gcc/avr/4.3.3/avr5\libgcc.a(_udivmodhi4.o)
 .text          0x00000092        0x0 c:/program files/winavr-20100110/bin/../lib/gcc/avr/4.3.3/avr5\libgcc.a(_udivmodsi4.o)
 .text          0x00000092        0x0 c:/program files/winavr-20100110/bin/../lib/gcc/avr/4.3.3/avr5\libgcc.a(_exit.o)
 .text          0x00000092        0x0 c:/program files/winavr-20100110/bin/../lib/gcc/avr/4.3.3/avr5\libgcc.a(_copy_data.o)
 .text          0x00000092        0x0 c:/program files/winavr-20100110/bin/../lib/gcc/avr/4.3.3/avr5\libgcc.a(_clear_bss.o)
 .text          0x00000092       0x58 c:/program files/winavr-20100110/bin/../lib/gcc/avr/4.3.3/avr5\libgcc.a(_fixunssfsi.o)
                0x00000092                __fixunssfsi
 .text          0x000000ea      0x354 c:/program files/winavr-20100110/bin/../lib/gcc/avr/4.3.3/avr5\libgcc.a(_addsub_sf.o)
                0x00000382                __subsf3
                0x000003e4                __addsf3
 .text          0x0000043e      0x1f4 c:/program files/winavr-20100110/bin/../lib/gcc/avr/4.3.3/avr5\libgcc.a(_mul_sf.o)
                0x0000043e                __mulsf3
 .text          0x00000632      0x158 c:/program files/winavr-20100110/bin/../lib/gcc/avr/4.3.3/avr5\libgcc.a(_div_sf.o)
                0x00000632                __divsf3
 .text          0x0000078a       0x60 c:/program files/winavr-20100110/bin/../lib/gcc/avr/4.3.3/avr5\libgcc.a(_ne_sf.o)
                0x0000078a                __nesf2
 .text          0x000007ea       0x60 c:/program files/winavr-20100110/bin/../lib/gcc/avr/4.3.3/avr5\libgcc.a(_gt_sf.o)
                0x000007ea                __gtsf2
 .text          0x0000084a       0x60 c:/program files/winavr-20100110/bin/../lib/gcc/avr/4.3.3/avr5\libgcc.a(_ge_sf.o)
                0x0000084a                __gesf2
 .text          0x000008aa       0x60 c:/program files/winavr-20100110/bin/../lib/gcc/avr/4.3.3/avr5\libgcc.a(_lt_sf.o)
                0x000008aa                __ltsf2
 .text          0x0000090a       0xbc c:/program files/winavr-20100110/bin/../lib/gcc/avr/4.3.3/avr5\libgcc.a(_si_to_sf.o)
                0x0000090a                __floatsisf
 .text          0x000009c6       0xa8 c:/program files/winavr-20100110/bin/../lib/gcc/avr/4.3.3/avr5\libgcc.a(_sf_to_si.o)
                0x000009c6                __fixsfsi
 .text          0x00000a6e        0x0 c:/program files/winavr-20100110/bin/../lib/gcc/avr/4.3.3/avr5\libgcc.a(_thenan_sf.o)
 .text          0x00000a6e       0xf2 c:/program files/winavr-20100110/bin/../lib/gcc/avr/4.3.3/avr5\libgcc.a(_usi_to_sf.o)
                0x00000a6e                __floatunsisf
 .text          0x00000b60        0x0 c:/program files/winavr-20100110/bin/../lib/gcc/avr/4.3.3/avr5\libgcc.a(_prologue.o)
 .text          0x00000b60        0x0 c:/program files/winavr-20100110/bin/../lib/gcc/avr/4.3.3/avr5\libgcc.a(_epilogue.o)
 .text          0x00000b60       0x9e c:/program files/winavr-20100110/bin/../lib/gcc/avr/4.3.3/avr5\libgcc.a(_clzsi2.o)
                0x00000b60                __clzsi2
 .text          0x00000bfe      0x1aa c:/program files/winavr-20100110/bin/../lib/gcc/avr/4.3.3/avr5\libgcc.a(_pack_sf.o)
                0x00000bfe                __pack_f
 .text          0x00000da8       0xf0 c:/program files/winavr-20100110/bin/../lib/gcc/avr/4.3.3/avr5\libgcc.a(_unpack_sf.o)
                0x00000da8                __unpack_f
 .text          0x00000e98       0xb2 c:/program files/winavr-20100110/bin/../lib/gcc/avr/4.3.3/avr5\libgcc.a(_fpcmp_parts_sf.o)
                0x00000e98                __fpcmp_parts_f
 .text          0x00000f4a        0x0 c:/program files/winavr-20100110/bin/../lib/gcc/avr/4.3.3/avr5\libgcc.a(_clz.o)
 .text          0x00000f4a        0x0 c:/program files/winavr-20100110/bin/../lib/gcc/avr/4.3.3/../../../../avr/lib/avr5\libc.a(itoa.o)
 .text          0x00000f4a        0x0 c:/program files/winavr-20100110/bin/../lib/gcc/avr/4.3.3/../../../../avr/lib/avr5\libc.a(ceil.o)
 .text          0x00000f4a        0x0 c:/program files/winavr-20100110/bin/../lib/gcc/avr/4.3.3/../../../../avr/lib/avr5\libc.a(fp_mintl.o)
 .text          0x00000f4a        0x0 c:/program files/winavr-20100110/bin/../lib/gcc/avr/4.3.3/../../../../avr/lib/avr5\libc.a(fp_mpack.o)
 .text          0x00000f4a        0x0 c:/program files/winavr-20100110/bin/../lib/gcc/avr/4.3.3/../../../../avr/lib/avr5\libc.a(fp_trunc.o)
 .text          0x00000f4a        0x0 c:/program files/winavr-20100110/bin/../lib/gcc/avr/4.3.3/../../../../avr/lib/avr5\libc.a(fp_zero.o)
 .text          0x00000f4a        0x0 c:/program files/winavr-20100110/bin/../lib/gcc/avr/4.3.3/../../../../avr/lib/avr5\libc.a(strrev.o)
 .text          0x00000f4a        0x0 c:/program files/winavr-20100110/bin/../lib/gcc/avr/4.3.3/../../../../avr/lib/avr5\libc.a(fp_split3.o)
                0x00000f4a                . = ALIGN (0x2)
 *(.text.*)
 .text.UART_Initialization
                0x00000f4a       0x5a ./MCAL/UART_DRIVER/UART_PROGRAM.o
                0x00000f4a                UART_Initialization
 .text.UART_voidSendByte_Polling
                0x00000fa4       0x28 ./MCAL/UART_DRIVER/UART_PROGRAM.o
                0x00000fa4                UART_voidSendByte_Polling
 .text.UART_voidReceiveByte_Polling
                0x00000fcc       0x20 ./MCAL/UART_DRIVER/UART_PROGRAM.o
                0x00000fcc                UART_voidReceiveByte_Polling
 .text.UART_voidSendString
                0x00000fec       0x56 ./MCAL/UART_DRIVER/UART_PROGRAM.o
                0x00000fec                UART_voidSendString
 .text.USART_voidReceiveString
                0x00001042       0x6e ./MCAL/UART_DRIVER/UART_PROGRAM.o
                0x00001042                USART_voidReceiveString
 .text.TIMER1_Initialization
                0x000010b0       0x68 ./MCAL/TIMERS_DRIVER/TIMER1_DRIVER/TIMER1_PROGRAM.o
                0x000010b0                TIMER1_Initialization
 .text.TIMER1_voidStart
                0x00001118        0xe ./MCAL/TIMERS_DRIVER/TIMER1_DRIVER/TIMER1_PROGRAM.o
                0x00001118                TIMER1_voidStart
 .text.TIMER1_voidStop
                0x00001126       0x18 ./MCAL/TIMERS_DRIVER/TIMER1_DRIVER/TIMER1_PROGRAM.o
                0x00001126                TIMER1_voidStop
 .text.TIMER1_voidSetPreload
                0x0000113e       0x22 ./MCAL/TIMERS_DRIVER/TIMER1_DRIVER/TIMER1_PROGRAM.o
                0x0000113e                TIMER1_voidSetPreload
 .text.TIMER1_u16GetTime
                0x00001160       0x16 ./MCAL/TIMERS_DRIVER/TIMER1_DRIVER/TIMER1_PROGRAM.o
                0x00001160                TIMER1_u16GetTime
 .text.TIMER1A_SetCOMPAREMATCH_FASTPWM
                0x00001176       0x40 ./MCAL/TIMERS_DRIVER/TIMER1_DRIVER/TIMER1_PROGRAM.o
                0x00001176                TIMER1A_SetCOMPAREMATCH_FASTPWM
 .text.TIMER1A_SetTop_FASTPWM
                0x000011b6       0x24 ./MCAL/TIMERS_DRIVER/TIMER1_DRIVER/TIMER1_PROGRAM.o
                0x000011b6                TIMER1A_SetTop_FASTPWM
 .text.TIMER1A_SetDutyCycle_FASTPWM
                0x000011da       0x66 ./MCAL/TIMERS_DRIVER/TIMER1_DRIVER/TIMER1_PROGRAM.o
                0x000011da                TIMER1A_SetDutyCycle_FASTPWM
 .text.TIMER1B_SetDutyCycle_FASTPWM
                0x00001240       0x62 ./MCAL/TIMERS_DRIVER/TIMER1_DRIVER/TIMER1_PROGRAM.o
                0x00001240                TIMER1B_SetDutyCycle_FASTPWM
 .text.TIMER1A_setDelay_ms_CTC
                0x000012a2       0xba ./MCAL/TIMERS_DRIVER/TIMER1_DRIVER/TIMER1_PROGRAM.o
                0x000012a2                TIMER1A_setDelay_ms_CTC
 .text.TIMER1B_setDelay_ms_CTC
                0x0000135c       0xba ./MCAL/TIMERS_DRIVER/TIMER1_DRIVER/TIMER1_PROGRAM.o
                0x0000135c                TIMER1B_setDelay_ms_CTC
 .text.TIMER1_setDelay_ms_OVF
                0x00001416       0xfe ./MCAL/TIMERS_DRIVER/TIMER1_DRIVER/TIMER1_PROGRAM.o
                0x00001416                TIMER1_setDelay_ms_OVF
 .text.TIMER1_CallBackFunction_CAPT
                0x00001514       0x24 ./MCAL/TIMERS_DRIVER/TIMER1_DRIVER/TIMER1_PROGRAM.o
                0x00001514                TIMER1_CallBackFunction_CAPT
 .text.TIMER1_CallBackFunction_COMPA
                0x00001538       0x24 ./MCAL/TIMERS_DRIVER/TIMER1_DRIVER/TIMER1_PROGRAM.o
                0x00001538                TIMER1_CallBackFunction_COMPA
 .text.TIMER1_CallBackFunction_COMPB
                0x0000155c       0x24 ./MCAL/TIMERS_DRIVER/TIMER1_DRIVER/TIMER1_PROGRAM.o
                0x0000155c                TIMER1_CallBackFunction_COMPB
 .text.TIMER1_CallBackFunction_OVF
                0x00001580       0x24 ./MCAL/TIMERS_DRIVER/TIMER1_DRIVER/TIMER1_PROGRAM.o
                0x00001580                TIMER1_CallBackFunction_OVF
 .text.__vector_6
                0x000015a4       0x66 ./MCAL/TIMERS_DRIVER/TIMER1_DRIVER/TIMER1_PROGRAM.o
                0x000015a4                __vector_6
 .text.__vector_7
                0x0000160a       0x66 ./MCAL/TIMERS_DRIVER/TIMER1_DRIVER/TIMER1_PROGRAM.o
                0x0000160a                __vector_7
 .text.__vector_8
                0x00001670       0x66 ./MCAL/TIMERS_DRIVER/TIMER1_DRIVER/TIMER1_PROGRAM.o
                0x00001670                __vector_8
 .text.__vector_9
                0x000016d6       0x66 ./MCAL/TIMERS_DRIVER/TIMER1_DRIVER/TIMER1_PROGRAM.o
                0x000016d6                __vector_9
 .text.TIMER0_INITIALIZATION
                0x0000173c        0xe ./MCAL/TIMERS_DRIVER/TIMER0_DRIVER/TIMER0_PROGRAM.o
                0x0000173c                TIMER0_INITIALIZATION
 .text.TIMER0_START
                0x0000174a       0x1a ./MCAL/TIMERS_DRIVER/TIMER0_DRIVER/TIMER0_PROGRAM.o
                0x0000174a                TIMER0_START
 .text.TIMER0_STOP
                0x00001764       0x18 ./MCAL/TIMERS_DRIVER/TIMER0_DRIVER/TIMER0_PROGRAM.o
                0x00001764                TIMER0_STOP
 .text.TIMER0_setPreload
                0x0000177c       0x1c ./MCAL/TIMERS_DRIVER/TIMER0_DRIVER/TIMER0_PROGRAM.o
                0x0000177c                TIMER0_setPreload
 .text.TIMER0_getTime
                0x00001798       0x14 ./MCAL/TIMERS_DRIVER/TIMER0_DRIVER/TIMER0_PROGRAM.o
                0x00001798                TIMER0_getTime
 .text.TIMER0_voidSetDutyCycle_FASTPWM
                0x000017ac       0x5a ./MCAL/TIMERS_DRIVER/TIMER0_DRIVER/TIMER0_PROGRAM.o
                0x000017ac                TIMER0_voidSetDutyCycle_FASTPWM
 .text.TIMER0_setDelay_ms_CTC
                0x00001806       0xb4 ./MCAL/TIMERS_DRIVER/TIMER0_DRIVER/TIMER0_PROGRAM.o
                0x00001806                TIMER0_setDelay_ms_CTC
 .text.TIMER0_setDelay_ms_OVF
                0x000018ba       0xfe ./MCAL/TIMERS_DRIVER/TIMER0_DRIVER/TIMER0_PROGRAM.o
                0x000018ba                TIMER0_setDelay_ms_OVF
 .text.DutyCycle_ADC_Mapping
                0x000019b8       0x56 ./MCAL/TIMERS_DRIVER/TIMER0_DRIVER/TIMER0_PROGRAM.o
                0x000019b8                DutyCycle_ADC_Mapping
 .text.TIMER0_CallBackFunction_COMP
                0x00001a0e       0x24 ./MCAL/TIMERS_DRIVER/TIMER0_DRIVER/TIMER0_PROGRAM.o
                0x00001a0e                TIMER0_CallBackFunction_COMP
 .text.TIMER0_CallBackFunction_OVF
                0x00001a32       0x24 ./MCAL/TIMERS_DRIVER/TIMER0_DRIVER/TIMER0_PROGRAM.o
                0x00001a32                TIMER0_CallBackFunction_OVF
 .text.__vector_10
                0x00001a56       0x66 ./MCAL/TIMERS_DRIVER/TIMER0_DRIVER/TIMER0_PROGRAM.o
                0x00001a56                __vector_10
 .text.__vector_11
                0x00001abc       0x66 ./MCAL/TIMERS_DRIVER/TIMER0_DRIVER/TIMER0_PROGRAM.o
                0x00001abc                __vector_11
 .text.GPIO_voidSetPinDirection
                0x00001b22      0x1f8 ./MCAL/GPIO_DRIVER/GPIO_PROGRAM.o
                0x00001b22                GPIO_voidSetPinDirection
 .text.GPIO_voidSetPinValue
                0x00001d1a      0x1f8 ./MCAL/GPIO_DRIVER/GPIO_PROGRAM.o
                0x00001d1a                GPIO_voidSetPinValue
 .text.GPIO_u8GetPinValue
                0x00001f12      0x144 ./MCAL/GPIO_DRIVER/GPIO_PROGRAM.o
                0x00001f12                GPIO_u8GetPinValue
 .text.GPIO_voidTogglePin
                0x00002056      0x11c ./MCAL/GPIO_DRIVER/GPIO_PROGRAM.o
                0x00002056                GPIO_voidTogglePin
 .text.GPIO_voidSetPortDirection
                0x00002172       0xaa ./MCAL/GPIO_DRIVER/GPIO_PROGRAM.o
                0x00002172                GPIO_voidSetPortDirection
 .text.GPIO_voidSetPortValue
                0x0000221c       0x98 ./MCAL/GPIO_DRIVER/GPIO_PROGRAM.o
                0x0000221c                GPIO_voidSetPortValue
 .text.GPIO_u8GetPortValue
                0x000022b4       0x98 ./MCAL/GPIO_DRIVER/GPIO_PROGRAM.o
                0x000022b4                GPIO_u8GetPortValue
 .text.GLOBINT_voidSetEnableFlag
                0x0000234c       0x1c ./MCAL/GLOBAL_INTERRUPT_DRIVER/GLOBAL_INTERRUPT_PROGRAM.o
                0x0000234c                GLOBINT_voidSetEnableFlag
 .text.GLOBINT_voidSetDisableFlag
                0x00002368       0x1c ./MCAL/GLOBAL_INTERRUPT_DRIVER/GLOBAL_INTERRUPT_PROGRAM.o
                0x00002368                GLOBINT_voidSetDisableFlag
 .text.EXTINT_voidSetSenseINTx
                0x00002384      0x198 ./MCAL/EXT_INTERRUPT_DRIVER/EXT_INTERRUPT_PROGRAM.o
                0x00002384                EXTINT_voidSetSenseINTx
 .text.EXTINT_voidEnableINTx
                0x0000251c       0xba ./MCAL/EXT_INTERRUPT_DRIVER/EXT_INTERRUPT_PROGRAM.o
                0x0000251c                EXTINT_voidEnableINTx
 .text.EXTINT_voidDisableINTx
                0x000025d6       0x80 ./MCAL/EXT_INTERRUPT_DRIVER/EXT_INTERRUPT_PROGRAM.o
                0x000025d6                EXTINT_voidDisableINTx
 .text.__vector_1
                0x00002656       0x66 ./MCAL/EXT_INTERRUPT_DRIVER/EXT_INTERRUPT_PROGRAM.o
                0x00002656                __vector_1
 .text.__vector_2
                0x000026bc       0x66 ./MCAL/EXT_INTERRUPT_DRIVER/EXT_INTERRUPT_PROGRAM.o
                0x000026bc                __vector_2
 .text.__vector_3
                0x00002722       0x66 ./MCAL/EXT_INTERRUPT_DRIVER/EXT_INTERRUPT_PROGRAM.o
                0x00002722                __vector_3
 .text.ADC_voidInit
                0x00002788       0x4c ./MCAL/ADC_DRIVER/ADC_PROGRAM.o
                0x00002788                ADC_voidInit
 .text.ADC_voidStartConversionPolling
                0x000027d4       0x50 ./MCAL/ADC_DRIVER/ADC_PROGRAM.o
                0x000027d4                ADC_voidStartConversionPolling
 .text.ADC_voidStartConversionISR
                0x00002824       0x3c ./MCAL/ADC_DRIVER/ADC_PROGRAM.o
                0x00002824                ADC_voidStartConversionISR
 .text.ADC_CallBackFunction
                0x00002860       0x24 ./MCAL/ADC_DRIVER/ADC_PROGRAM.o
                0x00002860                ADC_CallBackFunction
 .text.__vector_16
                0x00002884       0x66 ./MCAL/ADC_DRIVER/ADC_PROGRAM.o
                0x00002884                __vector_16
 .text.SEGMENT_voidInit
                0x000028ea       0x64 ./ECUAL/SEVEN-SEGMENT_DRIVER/SEGMENT_PROGRAM.o
                0x000028ea                SEGMENT_voidInit
 .text.SEGMENT_voidDisplay
                0x0000294e      0x27a ./ECUAL/SEVEN-SEGMENT_DRIVER/SEGMENT_PROGRAM.o
                0x0000294e                SEGMENT_voidDisplay
 .text.SERVO_voidInit
                0x00002bc8       0x1e ./ECUAL/SERVO_DRIVER/SERVO_PROGRAM.o
                0x00002bc8                SERVO_voidInit
 .text.SERVO_voidAdjustAngle
                0x00002be6       0x72 ./ECUAL/SERVO_DRIVER/SERVO_PROGRAM.o
                0x00002be6                SERVO_voidAdjustAngle
 .text.mapServo
                0x00002c58       0x52 ./ECUAL/SERVO_DRIVER/SERVO_PROGRAM.o
                0x00002c58                mapServo
 .text.LM35_u8getTemperature
                0x00002caa      0x116 ./ECUAL/LM35_DRIVER/LM35_PROGRAM.o
                0x00002caa                LM35_u8getTemperature
 .text.LED_voidInit
                0x00002dc0       0x44 ./ECUAL/LED_DRIVER/LED_PROGRAM.o
                0x00002dc0                LED_voidInit
 .text.LED_voidOn
                0x00002e04       0x44 ./ECUAL/LED_DRIVER/LED_PROGRAM.o
                0x00002e04                LED_voidOn
 .text.LED_voidOff
                0x00002e48       0x44 ./ECUAL/LED_DRIVER/LED_PROGRAM.o
                0x00002e48                LED_voidOff
 .text.LED_voidToggle
                0x00002e8c       0x42 ./ECUAL/LED_DRIVER/LED_PROGRAM.o
                0x00002e8c                LED_voidToggle
 .text.LCD_voidInit
                0x00002ece      0x410 ./ECUAL/LCD_DRIVER/LCD_PROGRAM.o
                0x00002ece                LCD_voidInit
 .text.LCD_voidSendCommand
                0x000032de      0x8a4 ./ECUAL/LCD_DRIVER/LCD_PROGRAM.o
                0x000032de                LCD_voidSendCommand
 .text.LCD_voidSendData
                0x00003b82      0x8a4 ./ECUAL/LCD_DRIVER/LCD_PROGRAM.o
                0x00003b82                LCD_voidSendData
 .text.LCD_voidDisplayString
                0x00004426       0x52 ./ECUAL/LCD_DRIVER/LCD_PROGRAM.o
                0x00004426                LCD_voidDisplayString
 .text.LCD_voidSetCursor
                0x00004478       0x84 ./ECUAL/LCD_DRIVER/LCD_PROGRAM.o
                0x00004478                LCD_voidSetCursor
 .text.LCD_voidIntgerToString
                0x000044fc       0x4a ./ECUAL/LCD_DRIVER/LCD_PROGRAM.o
                0x000044fc                LCD_voidIntgerToString
 .text.LCD_voidClearScreen
                0x00004546       0x14 ./ECUAL/LCD_DRIVER/LCD_PROGRAM.o
                0x00004546                LCD_voidClearScreen
 .text.KEYPAD_voidInit
                0x0000455a       0xa6 ./ECUAL/KEYPAD_DRIVER/KEYPAD_PROGRAM.o
                0x0000455a                KEYPAD_voidInit
 .text.KEYPAD_u8getPressedKey
                0x00004600       0xfe ./ECUAL/KEYPAD_DRIVER/KEYPAD_PROGRAM.o
                0x00004600                KEYPAD_u8getPressedKey
 .text.System_Initialization
                0x000046fe       0x3a ./APP/APP_PROGRAM.o
                0x000046fe                System_Initialization
 .text.executeMain_RXD
                0x00004738       0x4e ./APP/APP_PROGRAM.o
                0x00004738                executeMain_RXD
 .text.main     0x00004786       0x12 ./APP/TASK29_RXD_main.o
                0x00004786                main
 .text.libgcc   0x00004798       0x3e c:/program files/winavr-20100110/bin/../lib/gcc/avr/4.3.3/avr5\libgcc.a(_mulsi3.o)
                0x00004798                __mulsi3
 .text.libgcc   0x000047d6       0x28 c:/program files/winavr-20100110/bin/../lib/gcc/avr/4.3.3/avr5\libgcc.a(_udivmodhi4.o)
                0x000047d6                __udivmodhi4
 .text.libgcc   0x000047fe       0x44 c:/program files/winavr-20100110/bin/../lib/gcc/avr/4.3.3/avr5\libgcc.a(_udivmodsi4.o)
                0x000047fe                __udivmodsi4
 .text.libgcc   0x00004842        0x0 c:/program files/winavr-20100110/bin/../lib/gcc/avr/4.3.3/avr5\libgcc.a(_exit.o)
 .text.libgcc   0x00004842        0x0 c:/program files/winavr-20100110/bin/../lib/gcc/avr/4.3.3/avr5\libgcc.a(_copy_data.o)
 .text.libgcc   0x00004842        0x0 c:/program files/winavr-20100110/bin/../lib/gcc/avr/4.3.3/avr5\libgcc.a(_clear_bss.o)
 .text.libgcc   0x00004842       0x38 c:/program files/winavr-20100110/bin/../lib/gcc/avr/4.3.3/avr5\libgcc.a(_prologue.o)
                0x00004842                __prologue_saves__
 .text.libgcc   0x0000487a       0x36 c:/program files/winavr-20100110/bin/../lib/gcc/avr/4.3.3/avr5\libgcc.a(_epilogue.o)
                0x0000487a                __epilogue_restores__
 .text.avr-libc
                0x000048b0       0x42 c:/program files/winavr-20100110/bin/../lib/gcc/avr/4.3.3/../../../../avr/lib/avr5\libc.a(itoa.o)
                0x000048b0                itoa
 .text.avr-libc.fplib
                0x000048f2       0x26 c:/program files/winavr-20100110/bin/../lib/gcc/avr/4.3.3/../../../../avr/lib/avr5\libc.a(ceil.o)
                0x000048f2                ceil
 .text.avr-libc.fplib
                0x00004918       0x36 c:/program files/winavr-20100110/bin/../lib/gcc/avr/4.3.3/../../../../avr/lib/avr5\libc.a(fp_mintl.o)
                0x00004918                __fp_mintl
 .text.avr-libc.fplib
                0x0000494e       0x1c c:/program files/winavr-20100110/bin/../lib/gcc/avr/4.3.3/../../../../avr/lib/avr5\libc.a(fp_mpack.o)
                0x00004952                __fp_mpack_finite
                0x0000494e                __fp_mpack
 .text.avr-libc.fplib
                0x0000496a       0x2e c:/program files/winavr-20100110/bin/../lib/gcc/avr/4.3.3/../../../../avr/lib/avr5\libc.a(fp_trunc.o)
                0x0000496a                __fp_trunc
 .text.avr-libc.fplib
                0x00004998        0xe c:/program files/winavr-20100110/bin/../lib/gcc/avr/4.3.3/../../../../avr/lib/avr5\libc.a(fp_zero.o)
                0x00004998                __fp_zero
                0x0000499a                __fp_szero
 .text.avr-libc
                0x000049a6       0x20 c:/program files/winavr-20100110/bin/../lib/gcc/avr/4.3.3/../../../../avr/lib/avr5\libc.a(strrev.o)
                0x000049a6                strrev
 .text.avr-libc.fplib
                0x000049c6       0x44 c:/program files/winavr-20100110/bin/../lib/gcc/avr/4.3.3/../../../../avr/lib/avr5\libc.a(fp_split3.o)
                0x000049c6                __fp_split3
                0x000049d6                __fp_splitA
                0x00004a0a                . = ALIGN (0x2)
 *(.fini9)
 .fini9         0x00004a0a        0x0 c:/program files/winavr-20100110/bin/../lib/gcc/avr/4.3.3/avr5\libgcc.a(_exit.o)
                0x00004a0a                exit
                0x00004a0a                _exit
 *(.fini9)
 *(.fini8)
 *(.fini8)
 *(.fini7)
 *(.fini7)
 *(.fini6)
 *(.fini6)
 *(.fini5)
 *(.fini5)
 *(.fini4)
 *(.fini4)
 *(.fini3)
 *(.fini3)
 *(.fini2)
 *(.fini2)
 *(.fini1)
 *(.fini1)
 *(.fini0)
 .fini0         0x00004a0a        0x4 c:/program files/winavr-20100110/bin/../lib/gcc/avr/4.3.3/avr5\libgcc.a(_exit.o)
 *(.fini0)
                0x00004a0e                _etext = .

.data           0x00800060      0x150 load address 0x00004a0e
                0x00800060                PROVIDE (__data_start, .)
 *(.data)
 .data          0x00800060        0x0 c:/program files/winavr-20100110/bin/../lib/gcc/avr/4.3.3/../../../../avr/lib/avr5/crtm32.o
 .data          0x00800060        0x0 ./MCAL/UART_DRIVER/UART_PROGRAM.o
 .data          0x00800060        0x0 ./MCAL/TIMERS_DRIVER/TIMER1_DRIVER/TIMER1_PROGRAM.o
 .data          0x00800060        0x0 ./MCAL/TIMERS_DRIVER/TIMER0_DRIVER/TIMER0_PROGRAM.o
 .data          0x00800060        0x0 ./MCAL/GPIO_DRIVER/GPIO_PROGRAM.o
 .data          0x00800060        0x0 ./MCAL/GLOBAL_INTERRUPT_DRIVER/GLOBAL_INTERRUPT_PROGRAM.o
 .data          0x00800060        0x0 ./MCAL/EXT_INTERRUPT_DRIVER/EXT_INTERRUPT_PROGRAM.o
 .data          0x00800060        0x0 ./MCAL/ADC_DRIVER/ADC_PROGRAM.o
 .data          0x00800060        0x0 ./ECUAL/SEVEN-SEGMENT_DRIVER/SEGMENT_PROGRAM.o
 .data          0x00800060        0x8 ./ECUAL/SERVO_DRIVER/SERVO_PROGRAM.o
 .data          0x00800068        0x0 ./ECUAL/LM35_DRIVER/LM35_PROGRAM.o
 .data          0x00800068        0x0 ./ECUAL/LED_DRIVER/LED_PROGRAM.o
 .data          0x00800068        0x0 ./ECUAL/LCD_DRIVER/LCD_PROGRAM.o
 .data          0x00800068        0x0 ./ECUAL/KEYPAD_DRIVER/KEYPAD_PROGRAM.o
 .data          0x00800068       0x1f ./APP/APP_PROGRAM.o
 .data          0x00800087        0x0 ./APP/TASK29_RXD_main.o
 .data          0x00800087        0x0 c:/program files/winavr-20100110/bin/../lib/gcc/avr/4.3.3/avr5\libgcc.a(_mulsi3.o)
 .data          0x00800087        0x0 c:/program files/winavr-20100110/bin/../lib/gcc/avr/4.3.3/avr5\libgcc.a(_udivmodhi4.o)
 .data          0x00800087        0x0 c:/program files/winavr-20100110/bin/../lib/gcc/avr/4.3.3/avr5\libgcc.a(_udivmodsi4.o)
 .data          0x00800087        0x0 c:/program files/winavr-20100110/bin/../lib/gcc/avr/4.3.3/avr5\libgcc.a(_exit.o)
 .data          0x00800087        0x0 c:/program files/winavr-20100110/bin/../lib/gcc/avr/4.3.3/avr5\libgcc.a(_copy_data.o)
 .data          0x00800087        0x0 c:/program files/winavr-20100110/bin/../lib/gcc/avr/4.3.3/avr5\libgcc.a(_clear_bss.o)
 .data          0x00800087        0x0 c:/program files/winavr-20100110/bin/../lib/gcc/avr/4.3.3/avr5\libgcc.a(_fixunssfsi.o)
 .data          0x00800087        0x0 c:/program files/winavr-20100110/bin/../lib/gcc/avr/4.3.3/avr5\libgcc.a(_addsub_sf.o)
 .data          0x00800087        0x0 c:/program files/winavr-20100110/bin/../lib/gcc/avr/4.3.3/avr5\libgcc.a(_mul_sf.o)
 .data          0x00800087        0x0 c:/program files/winavr-20100110/bin/../lib/gcc/avr/4.3.3/avr5\libgcc.a(_div_sf.o)
 .data          0x00800087        0x0 c:/program files/winavr-20100110/bin/../lib/gcc/avr/4.3.3/avr5\libgcc.a(_ne_sf.o)
 .data          0x00800087        0x0 c:/program files/winavr-20100110/bin/../lib/gcc/avr/4.3.3/avr5\libgcc.a(_gt_sf.o)
 .data          0x00800087        0x0 c:/program files/winavr-20100110/bin/../lib/gcc/avr/4.3.3/avr5\libgcc.a(_ge_sf.o)
 .data          0x00800087        0x0 c:/program files/winavr-20100110/bin/../lib/gcc/avr/4.3.3/avr5\libgcc.a(_lt_sf.o)
 .data          0x00800087        0x0 c:/program files/winavr-20100110/bin/../lib/gcc/avr/4.3.3/avr5\libgcc.a(_si_to_sf.o)
 .data          0x00800087        0x0 c:/program files/winavr-20100110/bin/../lib/gcc/avr/4.3.3/avr5\libgcc.a(_sf_to_si.o)
 .data          0x00800087        0x8 c:/program files/winavr-20100110/bin/../lib/gcc/avr/4.3.3/avr5\libgcc.a(_thenan_sf.o)
                0x00800087                __thenan_sf
 .data          0x0080008f        0x0 c:/program files/winavr-20100110/bin/../lib/gcc/avr/4.3.3/avr5\libgcc.a(_usi_to_sf.o)
 .data          0x0080008f        0x0 c:/program files/winavr-20100110/bin/../lib/gcc/avr/4.3.3/avr5\libgcc.a(_prologue.o)
 .data          0x0080008f        0x0 c:/program files/winavr-20100110/bin/../lib/gcc/avr/4.3.3/avr5\libgcc.a(_epilogue.o)
 .data          0x0080008f        0x0 c:/program files/winavr-20100110/bin/../lib/gcc/avr/4.3.3/avr5\libgcc.a(_clzsi2.o)
 .data          0x0080008f        0x0 c:/program files/winavr-20100110/bin/../lib/gcc/avr/4.3.3/avr5\libgcc.a(_pack_sf.o)
 .data          0x0080008f        0x0 c:/program files/winavr-20100110/bin/../lib/gcc/avr/4.3.3/avr5\libgcc.a(_unpack_sf.o)
 .data          0x0080008f        0x0 c:/program files/winavr-20100110/bin/../lib/gcc/avr/4.3.3/avr5\libgcc.a(_fpcmp_parts_sf.o)
 .data          0x0080008f      0x100 c:/program files/winavr-20100110/bin/../lib/gcc/avr/4.3.3/avr5\libgcc.a(_clz.o)
                0x0080008f                __clz_tab
 .data          0x0080018f        0x0 c:/program files/winavr-20100110/bin/../lib/gcc/avr/4.3.3/../../../../avr/lib/avr5\libc.a(itoa.o)
 .data          0x0080018f        0x0 c:/program files/winavr-20100110/bin/../lib/gcc/avr/4.3.3/../../../../avr/lib/avr5\libc.a(ceil.o)
 .data          0x0080018f        0x0 c:/program files/winavr-20100110/bin/../lib/gcc/avr/4.3.3/../../../../avr/lib/avr5\libc.a(fp_mintl.o)
 .data          0x0080018f        0x0 c:/program files/winavr-20100110/bin/../lib/gcc/avr/4.3.3/../../../../avr/lib/avr5\libc.a(fp_mpack.o)
 .data          0x0080018f        0x0 c:/program files/winavr-20100110/bin/../lib/gcc/avr/4.3.3/../../../../avr/lib/avr5\libc.a(fp_trunc.o)
 .data          0x0080018f        0x0 c:/program files/winavr-20100110/bin/../lib/gcc/avr/4.3.3/../../../../avr/lib/avr5\libc.a(fp_zero.o)
 .data          0x0080018f        0x0 c:/program files/winavr-20100110/bin/../lib/gcc/avr/4.3.3/../../../../avr/lib/avr5\libc.a(strrev.o)
 .data          0x0080018f        0x0 c:/program files/winavr-20100110/bin/../lib/gcc/avr/4.3.3/../../../../avr/lib/avr5\libc.a(fp_split3.o)
 *(.data*)
 .data.KPD_ROW_PORT_VAL
                0x0080018f        0x4 ./ECUAL/KEYPAD_DRIVER/KEYPAD_PROGRAM.o
                0x0080018f                KPD_ROW_PORT_VAL
 .data.KPD_ROW_PIN_VAL
                0x00800193        0x4 ./ECUAL/KEYPAD_DRIVER/KEYPAD_PROGRAM.o
                0x00800193                KPD_ROW_PIN_VAL
 .data.KPD_COL_PORT_VAL
                0x00800197        0x4 ./ECUAL/KEYPAD_DRIVER/KEYPAD_PROGRAM.o
                0x00800197                KPD_COL_PORT_VAL
 .data.KPD_COL_PIN_VAL
                0x0080019b        0x4 ./ECUAL/KEYPAD_DRIVER/KEYPAD_PROGRAM.o
                0x0080019b                KPD_COL_PIN_VAL
 .data.KPD_DATA
                0x0080019f       0x10 ./ECUAL/KEYPAD_DRIVER/KEYPAD_PROGRAM.o
                0x0080019f                KPD_DATA
 *(.rodata)
 *(.rodata*)
 *(.gnu.linkonce.d*)
                0x008001b0                . = ALIGN (0x2)
 *fill*         0x008001af        0x1 00
                0x008001b0                _edata = .
                0x008001b0                PROVIDE (__data_end, .)

.bss            0x008001b0       0x23
                0x008001b0                PROVIDE (__bss_start, .)
 *(.bss)
 .bss           0x008001b0        0x0 c:/program files/winavr-20100110/bin/../lib/gcc/avr/4.3.3/../../../../avr/lib/avr5/crtm32.o
 .bss           0x008001b0        0x0 ./MCAL/UART_DRIVER/UART_PROGRAM.o
 .bss           0x008001b0        0x0 ./MCAL/TIMERS_DRIVER/TIMER1_DRIVER/TIMER1_PROGRAM.o
 .bss           0x008001b0        0x0 ./MCAL/TIMERS_DRIVER/TIMER0_DRIVER/TIMER0_PROGRAM.o
 .bss           0x008001b0        0x0 ./MCAL/GPIO_DRIVER/GPIO_PROGRAM.o
 .bss           0x008001b0        0x0 ./MCAL/GLOBAL_INTERRUPT_DRIVER/GLOBAL_INTERRUPT_PROGRAM.o
 .bss           0x008001b0        0x0 ./MCAL/EXT_INTERRUPT_DRIVER/EXT_INTERRUPT_PROGRAM.o
 .bss           0x008001b0        0x0 ./MCAL/ADC_DRIVER/ADC_PROGRAM.o
 .bss           0x008001b0        0x0 ./ECUAL/SEVEN-SEGMENT_DRIVER/SEGMENT_PROGRAM.o
 .bss           0x008001b0        0x0 ./ECUAL/SERVO_DRIVER/SERVO_PROGRAM.o
 .bss           0x008001b0        0x0 ./ECUAL/LM35_DRIVER/LM35_PROGRAM.o
 .bss           0x008001b0        0x0 ./ECUAL/LED_DRIVER/LED_PROGRAM.o
 .bss           0x008001b0        0x0 ./ECUAL/LCD_DRIVER/LCD_PROGRAM.o
 .bss           0x008001b0        0x0 ./ECUAL/KEYPAD_DRIVER/KEYPAD_PROGRAM.o
 .bss           0x008001b0        0x0 ./APP/APP_PROGRAM.o
 .bss           0x008001b0        0x0 ./APP/TASK29_RXD_main.o
 .bss           0x008001b0        0x0 c:/program files/winavr-20100110/bin/../lib/gcc/avr/4.3.3/avr5\libgcc.a(_mulsi3.o)
 .bss           0x008001b0        0x0 c:/program files/winavr-20100110/bin/../lib/gcc/avr/4.3.3/avr5\libgcc.a(_udivmodhi4.o)
 .bss           0x008001b0        0x0 c:/program files/winavr-20100110/bin/../lib/gcc/avr/4.3.3/avr5\libgcc.a(_udivmodsi4.o)
 .bss           0x008001b0        0x0 c:/program files/winavr-20100110/bin/../lib/gcc/avr/4.3.3/avr5\libgcc.a(_exit.o)
 .bss           0x008001b0        0x0 c:/program files/winavr-20100110/bin/../lib/gcc/avr/4.3.3/avr5\libgcc.a(_copy_data.o)
 .bss           0x008001b0        0x0 c:/program files/winavr-20100110/bin/../lib/gcc/avr/4.3.3/avr5\libgcc.a(_clear_bss.o)
 .bss           0x008001b0        0x0 c:/program files/winavr-20100110/bin/../lib/gcc/avr/4.3.3/avr5\libgcc.a(_fixunssfsi.o)
 .bss           0x008001b0        0x0 c:/program files/winavr-20100110/bin/../lib/gcc/avr/4.3.3/avr5\libgcc.a(_addsub_sf.o)
 .bss           0x008001b0        0x0 c:/program files/winavr-20100110/bin/../lib/gcc/avr/4.3.3/avr5\libgcc.a(_mul_sf.o)
 .bss           0x008001b0        0x0 c:/program files/winavr-20100110/bin/../lib/gcc/avr/4.3.3/avr5\libgcc.a(_div_sf.o)
 .bss           0x008001b0        0x0 c:/program files/winavr-20100110/bin/../lib/gcc/avr/4.3.3/avr5\libgcc.a(_ne_sf.o)
 .bss           0x008001b0        0x0 c:/program files/winavr-20100110/bin/../lib/gcc/avr/4.3.3/avr5\libgcc.a(_gt_sf.o)
 .bss           0x008001b0        0x0 c:/program files/winavr-20100110/bin/../lib/gcc/avr/4.3.3/avr5\libgcc.a(_ge_sf.o)
 .bss           0x008001b0        0x0 c:/program files/winavr-20100110/bin/../lib/gcc/avr/4.3.3/avr5\libgcc.a(_lt_sf.o)
 .bss           0x008001b0        0x0 c:/program files/winavr-20100110/bin/../lib/gcc/avr/4.3.3/avr5\libgcc.a(_si_to_sf.o)
 .bss           0x008001b0        0x0 c:/program files/winavr-20100110/bin/../lib/gcc/avr/4.3.3/avr5\libgcc.a(_sf_to_si.o)
 .bss           0x008001b0        0x0 c:/program files/winavr-20100110/bin/../lib/gcc/avr/4.3.3/avr5\libgcc.a(_thenan_sf.o)
 .bss           0x008001b0        0x0 c:/program files/winavr-20100110/bin/../lib/gcc/avr/4.3.3/avr5\libgcc.a(_usi_to_sf.o)
 .bss           0x008001b0        0x0 c:/program files/winavr-20100110/bin/../lib/gcc/avr/4.3.3/avr5\libgcc.a(_prologue.o)
 .bss           0x008001b0        0x0 c:/program files/winavr-20100110/bin/../lib/gcc/avr/4.3.3/avr5\libgcc.a(_epilogue.o)
 .bss           0x008001b0        0x0 c:/program files/winavr-20100110/bin/../lib/gcc/avr/4.3.3/avr5\libgcc.a(_clzsi2.o)
 .bss           0x008001b0        0x0 c:/program files/winavr-20100110/bin/../lib/gcc/avr/4.3.3/avr5\libgcc.a(_pack_sf.o)
 .bss           0x008001b0        0x0 c:/program files/winavr-20100110/bin/../lib/gcc/avr/4.3.3/avr5\libgcc.a(_unpack_sf.o)
 .bss           0x008001b0        0x0 c:/program files/winavr-20100110/bin/../lib/gcc/avr/4.3.3/avr5\libgcc.a(_fpcmp_parts_sf.o)
 .bss           0x008001b0        0x0 c:/program files/winavr-20100110/bin/../lib/gcc/avr/4.3.3/avr5\libgcc.a(_clz.o)
 .bss           0x008001b0        0x0 c:/program files/winavr-20100110/bin/../lib/gcc/avr/4.3.3/../../../../avr/lib/avr5\libc.a(itoa.o)
 .bss           0x008001b0        0x0 c:/program files/winavr-20100110/bin/../lib/gcc/avr/4.3.3/../../../../avr/lib/avr5\libc.a(ceil.o)
 .bss           0x008001b0        0x0 c:/program files/winavr-20100110/bin/../lib/gcc/avr/4.3.3/../../../../avr/lib/avr5\libc.a(fp_mintl.o)
 .bss           0x008001b0        0x0 c:/program files/winavr-20100110/bin/../lib/gcc/avr/4.3.3/../../../../avr/lib/avr5\libc.a(fp_mpack.o)
 .bss           0x008001b0        0x0 c:/program files/winavr-20100110/bin/../lib/gcc/avr/4.3.3/../../../../avr/lib/avr5\libc.a(fp_trunc.o)
 .bss           0x008001b0        0x0 c:/program files/winavr-20100110/bin/../lib/gcc/avr/4.3.3/../../../../avr/lib/avr5\libc.a(fp_zero.o)
 .bss           0x008001b0        0x0 c:/program files/winavr-20100110/bin/../lib/gcc/avr/4.3.3/../../../../avr/lib/avr5\libc.a(strrev.o)
 .bss           0x008001b0        0x0 c:/program files/winavr-20100110/bin/../lib/gcc/avr/4.3.3/../../../../avr/lib/avr5\libc.a(fp_split3.o)
 *(.bss*)
 .bss.overFlowCounter.1479
                0x008001b0        0x1 ./MCAL/TIMERS_DRIVER/TIMER1_DRIVER/TIMER1_PROGRAM.o
 .bss.overFlowCounter.1505
                0x008001b1        0x1 ./MCAL/TIMERS_DRIVER/TIMER1_DRIVER/TIMER1_PROGRAM.o
 .bss.overFlowCounter.1529
                0x008001b2        0x1 ./MCAL/TIMERS_DRIVER/TIMER1_DRIVER/TIMER1_PROGRAM.o
 .bss.overFlowCounter.1445
                0x008001b3        0x1 ./MCAL/TIMERS_DRIVER/TIMER0_DRIVER/TIMER0_PROGRAM.o
 .bss.overFlowCounter.1472
                0x008001b4        0x1 ./MCAL/TIMERS_DRIVER/TIMER0_DRIVER/TIMER0_PROGRAM.o
 .bss.Mapping   0x008001b5        0x1 ./ECUAL/SERVO_DRIVER/SERVO_PROGRAM.o
                0x008001b5                Mapping
 .bss.ADC_Result
                0x008001b6        0x2 ./ECUAL/SERVO_DRIVER/SERVO_PROGRAM.o
                0x008001b6                ADC_Result
 .bss.AngleValue
                0x008001b8        0x2 ./ECUAL/SERVO_DRIVER/SERVO_PROGRAM.o
                0x008001b8                AngleValue
 .bss.CMP_Value
                0x008001ba        0x2 ./ECUAL/SERVO_DRIVER/SERVO_PROGRAM.o
                0x008001ba                CMP_Value
 .bss.KeyData   0x008001bc        0x1 ./APP/APP_PROGRAM.o
                0x008001bc                KeyData
 .bss.CHARReceived
                0x008001bd        0x2 ./APP/APP_PROGRAM.o
                0x008001bd                CHARReceived
 *(COMMON)
 COMMON         0x008001bf        0x8 ./MCAL/TIMERS_DRIVER/TIMER1_DRIVER/TIMER1_PROGRAM.o
                0x008001bf                CallBackPtr_TIMER1_COMPB
                0x008001c1                CallBackPtr_TIMER1_OVF
                0x008001c3                CallBackPtr_TIMER1_CAPT
                0x008001c5                CallBackPtr_TIMER1_COMPA
 COMMON         0x008001c7        0x4 ./MCAL/TIMERS_DRIVER/TIMER0_DRIVER/TIMER0_PROGRAM.o
                0x008001c7                CallBackPtr_TIMER0_COMP
                0x008001c9                CallBackPtr_TIMER0_OVF
 COMMON         0x008001cb        0x6 ./MCAL/EXT_INTERRUPT_DRIVER/EXT_INTERRUPT_PROGRAM.o
                0x008001cb                CallBackPtr_INT2
                0x008001cd                CallBackPtr_INT0
                0x008001cf                CallBackPtr_INT1
 COMMON         0x008001d1        0x2 ./MCAL/ADC_DRIVER/ADC_PROGRAM.o
                0x008001d1                CallBackPtr_ADC
                0x008001d3                PROVIDE (__bss_end, .)
                0x00004a0e                __data_load_start = LOADADDR (.data)
                0x00004b5e                __data_load_end = (__data_load_start + SIZEOF (.data))

.noinit         0x008001d3        0x0
                0x008001d3                PROVIDE (__noinit_start, .)
 *(.noinit*)
                0x008001d3                PROVIDE (__noinit_end, .)
                0x008001d3                _end = .
                0x008001d3                PROVIDE (__heap_start, .)

.eeprom         0x00810000        0x0
 *(.eeprom*)
                0x00810000                __eeprom_end = .

.fuse
 *(.fuse)
 *(.lfuse)
 *(.hfuse)
 *(.efuse)

.lock
 *(.lock*)

.signature
 *(.signature*)

.stab           0x00000000     0x6348
 *(.stab)
 .stab          0x00000000      0x528 ./MCAL/UART_DRIVER/UART_PROGRAM.o
 .stab          0x00000528      0xa68 ./MCAL/TIMERS_DRIVER/TIMER1_DRIVER/TIMER1_PROGRAM.o
                                0xa74 (size before relaxing)
 .stab          0x00000f90      0x798 ./MCAL/TIMERS_DRIVER/TIMER0_DRIVER/TIMER0_PROGRAM.o
                                0x7a4 (size before relaxing)
 .stab          0x00001728      0x9f0 ./MCAL/GPIO_DRIVER/GPIO_PROGRAM.o
                                0x9fc (size before relaxing)
 .stab          0x00002118      0x294 ./MCAL/GLOBAL_INTERRUPT_DRIVER/GLOBAL_INTERRUPT_PROGRAM.o
                                0x2a0 (size before relaxing)
 .stab          0x000023ac      0x5b8 ./MCAL/EXT_INTERRUPT_DRIVER/EXT_INTERRUPT_PROGRAM.o
                                0x5c4 (size before relaxing)
 .stab          0x00002964      0x510 ./MCAL/ADC_DRIVER/ADC_PROGRAM.o
                                0x51c (size before relaxing)
 .stab          0x00002e74      0x5ac ./ECUAL/SEVEN-SEGMENT_DRIVER/SEGMENT_PROGRAM.o
                                0x5b8 (size before relaxing)
 .stab          0x00003420      0x7e0 ./ECUAL/SERVO_DRIVER/SERVO_PROGRAM.o
                                0x7ec (size before relaxing)
 .stab          0x00003c00      0x4e0 ./ECUAL/LM35_DRIVER/LM35_PROGRAM.o
                                0x678 (size before relaxing)
 .stab          0x000040e0      0x54c ./ECUAL/LED_DRIVER/LED_PROGRAM.o
                                0x558 (size before relaxing)
 .stab          0x0000462c     0x1320 ./ECUAL/LCD_DRIVER/LCD_PROGRAM.o
                               0x150c (size before relaxing)
 .stab          0x0000594c      0x420 ./ECUAL/KEYPAD_DRIVER/KEYPAD_PROGRAM.o
                                0x5b8 (size before relaxing)
 .stab          0x00005d6c      0x42c ./APP/APP_PROGRAM.o
                                0x618 (size before relaxing)
 .stab          0x00006198      0x1b0 ./APP/TASK29_RXD_main.o
                                0x54c (size before relaxing)

.stabstr        0x00000000     0x4f3c
 *(.stabstr)
 .stabstr       0x00000000     0x4f3c ./MCAL/UART_DRIVER/UART_PROGRAM.o

.stab.excl
 *(.stab.excl)

.stab.exclstr
 *(.stab.exclstr)

.stab.index
 *(.stab.index)

.stab.indexstr
 *(.stab.indexstr)

.comment
 *(.comment)

.debug
 *(.debug)

.line
 *(.line)

.debug_srcinfo
 *(.debug_srcinfo)

.debug_sfnames
 *(.debug_sfnames)

.debug_aranges  0x00000000      0x1e0
 *(.debug_aranges)
 .debug_aranges
                0x00000000       0x20 c:/program files/winavr-20100110/bin/../lib/gcc/avr/4.3.3/avr5\libgcc.a(_fixunssfsi.o)
 .debug_aranges
                0x00000020       0x20 c:/program files/winavr-20100110/bin/../lib/gcc/avr/4.3.3/avr5\libgcc.a(_addsub_sf.o)
 .debug_aranges
                0x00000040       0x20 c:/program files/winavr-20100110/bin/../lib/gcc/avr/4.3.3/avr5\libgcc.a(_mul_sf.o)
 .debug_aranges
                0x00000060       0x20 c:/program files/winavr-20100110/bin/../lib/gcc/avr/4.3.3/avr5\libgcc.a(_div_sf.o)
 .debug_aranges
                0x00000080       0x20 c:/program files/winavr-20100110/bin/../lib/gcc/avr/4.3.3/avr5\libgcc.a(_ne_sf.o)
 .debug_aranges
                0x000000a0       0x20 c:/program files/winavr-20100110/bin/../lib/gcc/avr/4.3.3/avr5\libgcc.a(_gt_sf.o)
 .debug_aranges
                0x000000c0       0x20 c:/program files/winavr-20100110/bin/../lib/gcc/avr/4.3.3/avr5\libgcc.a(_ge_sf.o)
 .debug_aranges
                0x000000e0       0x20 c:/program files/winavr-20100110/bin/../lib/gcc/avr/4.3.3/avr5\libgcc.a(_lt_sf.o)
 .debug_aranges
                0x00000100       0x20 c:/program files/winavr-20100110/bin/../lib/gcc/avr/4.3.3/avr5\libgcc.a(_si_to_sf.o)
 .debug_aranges
                0x00000120       0x20 c:/program files/winavr-20100110/bin/../lib/gcc/avr/4.3.3/avr5\libgcc.a(_sf_to_si.o)
 .debug_aranges
                0x00000140       0x20 c:/program files/winavr-20100110/bin/../lib/gcc/avr/4.3.3/avr5\libgcc.a(_usi_to_sf.o)
 .debug_aranges
                0x00000160       0x20 c:/program files/winavr-20100110/bin/../lib/gcc/avr/4.3.3/avr5\libgcc.a(_clzsi2.o)
 .debug_aranges
                0x00000180       0x20 c:/program files/winavr-20100110/bin/../lib/gcc/avr/4.3.3/avr5\libgcc.a(_pack_sf.o)
 .debug_aranges
                0x000001a0       0x20 c:/program files/winavr-20100110/bin/../lib/gcc/avr/4.3.3/avr5\libgcc.a(_unpack_sf.o)
 .debug_aranges
                0x000001c0       0x20 c:/program files/winavr-20100110/bin/../lib/gcc/avr/4.3.3/avr5\libgcc.a(_fpcmp_parts_sf.o)

.debug_pubnames
                0x00000000      0x232
 *(.debug_pubnames)
 .debug_pubnames
                0x00000000       0x23 c:/program files/winavr-20100110/bin/../lib/gcc/avr/4.3.3/avr5\libgcc.a(_fixunssfsi.o)
 .debug_pubnames
                0x00000023       0x2c c:/program files/winavr-20100110/bin/../lib/gcc/avr/4.3.3/avr5\libgcc.a(_addsub_sf.o)
 .debug_pubnames
                0x0000004f       0x1f c:/program files/winavr-20100110/bin/../lib/gcc/avr/4.3.3/avr5\libgcc.a(_mul_sf.o)
 .debug_pubnames
                0x0000006e       0x1f c:/program files/winavr-20100110/bin/../lib/gcc/avr/4.3.3/avr5\libgcc.a(_div_sf.o)
 .debug_pubnames
                0x0000008d       0x1e c:/program files/winavr-20100110/bin/../lib/gcc/avr/4.3.3/avr5\libgcc.a(_ne_sf.o)
 .debug_pubnames
                0x000000ab       0x1e c:/program files/winavr-20100110/bin/../lib/gcc/avr/4.3.3/avr5\libgcc.a(_gt_sf.o)
 .debug_pubnames
                0x000000c9       0x1e c:/program files/winavr-20100110/bin/../lib/gcc/avr/4.3.3/avr5\libgcc.a(_ge_sf.o)
 .debug_pubnames
                0x000000e7       0x1e c:/program files/winavr-20100110/bin/../lib/gcc/avr/4.3.3/avr5\libgcc.a(_lt_sf.o)
 .debug_pubnames
                0x00000105       0x22 c:/program files/winavr-20100110/bin/../lib/gcc/avr/4.3.3/avr5\libgcc.a(_si_to_sf.o)
 .debug_pubnames
                0x00000127       0x20 c:/program files/winavr-20100110/bin/../lib/gcc/avr/4.3.3/avr5\libgcc.a(_sf_to_si.o)
 .debug_pubnames
                0x00000147       0x22 c:/program files/winavr-20100110/bin/../lib/gcc/avr/4.3.3/avr5\libgcc.a(_thenan_sf.o)
 .debug_pubnames
                0x00000169       0x24 c:/program files/winavr-20100110/bin/../lib/gcc/avr/4.3.3/avr5\libgcc.a(_usi_to_sf.o)
 .debug_pubnames
                0x0000018d       0x1f c:/program files/winavr-20100110/bin/../lib/gcc/avr/4.3.3/avr5\libgcc.a(_clzsi2.o)
 .debug_pubnames
                0x000001ac       0x1f c:/program files/winavr-20100110/bin/../lib/gcc/avr/4.3.3/avr5\libgcc.a(_pack_sf.o)
 .debug_pubnames
                0x000001cb       0x21 c:/program files/winavr-20100110/bin/../lib/gcc/avr/4.3.3/avr5\libgcc.a(_unpack_sf.o)
 .debug_pubnames
                0x000001ec       0x26 c:/program files/winavr-20100110/bin/../lib/gcc/avr/4.3.3/avr5\libgcc.a(_fpcmp_parts_sf.o)
 .debug_pubnames
                0x00000212       0x20 c:/program files/winavr-20100110/bin/../lib/gcc/avr/4.3.3/avr5\libgcc.a(_clz.o)

.debug_info     0x00000000     0x2891
 *(.debug_info)
 .debug_info    0x00000000       0xb1 c:/program files/winavr-20100110/bin/../lib/gcc/avr/4.3.3/avr5\libgcc.a(_fixunssfsi.o)
 .debug_info    0x000000b1      0x47a c:/program files/winavr-20100110/bin/../lib/gcc/avr/4.3.3/avr5\libgcc.a(_addsub_sf.o)
 .debug_info    0x0000052b      0x485 c:/program files/winavr-20100110/bin/../lib/gcc/avr/4.3.3/avr5\libgcc.a(_mul_sf.o)
 .debug_info    0x000009b0      0x3fc c:/program files/winavr-20100110/bin/../lib/gcc/avr/4.3.3/avr5\libgcc.a(_div_sf.o)
 .debug_info    0x00000dac      0x27f c:/program files/winavr-20100110/bin/../lib/gcc/avr/4.3.3/avr5\libgcc.a(_ne_sf.o)
 .debug_info    0x0000102b      0x27f c:/program files/winavr-20100110/bin/../lib/gcc/avr/4.3.3/avr5\libgcc.a(_gt_sf.o)
 .debug_info    0x000012aa      0x27f c:/program files/winavr-20100110/bin/../lib/gcc/avr/4.3.3/avr5\libgcc.a(_ge_sf.o)
 .debug_info    0x00001529      0x27f c:/program files/winavr-20100110/bin/../lib/gcc/avr/4.3.3/avr5\libgcc.a(_lt_sf.o)
 .debug_info    0x000017a8      0x207 c:/program files/winavr-20100110/bin/../lib/gcc/avr/4.3.3/avr5\libgcc.a(_si_to_sf.o)
 .debug_info    0x000019af      0x2b0 c:/program files/winavr-20100110/bin/../lib/gcc/avr/4.3.3/avr5\libgcc.a(_sf_to_si.o)
 .debug_info    0x00001c5f      0x12c c:/program files/winavr-20100110/bin/../lib/gcc/avr/4.3.3/avr5\libgcc.a(_thenan_sf.o)
 .debug_info    0x00001d8b      0x206 c:/program files/winavr-20100110/bin/../lib/gcc/avr/4.3.3/avr5\libgcc.a(_usi_to_sf.o)
 .debug_info    0x00001f91      0x117 c:/program files/winavr-20100110/bin/../lib/gcc/avr/4.3.3/avr5\libgcc.a(_clzsi2.o)
 .debug_info    0x000020a8      0x2df c:/program files/winavr-20100110/bin/../lib/gcc/avr/4.3.3/avr5\libgcc.a(_pack_sf.o)
 .debug_info    0x00002387      0x251 c:/program files/winavr-20100110/bin/../lib/gcc/avr/4.3.3/avr5\libgcc.a(_unpack_sf.o)
 .debug_info    0x000025d8      0x210 c:/program files/winavr-20100110/bin/../lib/gcc/avr/4.3.3/avr5\libgcc.a(_fpcmp_parts_sf.o)
 .debug_info    0x000027e8       0xa9 c:/program files/winavr-20100110/bin/../lib/gcc/avr/4.3.3/avr5\libgcc.a(_clz.o)
 *(.gnu.linkonce.wi.*)

.debug_abbrev   0x00000000     0x1628
 *(.debug_abbrev)
 .debug_abbrev  0x00000000       0x5d c:/program files/winavr-20100110/bin/../lib/gcc/avr/4.3.3/avr5\libgcc.a(_fixunssfsi.o)
 .debug_abbrev  0x0000005d      0x1ea c:/program files/winavr-20100110/bin/../lib/gcc/avr/4.3.3/avr5\libgcc.a(_addsub_sf.o)
 .debug_abbrev  0x00000247      0x21b c:/program files/winavr-20100110/bin/../lib/gcc/avr/4.3.3/avr5\libgcc.a(_mul_sf.o)
 .debug_abbrev  0x00000462      0x216 c:/program files/winavr-20100110/bin/../lib/gcc/avr/4.3.3/avr5\libgcc.a(_div_sf.o)
 .debug_abbrev  0x00000678      0x15a c:/program files/winavr-20100110/bin/../lib/gcc/avr/4.3.3/avr5\libgcc.a(_ne_sf.o)
 .debug_abbrev  0x000007d2      0x15a c:/program files/winavr-20100110/bin/../lib/gcc/avr/4.3.3/avr5\libgcc.a(_gt_sf.o)
 .debug_abbrev  0x0000092c      0x15a c:/program files/winavr-20100110/bin/../lib/gcc/avr/4.3.3/avr5\libgcc.a(_ge_sf.o)
 .debug_abbrev  0x00000a86      0x15a c:/program files/winavr-20100110/bin/../lib/gcc/avr/4.3.3/avr5\libgcc.a(_lt_sf.o)
 .debug_abbrev  0x00000be0      0x148 c:/program files/winavr-20100110/bin/../lib/gcc/avr/4.3.3/avr5\libgcc.a(_si_to_sf.o)
 .debug_abbrev  0x00000d28      0x17f c:/program files/winavr-20100110/bin/../lib/gcc/avr/4.3.3/avr5\libgcc.a(_sf_to_si.o)
 .debug_abbrev  0x00000ea7       0xad c:/program files/winavr-20100110/bin/../lib/gcc/avr/4.3.3/avr5\libgcc.a(_thenan_sf.o)
 .debug_abbrev  0x00000f54      0x157 c:/program files/winavr-20100110/bin/../lib/gcc/avr/4.3.3/avr5\libgcc.a(_usi_to_sf.o)
 .debug_abbrev  0x000010ab       0xc4 c:/program files/winavr-20100110/bin/../lib/gcc/avr/4.3.3/avr5\libgcc.a(_clzsi2.o)
 .debug_abbrev  0x0000116f      0x1c0 c:/program files/winavr-20100110/bin/../lib/gcc/avr/4.3.3/avr5\libgcc.a(_pack_sf.o)
 .debug_abbrev  0x0000132f      0x154 c:/program files/winavr-20100110/bin/../lib/gcc/avr/4.3.3/avr5\libgcc.a(_unpack_sf.o)
 .debug_abbrev  0x00001483      0x13b c:/program files/winavr-20100110/bin/../lib/gcc/avr/4.3.3/avr5\libgcc.a(_fpcmp_parts_sf.o)
 .debug_abbrev  0x000015be       0x6a c:/program files/winavr-20100110/bin/../lib/gcc/avr/4.3.3/avr5\libgcc.a(_clz.o)

.debug_line     0x00000000     0x13de
 *(.debug_line)
 .debug_line    0x00000000       0xa7 c:/program files/winavr-20100110/bin/../lib/gcc/avr/4.3.3/avr5\libgcc.a(_fixunssfsi.o)
 .debug_line    0x000000a7      0x2af c:/program files/winavr-20100110/bin/../lib/gcc/avr/4.3.3/avr5\libgcc.a(_addsub_sf.o)
 .debug_line    0x00000356      0x239 c:/program files/winavr-20100110/bin/../lib/gcc/avr/4.3.3/avr5\libgcc.a(_mul_sf.o)
 .debug_line    0x0000058f      0x1d5 c:/program files/winavr-20100110/bin/../lib/gcc/avr/4.3.3/avr5\libgcc.a(_div_sf.o)
 .debug_line    0x00000764       0xd3 c:/program files/winavr-20100110/bin/../lib/gcc/avr/4.3.3/avr5\libgcc.a(_ne_sf.o)
 .debug_line    0x00000837       0xd3 c:/program files/winavr-20100110/bin/../lib/gcc/avr/4.3.3/avr5\libgcc.a(_gt_sf.o)
 .debug_line    0x0000090a       0xd3 c:/program files/winavr-20100110/bin/../lib/gcc/avr/4.3.3/avr5\libgcc.a(_ge_sf.o)
 .debug_line    0x000009dd       0xd3 c:/program files/winavr-20100110/bin/../lib/gcc/avr/4.3.3/avr5\libgcc.a(_lt_sf.o)
 .debug_line    0x00000ab0      0x135 c:/program files/winavr-20100110/bin/../lib/gcc/avr/4.3.3/avr5\libgcc.a(_si_to_sf.o)
 .debug_line    0x00000be5      0x109 c:/program files/winavr-20100110/bin/../lib/gcc/avr/4.3.3/avr5\libgcc.a(_sf_to_si.o)
 .debug_line    0x00000cee       0x90 c:/program files/winavr-20100110/bin/../lib/gcc/avr/4.3.3/avr5\libgcc.a(_thenan_sf.o)
 .debug_line    0x00000d7e      0x133 c:/program files/winavr-20100110/bin/../lib/gcc/avr/4.3.3/avr5\libgcc.a(_usi_to_sf.o)
 .debug_line    0x00000eb1       0xa5 c:/program files/winavr-20100110/bin/../lib/gcc/avr/4.3.3/avr5\libgcc.a(_clzsi2.o)
 .debug_line    0x00000f56      0x18a c:/program files/winavr-20100110/bin/../lib/gcc/avr/4.3.3/avr5\libgcc.a(_pack_sf.o)
 .debug_line    0x000010e0      0x14b c:/program files/winavr-20100110/bin/../lib/gcc/avr/4.3.3/avr5\libgcc.a(_unpack_sf.o)
 .debug_line    0x0000122b      0x137 c:/program files/winavr-20100110/bin/../lib/gcc/avr/4.3.3/avr5\libgcc.a(_fpcmp_parts_sf.o)
 .debug_line    0x00001362       0x7c c:/program files/winavr-20100110/bin/../lib/gcc/avr/4.3.3/avr5\libgcc.a(_clz.o)

.debug_frame    0x00000000      0x200
 *(.debug_frame)
 .debug_frame   0x00000000       0x20 c:/program files/winavr-20100110/bin/../lib/gcc/avr/4.3.3/avr5\libgcc.a(_fixunssfsi.o)
 .debug_frame   0x00000020       0x40 c:/program files/winavr-20100110/bin/../lib/gcc/avr/4.3.3/avr5\libgcc.a(_addsub_sf.o)
 .debug_frame   0x00000060       0x20 c:/program files/winavr-20100110/bin/../lib/gcc/avr/4.3.3/avr5\libgcc.a(_mul_sf.o)
 .debug_frame   0x00000080       0x20 c:/program files/winavr-20100110/bin/../lib/gcc/avr/4.3.3/avr5\libgcc.a(_div_sf.o)
 .debug_frame   0x000000a0       0x20 c:/program files/winavr-20100110/bin/../lib/gcc/avr/4.3.3/avr5\libgcc.a(_ne_sf.o)
 .debug_frame   0x000000c0       0x20 c:/program files/winavr-20100110/bin/../lib/gcc/avr/4.3.3/avr5\libgcc.a(_gt_sf.o)
 .debug_frame   0x000000e0       0x20 c:/program files/winavr-20100110/bin/../lib/gcc/avr/4.3.3/avr5\libgcc.a(_ge_sf.o)
 .debug_frame   0x00000100       0x20 c:/program files/winavr-20100110/bin/../lib/gcc/avr/4.3.3/avr5\libgcc.a(_lt_sf.o)
 .debug_frame   0x00000120       0x20 c:/program files/winavr-20100110/bin/../lib/gcc/avr/4.3.3/avr5\libgcc.a(_si_to_sf.o)
 .debug_frame   0x00000140       0x20 c:/program files/winavr-20100110/bin/../lib/gcc/avr/4.3.3/avr5\libgcc.a(_sf_to_si.o)
 .debug_frame   0x00000160       0x20 c:/program files/winavr-20100110/bin/../lib/gcc/avr/4.3.3/avr5\libgcc.a(_usi_to_sf.o)
 .debug_frame   0x00000180       0x20 c:/program files/winavr-20100110/bin/../lib/gcc/avr/4.3.3/avr5\libgcc.a(_clzsi2.o)
 .debug_frame   0x000001a0       0x20 c:/program files/winavr-20100110/bin/../lib/gcc/avr/4.3.3/avr5\libgcc.a(_pack_sf.o)
 .debug_frame   0x000001c0       0x20 c:/program files/winavr-20100110/bin/../lib/gcc/avr/4.3.3/avr5\libgcc.a(_unpack_sf.o)
 .debug_frame   0x000001e0       0x20 c:/program files/winavr-20100110/bin/../lib/gcc/avr/4.3.3/avr5\libgcc.a(_fpcmp_parts_sf.o)

.debug_str      0x00000000      0x30f
 *(.debug_str)
 .debug_str     0x00000000       0xbf c:/program files/winavr-20100110/bin/../lib/gcc/avr/4.3.3/avr5\libgcc.a(_fixunssfsi.o)
                                 0xfe (size before relaxing)
 .debug_str     0x000000bf      0x14d c:/program files/winavr-20100110/bin/../lib/gcc/avr/4.3.3/avr5\libgcc.a(_addsub_sf.o)
                                0x206 (size before relaxing)
 .debug_str     0x0000020c       0x27 c:/program files/winavr-20100110/bin/../lib/gcc/avr/4.3.3/avr5\libgcc.a(_mul_sf.o)
                                0x1bf (size before relaxing)
 .debug_str     0x00000233       0x35 c:/program files/winavr-20100110/bin/../lib/gcc/avr/4.3.3/avr5\libgcc.a(_div_sf.o)
                                0x1c8 (size before relaxing)
 .debug_str     0x00000268        0x8 c:/program files/winavr-20100110/bin/../lib/gcc/avr/4.3.3/avr5\libgcc.a(_ne_sf.o)
                                0x195 (size before relaxing)
 .debug_str     0x00000270        0x8 c:/program files/winavr-20100110/bin/../lib/gcc/avr/4.3.3/avr5\libgcc.a(_gt_sf.o)
                                0x195 (size before relaxing)
 .debug_str     0x00000278        0x8 c:/program files/winavr-20100110/bin/../lib/gcc/avr/4.3.3/avr5\libgcc.a(_ge_sf.o)
                                0x195 (size before relaxing)
 .debug_str     0x00000280        0x8 c:/program files/winavr-20100110/bin/../lib/gcc/avr/4.3.3/avr5\libgcc.a(_lt_sf.o)
                                0x195 (size before relaxing)
 .debug_str     0x00000288       0x1e c:/program files/winavr-20100110/bin/../lib/gcc/avr/4.3.3/avr5\libgcc.a(_si_to_sf.o)
                                0x17b (size before relaxing)
 .debug_str     0x000002a6        0xa c:/program files/winavr-20100110/bin/../lib/gcc/avr/4.3.3/avr5\libgcc.a(_sf_to_si.o)
                                0x19e (size before relaxing)
 .debug_str     0x00000000      0x103 c:/program files/winavr-20100110/bin/../lib/gcc/avr/4.3.3/avr5\libgcc.a(_thenan_sf.o)
 .debug_str     0x000002b0       0x14 c:/program files/winavr-20100110/bin/../lib/gcc/avr/4.3.3/avr5\libgcc.a(_usi_to_sf.o)
                                0x177 (size before relaxing)
 .debug_str     0x000002c4       0x20 c:/program files/winavr-20100110/bin/../lib/gcc/avr/4.3.3/avr5\libgcc.a(_clzsi2.o)
                                0x111 (size before relaxing)
 .debug_str     0x000002e4       0x10 c:/program files/winavr-20100110/bin/../lib/gcc/avr/4.3.3/avr5\libgcc.a(_pack_sf.o)
                                0x19d (size before relaxing)
 .debug_str     0x000002f4        0xb c:/program files/winavr-20100110/bin/../lib/gcc/avr/4.3.3/avr5\libgcc.a(_unpack_sf.o)
                                0x17f (size before relaxing)
 .debug_str     0x000002ff       0x10 c:/program files/winavr-20100110/bin/../lib/gcc/avr/4.3.3/avr5\libgcc.a(_fpcmp_parts_sf.o)
                                0x163 (size before relaxing)
 .debug_str     0x00000000       0xf4 c:/program files/winavr-20100110/bin/../lib/gcc/avr/4.3.3/avr5\libgcc.a(_clz.o)

.debug_loc      0x00000000      0xa56
 *(.debug_loc)
 .debug_loc     0x00000000       0x34 c:/program files/winavr-20100110/bin/../lib/gcc/avr/4.3.3/avr5\libgcc.a(_fixunssfsi.o)
 .debug_loc     0x00000034      0x32a c:/program files/winavr-20100110/bin/../lib/gcc/avr/4.3.3/avr5\libgcc.a(_addsub_sf.o)
 .debug_loc     0x0000035e      0x104 c:/program files/winavr-20100110/bin/../lib/gcc/avr/4.3.3/avr5\libgcc.a(_mul_sf.o)
 .debug_loc     0x00000462       0xc0 c:/program files/winavr-20100110/bin/../lib/gcc/avr/4.3.3/avr5\libgcc.a(_div_sf.o)
 .debug_loc     0x00000522       0x3c c:/program files/winavr-20100110/bin/../lib/gcc/avr/4.3.3/avr5\libgcc.a(_ne_sf.o)
 .debug_loc     0x0000055e       0x3c c:/program files/winavr-20100110/bin/../lib/gcc/avr/4.3.3/avr5\libgcc.a(_gt_sf.o)
 .debug_loc     0x0000059a       0x3c c:/program files/winavr-20100110/bin/../lib/gcc/avr/4.3.3/avr5\libgcc.a(_ge_sf.o)
 .debug_loc     0x000005d6       0x3c c:/program files/winavr-20100110/bin/../lib/gcc/avr/4.3.3/avr5\libgcc.a(_lt_sf.o)
 .debug_loc     0x00000612       0xac c:/program files/winavr-20100110/bin/../lib/gcc/avr/4.3.3/avr5\libgcc.a(_si_to_sf.o)
 .debug_loc     0x000006be       0x7e c:/program files/winavr-20100110/bin/../lib/gcc/avr/4.3.3/avr5\libgcc.a(_sf_to_si.o)
 .debug_loc     0x0000073c       0x4c c:/program files/winavr-20100110/bin/../lib/gcc/avr/4.3.3/avr5\libgcc.a(_usi_to_sf.o)
 .debug_loc     0x00000788       0x94 c:/program files/winavr-20100110/bin/../lib/gcc/avr/4.3.3/avr5\libgcc.a(_clzsi2.o)
 .debug_loc     0x0000081c      0x13e c:/program files/winavr-20100110/bin/../lib/gcc/avr/4.3.3/avr5\libgcc.a(_pack_sf.o)
 .debug_loc     0x0000095a       0xac c:/program files/winavr-20100110/bin/../lib/gcc/avr/4.3.3/avr5\libgcc.a(_unpack_sf.o)
 .debug_loc     0x00000a06       0x50 c:/program files/winavr-20100110/bin/../lib/gcc/avr/4.3.3/avr5\libgcc.a(_fpcmp_parts_sf.o)

.debug_macinfo
 *(.debug_macinfo)
OUTPUT(TASK30_UART-STR-RXD.elf elf32-avr)
LOAD linker stubs

.debug_ranges   0x00000000       0x50
 .debug_ranges  0x00000000       0x50 c:/program files/winavr-20100110/bin/../lib/gcc/avr/4.3.3/avr5\libgcc.a(_mul_sf.o)
