Archive member included to satisfy reference by file (symbol)

c:/program files (x86)/atmel/studio/7.0/toolchain/avr8/avr8-gnu-toolchain/bin/../lib/gcc/avr/5.4.0/../../../../avr/lib/avr5\libm.a(ceil.o)
                              MCAL/TIMERS_DRIVER/TIMER0_DRIVER/TIMER0_PROGRAM.o (ceil)
c:/program files (x86)/atmel/studio/7.0/toolchain/avr8/avr8-gnu-toolchain/bin/../lib/gcc/avr/5.4.0/../../../../avr/lib/avr5\libm.a(cmpsf2.o)
                              MCAL/TIMERS_DRIVER/TIMER0_DRIVER/TIMER0_PROGRAM.o (__nesf2)
c:/program files (x86)/atmel/studio/7.0/toolchain/avr8/avr8-gnu-toolchain/bin/../lib/gcc/avr/5.4.0/../../../../avr/lib/avr5\libm.a(divsf3.o)
                              MCAL/TIMERS_DRIVER/TIMER0_DRIVER/TIMER0_PROGRAM.o (__divsf3)
c:/program files (x86)/atmel/studio/7.0/toolchain/avr8/avr8-gnu-toolchain/bin/../lib/gcc/avr/5.4.0/../../../../avr/lib/avr5\libm.a(divsf3x.o)
                              c:/program files (x86)/atmel/studio/7.0/toolchain/avr8/avr8-gnu-toolchain/bin/../lib/gcc/avr/5.4.0/../../../../avr/lib/avr5\libm.a(divsf3.o) (__divsf3x)
c:/program files (x86)/atmel/studio/7.0/toolchain/avr8/avr8-gnu-toolchain/bin/../lib/gcc/avr/5.4.0/../../../../avr/lib/avr5\libm.a(floatsisf.o)
                              MCAL/TIMERS_DRIVER/TIMER0_DRIVER/TIMER0_PROGRAM.o (__floatunsisf)
c:/program files (x86)/atmel/studio/7.0/toolchain/avr8/avr8-gnu-toolchain/bin/../lib/gcc/avr/5.4.0/../../../../avr/lib/avr5\libm.a(fp_cmp.o)
                              c:/program files (x86)/atmel/studio/7.0/toolchain/avr8/avr8-gnu-toolchain/bin/../lib/gcc/avr/5.4.0/../../../../avr/lib/avr5\libm.a(cmpsf2.o) (__fp_cmp)
c:/program files (x86)/atmel/studio/7.0/toolchain/avr8/avr8-gnu-toolchain/bin/../lib/gcc/avr/5.4.0/../../../../avr/lib/avr5\libm.a(fp_inf.o)
                              c:/program files (x86)/atmel/studio/7.0/toolchain/avr8/avr8-gnu-toolchain/bin/../lib/gcc/avr/5.4.0/../../../../avr/lib/avr5\libm.a(divsf3x.o) (__fp_inf)
c:/program files (x86)/atmel/studio/7.0/toolchain/avr8/avr8-gnu-toolchain/bin/../lib/gcc/avr/5.4.0/../../../../avr/lib/avr5\libm.a(fp_mintl.o)
                              c:/program files (x86)/atmel/studio/7.0/toolchain/avr8/avr8-gnu-toolchain/bin/../lib/gcc/avr/5.4.0/../../../../avr/lib/avr5\libm.a(ceil.o) (__fp_mintl)
c:/program files (x86)/atmel/studio/7.0/toolchain/avr8/avr8-gnu-toolchain/bin/../lib/gcc/avr/5.4.0/../../../../avr/lib/avr5\libm.a(fp_mpack.o)
                              c:/program files (x86)/atmel/studio/7.0/toolchain/avr8/avr8-gnu-toolchain/bin/../lib/gcc/avr/5.4.0/../../../../avr/lib/avr5\libm.a(ceil.o) (__fp_mpack)
c:/program files (x86)/atmel/studio/7.0/toolchain/avr8/avr8-gnu-toolchain/bin/../lib/gcc/avr/5.4.0/../../../../avr/lib/avr5\libm.a(fp_nan.o)
                              c:/program files (x86)/atmel/studio/7.0/toolchain/avr8/avr8-gnu-toolchain/bin/../lib/gcc/avr/5.4.0/../../../../avr/lib/avr5\libm.a(divsf3x.o) (__fp_nan)
c:/program files (x86)/atmel/studio/7.0/toolchain/avr8/avr8-gnu-toolchain/bin/../lib/gcc/avr/5.4.0/../../../../avr/lib/avr5\libm.a(fp_pscA.o)
                              c:/program files (x86)/atmel/studio/7.0/toolchain/avr8/avr8-gnu-toolchain/bin/../lib/gcc/avr/5.4.0/../../../../avr/lib/avr5\libm.a(divsf3x.o) (__fp_pscA)
c:/program files (x86)/atmel/studio/7.0/toolchain/avr8/avr8-gnu-toolchain/bin/../lib/gcc/avr/5.4.0/../../../../avr/lib/avr5\libm.a(fp_pscB.o)
                              c:/program files (x86)/atmel/studio/7.0/toolchain/avr8/avr8-gnu-toolchain/bin/../lib/gcc/avr/5.4.0/../../../../avr/lib/avr5\libm.a(divsf3x.o) (__fp_pscB)
c:/program files (x86)/atmel/studio/7.0/toolchain/avr8/avr8-gnu-toolchain/bin/../lib/gcc/avr/5.4.0/../../../../avr/lib/avr5\libm.a(fp_round.o)
                              c:/program files (x86)/atmel/studio/7.0/toolchain/avr8/avr8-gnu-toolchain/bin/../lib/gcc/avr/5.4.0/../../../../avr/lib/avr5\libm.a(divsf3.o) (__fp_round)
c:/program files (x86)/atmel/studio/7.0/toolchain/avr8/avr8-gnu-toolchain/bin/../lib/gcc/avr/5.4.0/../../../../avr/lib/avr5\libm.a(fp_split3.o)
                              c:/program files (x86)/atmel/studio/7.0/toolchain/avr8/avr8-gnu-toolchain/bin/../lib/gcc/avr/5.4.0/../../../../avr/lib/avr5\libm.a(divsf3x.o) (__fp_split3)
c:/program files (x86)/atmel/studio/7.0/toolchain/avr8/avr8-gnu-toolchain/bin/../lib/gcc/avr/5.4.0/../../../../avr/lib/avr5\libm.a(fp_trunc.o)
                              c:/program files (x86)/atmel/studio/7.0/toolchain/avr8/avr8-gnu-toolchain/bin/../lib/gcc/avr/5.4.0/../../../../avr/lib/avr5\libm.a(ceil.o) (__fp_trunc)
c:/program files (x86)/atmel/studio/7.0/toolchain/avr8/avr8-gnu-toolchain/bin/../lib/gcc/avr/5.4.0/../../../../avr/lib/avr5\libm.a(fp_zero.o)
                              c:/program files (x86)/atmel/studio/7.0/toolchain/avr8/avr8-gnu-toolchain/bin/../lib/gcc/avr/5.4.0/../../../../avr/lib/avr5\libm.a(ceil.o) (__fp_szero)
c:/program files (x86)/atmel/studio/7.0/toolchain/avr8/avr8-gnu-toolchain/bin/../lib/gcc/avr/5.4.0/avr5\libgcc.a(_udivmodsi4.o)
                              MCAL/TIMERS_DRIVER/TIMER0_DRIVER/TIMER0_PROGRAM.o (__udivmodsi4)
c:/program files (x86)/atmel/studio/7.0/toolchain/avr8/avr8-gnu-toolchain/bin/../lib/gcc/avr/5.4.0/avr5\libgcc.a(_exit.o)
                              C:/Program Files (x86)/Atmel/Studio/7.0/Packs/atmel/ATmega_DFP/1.7.374/gcc/dev/atmega32/avr5/crtatmega32.o (exit)
c:/program files (x86)/atmel/studio/7.0/toolchain/avr8/avr8-gnu-toolchain/bin/../lib/gcc/avr/5.4.0/avr5\libgcc.a(_tablejump2.o)
                              ECUAL/SEVEN-SEGMENT_DRIVER/SEGMENT_PROGRAM.o (__tablejump2__)
c:/program files (x86)/atmel/studio/7.0/toolchain/avr8/avr8-gnu-toolchain/bin/../lib/gcc/avr/5.4.0/avr5\libgcc.a(_copy_data.o)
                              APP/APP_SLAVE_PROGRAM.o (__do_copy_data)
c:/program files (x86)/atmel/studio/7.0/toolchain/avr8/avr8-gnu-toolchain/bin/../lib/gcc/avr/5.4.0/avr5\libgcc.a(_clear_bss.o)
                              APP/APP_SLAVE_PROGRAM.o (__do_clear_bss)
c:/program files (x86)/atmel/studio/7.0/toolchain/avr8/avr8-gnu-toolchain/bin/../lib/gcc/avr/5.4.0/avr5\libgcc.a(_umulhisi3.o)
                              ECUAL/SERVO_DRIVER/SERVO_PROGRAM.o (__umulhisi3)
c:/program files (x86)/atmel/studio/7.0/toolchain/avr8/avr8-gnu-toolchain/bin/../lib/gcc/avr/5.4.0/../../../../avr/lib/avr5\libc.a(itoa_ncheck.o)
                              ECUAL/LCD_DRIVER/LCD_PROGRAM.o (__itoa_ncheck)
c:/program files (x86)/atmel/studio/7.0/toolchain/avr8/avr8-gnu-toolchain/bin/../lib/gcc/avr/5.4.0/../../../../avr/lib/avr5\libc.a(utoa_ncheck.o)
                              c:/program files (x86)/atmel/studio/7.0/toolchain/avr8/avr8-gnu-toolchain/bin/../lib/gcc/avr/5.4.0/../../../../avr/lib/avr5\libc.a(itoa_ncheck.o) (__utoa_common)
c:/program files (x86)/atmel/studio/7.0/toolchain/avr8/avr8-gnu-toolchain/bin/../lib/gcc/avr/5.4.0/../../../../avr/lib/avr5\libc.a(strrev.o)
                              c:/program files (x86)/atmel/studio/7.0/toolchain/avr8/avr8-gnu-toolchain/bin/../lib/gcc/avr/5.4.0/../../../../avr/lib/avr5\libc.a(utoa_ncheck.o) (strrev)

Allocating common symbols
Common symbol       size              file

CallBackPtr_UART_RXC
                    0x2               MCAL/UART_DRIVER/UART_PROGRAM.o
CallBackPtr_SPI     0x2               MCAL/SPI_DRIVER/SPI_PROGRAM.o
CallBackPtr_UART_TXC
                    0x2               MCAL/UART_DRIVER/UART_PROGRAM.o
CallBackPtr_TIMER0_COMP
                    0x2               MCAL/TIMERS_DRIVER/TIMER0_DRIVER/TIMER0_PROGRAM.o
CallBackPtr_TIMER0_OVF
                    0x2               MCAL/TIMERS_DRIVER/TIMER0_DRIVER/TIMER0_PROGRAM.o
CallBackPtr_TIMER1_COMPB
                    0x2               MCAL/TIMERS_DRIVER/TIMER1_DRIVER/TIMER1_PROGRAM.o
CallBackPtr_INT2    0x2               MCAL/EXT_INTERRUPT_DRIVER/EXT_INTERRUPT_PROGRAM.o
CallBackPtr_TIMER1_OVF
                    0x2               MCAL/TIMERS_DRIVER/TIMER1_DRIVER/TIMER1_PROGRAM.o
CallBackPtr_TIMER1_CAPT
                    0x2               MCAL/TIMERS_DRIVER/TIMER1_DRIVER/TIMER1_PROGRAM.o
CallBackPtr_INT0    0x2               MCAL/EXT_INTERRUPT_DRIVER/EXT_INTERRUPT_PROGRAM.o
ReceivedData        0x1               APP/APP_SLAVE_PROGRAM.o
CallBackPtr_INT1    0x2               MCAL/EXT_INTERRUPT_DRIVER/EXT_INTERRUPT_PROGRAM.o
CallBackPtr_UART_UDRE
                    0x2               MCAL/UART_DRIVER/UART_PROGRAM.o
CallBackPtr_ADC     0x2               MCAL/ADC_DRIVER/ADC_PROGRAM.o
CallBackPtr_TIMER1_COMPA
                    0x2               MCAL/TIMERS_DRIVER/TIMER1_DRIVER/TIMER1_PROGRAM.o

Discarded input sections

 .data          0x00000000        0x0 C:/Program Files (x86)/Atmel/Studio/7.0/Packs/atmel/ATmega_DFP/1.7.374/gcc/dev/atmega32/avr5/crtatmega32.o
 .bss           0x00000000        0x0 C:/Program Files (x86)/Atmel/Studio/7.0/Packs/atmel/ATmega_DFP/1.7.374/gcc/dev/atmega32/avr5/crtatmega32.o
 .text          0x00000000        0x0 APP/APP_SLAVE_PROGRAM.o
 .data          0x00000000        0x0 APP/APP_SLAVE_PROGRAM.o
 .bss           0x00000000        0x0 APP/APP_SLAVE_PROGRAM.o
 .text          0x00000000        0x0 APP/TASK34_SLAVE_main.o
 .data          0x00000000        0x0 APP/TASK34_SLAVE_main.o
 .bss           0x00000000        0x0 APP/TASK34_SLAVE_main.o
 .text          0x00000000        0x0 ECUAL/EEPROM_DRIVER/EEPROM_PROGRAM.o
 .data          0x00000000        0x0 ECUAL/EEPROM_DRIVER/EEPROM_PROGRAM.o
 .bss           0x00000000        0x0 ECUAL/EEPROM_DRIVER/EEPROM_PROGRAM.o
 .text.EEPROM_u8WriteByte
                0x00000000       0x6e ECUAL/EEPROM_DRIVER/EEPROM_PROGRAM.o
 .text.EEPROM_u8ReadByte
                0x00000000       0xa4 ECUAL/EEPROM_DRIVER/EEPROM_PROGRAM.o
 .debug_info    0x00000000      0x26e ECUAL/EEPROM_DRIVER/EEPROM_PROGRAM.o
 .debug_abbrev  0x00000000       0xa7 ECUAL/EEPROM_DRIVER/EEPROM_PROGRAM.o
 .debug_loc     0x00000000      0x1d9 ECUAL/EEPROM_DRIVER/EEPROM_PROGRAM.o
 .debug_aranges
                0x00000000       0x28 ECUAL/EEPROM_DRIVER/EEPROM_PROGRAM.o
 .debug_ranges  0x00000000       0x18 ECUAL/EEPROM_DRIVER/EEPROM_PROGRAM.o
 .debug_line    0x00000000      0x1de ECUAL/EEPROM_DRIVER/EEPROM_PROGRAM.o
 .debug_str     0x00000000      0x291 ECUAL/EEPROM_DRIVER/EEPROM_PROGRAM.o
 .comment       0x00000000       0x31 ECUAL/EEPROM_DRIVER/EEPROM_PROGRAM.o
 .debug_frame   0x00000000       0x64 ECUAL/EEPROM_DRIVER/EEPROM_PROGRAM.o
 .text          0x00000000        0x0 ECUAL/KEYPAD_DRIVER/KEYPAD_PROGRAM.o
 .data          0x00000000        0x0 ECUAL/KEYPAD_DRIVER/KEYPAD_PROGRAM.o
 .bss           0x00000000        0x0 ECUAL/KEYPAD_DRIVER/KEYPAD_PROGRAM.o
 .text.KEYPAD_voidInit
                0x00000000       0x6c ECUAL/KEYPAD_DRIVER/KEYPAD_PROGRAM.o
 .text.KEYPAD_u8getPressedKey
                0x00000000       0xb8 ECUAL/KEYPAD_DRIVER/KEYPAD_PROGRAM.o
 .data.KPD_DATA
                0x00000000       0x10 ECUAL/KEYPAD_DRIVER/KEYPAD_PROGRAM.o
 .data.KPD_COL_PIN_VAL
                0x00000000        0x4 ECUAL/KEYPAD_DRIVER/KEYPAD_PROGRAM.o
 .data.KPD_COL_PORT_VAL
                0x00000000        0x4 ECUAL/KEYPAD_DRIVER/KEYPAD_PROGRAM.o
 .data.KPD_ROW_PIN_VAL
                0x00000000        0x4 ECUAL/KEYPAD_DRIVER/KEYPAD_PROGRAM.o
 .data.KPD_ROW_PORT_VAL
                0x00000000        0x4 ECUAL/KEYPAD_DRIVER/KEYPAD_PROGRAM.o
 .debug_info    0x00000000      0x24f ECUAL/KEYPAD_DRIVER/KEYPAD_PROGRAM.o
 .debug_abbrev  0x00000000      0x109 ECUAL/KEYPAD_DRIVER/KEYPAD_PROGRAM.o
 .debug_loc     0x00000000      0x1a7 ECUAL/KEYPAD_DRIVER/KEYPAD_PROGRAM.o
 .debug_aranges
                0x00000000       0x28 ECUAL/KEYPAD_DRIVER/KEYPAD_PROGRAM.o
 .debug_ranges  0x00000000       0x18 ECUAL/KEYPAD_DRIVER/KEYPAD_PROGRAM.o
 .debug_line    0x00000000      0x1bb ECUAL/KEYPAD_DRIVER/KEYPAD_PROGRAM.o
 .debug_str     0x00000000      0x2ca ECUAL/KEYPAD_DRIVER/KEYPAD_PROGRAM.o
 .comment       0x00000000       0x31 ECUAL/KEYPAD_DRIVER/KEYPAD_PROGRAM.o
 .debug_frame   0x00000000       0x80 ECUAL/KEYPAD_DRIVER/KEYPAD_PROGRAM.o
 .text          0x00000000        0x0 ECUAL/LCD_DRIVER/LCD_PROGRAM.o
 .data          0x00000000        0x0 ECUAL/LCD_DRIVER/LCD_PROGRAM.o
 .bss           0x00000000        0x0 ECUAL/LCD_DRIVER/LCD_PROGRAM.o
 .text.LCD_voidIntgerToString
                0x00000000       0x3e ECUAL/LCD_DRIVER/LCD_PROGRAM.o
 .text.LCD_voidClearScreen
                0x00000000        0x8 ECUAL/LCD_DRIVER/LCD_PROGRAM.o
 .text          0x00000000        0x0 ECUAL/LED_DRIVER/LED_PROGRAM.o
 .data          0x00000000        0x0 ECUAL/LED_DRIVER/LED_PROGRAM.o
 .bss           0x00000000        0x0 ECUAL/LED_DRIVER/LED_PROGRAM.o
 .text.LED_voidInit
                0x00000000       0x1a ECUAL/LED_DRIVER/LED_PROGRAM.o
 .text.LED_voidOn
                0x00000000       0x1a ECUAL/LED_DRIVER/LED_PROGRAM.o
 .text.LED_voidOff
                0x00000000       0x1a ECUAL/LED_DRIVER/LED_PROGRAM.o
 .text.LED_voidToggle
                0x00000000       0x18 ECUAL/LED_DRIVER/LED_PROGRAM.o
 .debug_info    0x00000000      0x28e ECUAL/LED_DRIVER/LED_PROGRAM.o
 .debug_abbrev  0x00000000       0xc7 ECUAL/LED_DRIVER/LED_PROGRAM.o
 .debug_loc     0x00000000      0x278 ECUAL/LED_DRIVER/LED_PROGRAM.o
 .debug_aranges
                0x00000000       0x38 ECUAL/LED_DRIVER/LED_PROGRAM.o
 .debug_ranges  0x00000000       0x28 ECUAL/LED_DRIVER/LED_PROGRAM.o
 .debug_line    0x00000000      0x1cc ECUAL/LED_DRIVER/LED_PROGRAM.o
 .debug_str     0x00000000      0x2bf ECUAL/LED_DRIVER/LED_PROGRAM.o
 .comment       0x00000000       0x31 ECUAL/LED_DRIVER/LED_PROGRAM.o
 .debug_frame   0x00000000       0x54 ECUAL/LED_DRIVER/LED_PROGRAM.o
 .text          0x00000000        0x0 ECUAL/LM35_DRIVER/LM35_PROGRAM.o
 .data          0x00000000        0x0 ECUAL/LM35_DRIVER/LM35_PROGRAM.o
 .bss           0x00000000        0x0 ECUAL/LM35_DRIVER/LM35_PROGRAM.o
 .text.LM35_u8getTemperature
                0x00000000       0x16 ECUAL/LM35_DRIVER/LM35_PROGRAM.o
 .debug_info    0x00000000      0x15e ECUAL/LM35_DRIVER/LM35_PROGRAM.o
 .debug_abbrev  0x00000000      0x102 ECUAL/LM35_DRIVER/LM35_PROGRAM.o
 .debug_loc     0x00000000       0x46 ECUAL/LM35_DRIVER/LM35_PROGRAM.o
 .debug_aranges
                0x00000000       0x20 ECUAL/LM35_DRIVER/LM35_PROGRAM.o
 .debug_ranges  0x00000000       0x10 ECUAL/LM35_DRIVER/LM35_PROGRAM.o
 .debug_line    0x00000000      0x1b4 ECUAL/LM35_DRIVER/LM35_PROGRAM.o
 .debug_str     0x00000000      0x263 ECUAL/LM35_DRIVER/LM35_PROGRAM.o
 .comment       0x00000000       0x31 ECUAL/LM35_DRIVER/LM35_PROGRAM.o
 .debug_frame   0x00000000       0x24 ECUAL/LM35_DRIVER/LM35_PROGRAM.o
 .text          0x00000000        0x0 ECUAL/SERVO_DRIVER/SERVO_PROGRAM.o
 .data          0x00000000        0x0 ECUAL/SERVO_DRIVER/SERVO_PROGRAM.o
 .bss           0x00000000        0x0 ECUAL/SERVO_DRIVER/SERVO_PROGRAM.o
 .text.SERVO_voidInit
                0x00000000       0x12 ECUAL/SERVO_DRIVER/SERVO_PROGRAM.o
 .text.mapServo
                0x00000000       0x26 ECUAL/SERVO_DRIVER/SERVO_PROGRAM.o
 .rodata.str1.1
                0x00000000        0x8 ECUAL/SERVO_DRIVER/SERVO_PROGRAM.o
 .text.SERVO_voidAdjustAngle
                0x00000000       0x50 ECUAL/SERVO_DRIVER/SERVO_PROGRAM.o
 .bss.CMP_Value
                0x00000000        0x2 ECUAL/SERVO_DRIVER/SERVO_PROGRAM.o
 .bss.AngleValue
                0x00000000        0x2 ECUAL/SERVO_DRIVER/SERVO_PROGRAM.o
 .bss.ADC_Result
                0x00000000        0x2 ECUAL/SERVO_DRIVER/SERVO_PROGRAM.o
 .bss.Mapping   0x00000000        0x1 ECUAL/SERVO_DRIVER/SERVO_PROGRAM.o
 .debug_info    0x00000000      0x2a0 ECUAL/SERVO_DRIVER/SERVO_PROGRAM.o
 .debug_abbrev  0x00000000       0xec ECUAL/SERVO_DRIVER/SERVO_PROGRAM.o
 .debug_loc     0x00000000       0x5d ECUAL/SERVO_DRIVER/SERVO_PROGRAM.o
 .debug_aranges
                0x00000000       0x30 ECUAL/SERVO_DRIVER/SERVO_PROGRAM.o
 .debug_ranges  0x00000000       0x20 ECUAL/SERVO_DRIVER/SERVO_PROGRAM.o
 .debug_line    0x00000000      0x1da ECUAL/SERVO_DRIVER/SERVO_PROGRAM.o
 .debug_str     0x00000000      0x364 ECUAL/SERVO_DRIVER/SERVO_PROGRAM.o
 .comment       0x00000000       0x31 ECUAL/SERVO_DRIVER/SERVO_PROGRAM.o
 .debug_frame   0x00000000       0x44 ECUAL/SERVO_DRIVER/SERVO_PROGRAM.o
 .text          0x00000000        0x0 ECUAL/SEVEN-SEGMENT_DRIVER/SEGMENT_PROGRAM.o
 .data          0x00000000        0x0 ECUAL/SEVEN-SEGMENT_DRIVER/SEGMENT_PROGRAM.o
 .bss           0x00000000        0x0 ECUAL/SEVEN-SEGMENT_DRIVER/SEGMENT_PROGRAM.o
 .text.SEGMENT_voidInit
                0x00000000       0x4e ECUAL/SEVEN-SEGMENT_DRIVER/SEGMENT_PROGRAM.o
 .text.SEGMENT_voidDisplay
                0x00000000      0x1ce ECUAL/SEVEN-SEGMENT_DRIVER/SEGMENT_PROGRAM.o
 .progmem.gcc_sw_table.SEGMENT_voidDisplay
                0x00000000       0x14 ECUAL/SEVEN-SEGMENT_DRIVER/SEGMENT_PROGRAM.o
 .debug_info    0x00000000      0x689 ECUAL/SEVEN-SEGMENT_DRIVER/SEGMENT_PROGRAM.o
 .debug_abbrev  0x00000000       0xd4 ECUAL/SEVEN-SEGMENT_DRIVER/SEGMENT_PROGRAM.o
 .debug_loc     0x00000000      0x358 ECUAL/SEVEN-SEGMENT_DRIVER/SEGMENT_PROGRAM.o
 .debug_aranges
                0x00000000       0x28 ECUAL/SEVEN-SEGMENT_DRIVER/SEGMENT_PROGRAM.o
 .debug_ranges  0x00000000       0x18 ECUAL/SEVEN-SEGMENT_DRIVER/SEGMENT_PROGRAM.o
 .debug_line    0x00000000      0x2ee ECUAL/SEVEN-SEGMENT_DRIVER/SEGMENT_PROGRAM.o
 .debug_str     0x00000000      0x2be ECUAL/SEVEN-SEGMENT_DRIVER/SEGMENT_PROGRAM.o
 .comment       0x00000000       0x31 ECUAL/SEVEN-SEGMENT_DRIVER/SEGMENT_PROGRAM.o
 .debug_frame   0x00000000       0x44 ECUAL/SEVEN-SEGMENT_DRIVER/SEGMENT_PROGRAM.o
 .text          0x00000000        0x0 MCAL/ADC_DRIVER/ADC_PROGRAM.o
 .data          0x00000000        0x0 MCAL/ADC_DRIVER/ADC_PROGRAM.o
 .bss           0x00000000        0x0 MCAL/ADC_DRIVER/ADC_PROGRAM.o
 .text.ADC_voidInit
                0x00000000       0x28 MCAL/ADC_DRIVER/ADC_PROGRAM.o
 .text.ADC_voidStartConversionPolling
                0x00000000       0x20 MCAL/ADC_DRIVER/ADC_PROGRAM.o
 .text.ADC_voidStartConversionISR
                0x00000000       0x18 MCAL/ADC_DRIVER/ADC_PROGRAM.o
 .text.ADC_CallBackFunction
                0x00000000        0xa MCAL/ADC_DRIVER/ADC_PROGRAM.o
 .text          0x00000000        0x0 MCAL/EXT_INTERRUPT_DRIVER/EXT_INTERRUPT_PROGRAM.o
 .data          0x00000000        0x0 MCAL/EXT_INTERRUPT_DRIVER/EXT_INTERRUPT_PROGRAM.o
 .bss           0x00000000        0x0 MCAL/EXT_INTERRUPT_DRIVER/EXT_INTERRUPT_PROGRAM.o
 .text.EXTINT_voidSetSenseINTx
                0x00000000       0xb8 MCAL/EXT_INTERRUPT_DRIVER/EXT_INTERRUPT_PROGRAM.o
 .text.EXTINT_voidEnableINTx
                0x00000000       0x4c MCAL/EXT_INTERRUPT_DRIVER/EXT_INTERRUPT_PROGRAM.o
 .text.EXTINT_voidDisableINTx
                0x00000000       0x2c MCAL/EXT_INTERRUPT_DRIVER/EXT_INTERRUPT_PROGRAM.o
 .text          0x00000000        0x0 MCAL/GLOBAL_INTERRUPT_DRIVER/GLOBAL_INTERRUPT_PROGRAM.o
 .data          0x00000000        0x0 MCAL/GLOBAL_INTERRUPT_DRIVER/GLOBAL_INTERRUPT_PROGRAM.o
 .bss           0x00000000        0x0 MCAL/GLOBAL_INTERRUPT_DRIVER/GLOBAL_INTERRUPT_PROGRAM.o
 .text.GLOBINT_voidSetEnableFlag
                0x00000000        0x8 MCAL/GLOBAL_INTERRUPT_DRIVER/GLOBAL_INTERRUPT_PROGRAM.o
 .text.GLOBINT_voidSetDisableFlag
                0x00000000        0x8 MCAL/GLOBAL_INTERRUPT_DRIVER/GLOBAL_INTERRUPT_PROGRAM.o
 .debug_info    0x00000000       0xad MCAL/GLOBAL_INTERRUPT_DRIVER/GLOBAL_INTERRUPT_PROGRAM.o
 .debug_abbrev  0x00000000       0x46 MCAL/GLOBAL_INTERRUPT_DRIVER/GLOBAL_INTERRUPT_PROGRAM.o
 .debug_aranges
                0x00000000       0x28 MCAL/GLOBAL_INTERRUPT_DRIVER/GLOBAL_INTERRUPT_PROGRAM.o
 .debug_ranges  0x00000000       0x18 MCAL/GLOBAL_INTERRUPT_DRIVER/GLOBAL_INTERRUPT_PROGRAM.o
 .debug_line    0x00000000       0xcc MCAL/GLOBAL_INTERRUPT_DRIVER/GLOBAL_INTERRUPT_PROGRAM.o
 .debug_str     0x00000000      0x218 MCAL/GLOBAL_INTERRUPT_DRIVER/GLOBAL_INTERRUPT_PROGRAM.o
 .comment       0x00000000       0x31 MCAL/GLOBAL_INTERRUPT_DRIVER/GLOBAL_INTERRUPT_PROGRAM.o
 .debug_frame   0x00000000       0x34 MCAL/GLOBAL_INTERRUPT_DRIVER/GLOBAL_INTERRUPT_PROGRAM.o
 .text          0x00000000        0x0 MCAL/GPIO_DRIVER/GPIO_PROGRAM.o
 .data          0x00000000        0x0 MCAL/GPIO_DRIVER/GPIO_PROGRAM.o
 .bss           0x00000000        0x0 MCAL/GPIO_DRIVER/GPIO_PROGRAM.o
 .text.GPIO_u8GetPinValue
                0x00000000       0x8c MCAL/GPIO_DRIVER/GPIO_PROGRAM.o
 .text.GPIO_voidTogglePin
                0x00000000       0x84 MCAL/GPIO_DRIVER/GPIO_PROGRAM.o
 .text.GPIO_voidSetPortDirection
                0x00000000       0x40 MCAL/GPIO_DRIVER/GPIO_PROGRAM.o
 .text.GPIO_voidSetPortValue
                0x00000000       0x34 MCAL/GPIO_DRIVER/GPIO_PROGRAM.o
 .text.GPIO_u8GetPortValue
                0x00000000       0x2c MCAL/GPIO_DRIVER/GPIO_PROGRAM.o
 .text          0x00000000        0x0 MCAL/I2C_DRIVER/I2C_PROGRAM.o
 .data          0x00000000        0x0 MCAL/I2C_DRIVER/I2C_PROGRAM.o
 .bss           0x00000000        0x0 MCAL/I2C_DRIVER/I2C_PROGRAM.o
 .text.I2C_voidMasterInit
                0x00000000       0x18 MCAL/I2C_DRIVER/I2C_PROGRAM.o
 .text.I2C_voidSendStartCondition
                0x00000000       0x2c MCAL/I2C_DRIVER/I2C_PROGRAM.o
 .text.I2C_voidSendRepeatedStart
                0x00000000       0x2c MCAL/I2C_DRIVER/I2C_PROGRAM.o
 .text.I2C_voidMasterSendSlaveAddressWrite
                0x00000000       0x36 MCAL/I2C_DRIVER/I2C_PROGRAM.o
 .text.I2C_voidMasterSendSlaveAddressRead
                0x00000000       0x30 MCAL/I2C_DRIVER/I2C_PROGRAM.o
 .text.I2C_voidMasterSendDataByte
                0x00000000       0x28 MCAL/I2C_DRIVER/I2C_PROGRAM.o
 .text.I2C_voidMasterReceiveDataByte
                0x00000000       0x26 MCAL/I2C_DRIVER/I2C_PROGRAM.o
 .text.I2C_voidSendStopCondition
                0x00000000       0x14 MCAL/I2C_DRIVER/I2C_PROGRAM.o
 .text.I2C_voidSendByte
                0x00000000       0x16 MCAL/I2C_DRIVER/I2C_PROGRAM.o
 .text.I2C_u8ReadByteWithACK
                0x00000000       0x1c MCAL/I2C_DRIVER/I2C_PROGRAM.o
 .text.I2C_u8ReadByteWithNACK
                0x00000000       0x16 MCAL/I2C_DRIVER/I2C_PROGRAM.o
 .text.I2C_u8GetStatus
                0x00000000        0x6 MCAL/I2C_DRIVER/I2C_PROGRAM.o
 .text          0x00000000        0x0 MCAL/SPI_DRIVER/SPI_PROGRAM.o
 .data          0x00000000        0x0 MCAL/SPI_DRIVER/SPI_PROGRAM.o
 .bss           0x00000000        0x0 MCAL/SPI_DRIVER/SPI_PROGRAM.o
 .text.SPI_voidInitialization_Master
                0x00000000       0x58 MCAL/SPI_DRIVER/SPI_PROGRAM.o
 .text.SPI_voidInitialization_Slave
                0x00000000       0x58 MCAL/SPI_DRIVER/SPI_PROGRAM.o
 .text.SPI_u8SendReceiveByte_Polling
                0x00000000        0xa MCAL/SPI_DRIVER/SPI_PROGRAM.o
 .text.SPI_u8SendByte_Polling
                0x00000000       0x10 MCAL/SPI_DRIVER/SPI_PROGRAM.o
 .text.SPI_u8SendByte_ISR
                0x00000000        0x4 MCAL/SPI_DRIVER/SPI_PROGRAM.o
 .text.SPI_u8ReceiveByte_Polling
                0x00000000        0xc MCAL/SPI_DRIVER/SPI_PROGRAM.o
 .text.SPI_u8ReceiveByte_ISR
                0x00000000        0x4 MCAL/SPI_DRIVER/SPI_PROGRAM.o
 .text.SPI_voidSendString_Polling
                0x00000000       0x26 MCAL/SPI_DRIVER/SPI_PROGRAM.o
 .text.SPI_voidReceiveString
                0x00000000       0x42 MCAL/SPI_DRIVER/SPI_PROGRAM.o
 .text.SPI_CallBackFunction
                0x00000000        0xa MCAL/SPI_DRIVER/SPI_PROGRAM.o
 .text          0x00000000        0x0 MCAL/TIMERS_DRIVER/TIMER0_DRIVER/TIMER0_PROGRAM.o
 .data          0x00000000        0x0 MCAL/TIMERS_DRIVER/TIMER0_DRIVER/TIMER0_PROGRAM.o
 .bss           0x00000000        0x0 MCAL/TIMERS_DRIVER/TIMER0_DRIVER/TIMER0_PROGRAM.o
 .text.TIMER0_voidInitialization
                0x00000000        0x2 MCAL/TIMERS_DRIVER/TIMER0_DRIVER/TIMER0_PROGRAM.o
 .text.TIMER0_voidStart
                0x00000000        0xa MCAL/TIMERS_DRIVER/TIMER0_DRIVER/TIMER0_PROGRAM.o
 .text.TIMER0_voidStop
                0x00000000        0x8 MCAL/TIMERS_DRIVER/TIMER0_DRIVER/TIMER0_PROGRAM.o
 .text.TIMER0_voidSetPreload
                0x00000000        0x4 MCAL/TIMERS_DRIVER/TIMER0_DRIVER/TIMER0_PROGRAM.o
 .text.TIMER0_u8GetTime
                0x00000000        0x4 MCAL/TIMERS_DRIVER/TIMER0_DRIVER/TIMER0_PROGRAM.o
 .text.TIMER0_u8SetDutyCycle_PWM
                0x00000000       0x38 MCAL/TIMERS_DRIVER/TIMER0_DRIVER/TIMER0_PROGRAM.o
 .text.TIMER0_voidSetDelay_ms_CTC
                0x00000000       0x30 MCAL/TIMERS_DRIVER/TIMER0_DRIVER/TIMER0_PROGRAM.o
 .text.TIMER0_voidSetDelay_ms_OVF
                0x00000000       0x6a MCAL/TIMERS_DRIVER/TIMER0_DRIVER/TIMER0_PROGRAM.o
 .text.TIMER0_u16ADC_Mapping
                0x00000000       0x1c MCAL/TIMERS_DRIVER/TIMER0_DRIVER/TIMER0_PROGRAM.o
 .text.TIMER0_CallBackFunction_COMP
                0x00000000        0xa MCAL/TIMERS_DRIVER/TIMER0_DRIVER/TIMER0_PROGRAM.o
 .text.TIMER0_CallBackFunction_OVF
                0x00000000        0xa MCAL/TIMERS_DRIVER/TIMER0_DRIVER/TIMER0_PROGRAM.o
 .bss.overFlowCounter.1833
                0x00000000        0x1 MCAL/TIMERS_DRIVER/TIMER0_DRIVER/TIMER0_PROGRAM.o
 .bss.overFlowCounter.1820
                0x00000000        0x1 MCAL/TIMERS_DRIVER/TIMER0_DRIVER/TIMER0_PROGRAM.o
 .text          0x00000000        0x0 MCAL/TIMERS_DRIVER/TIMER1_DRIVER/TIMER1_PROGRAM.o
 .data          0x00000000        0x0 MCAL/TIMERS_DRIVER/TIMER1_DRIVER/TIMER1_PROGRAM.o
 .bss           0x00000000        0x0 MCAL/TIMERS_DRIVER/TIMER1_DRIVER/TIMER1_PROGRAM.o
 .text.TIMER1_voidInitialization
                0x00000000       0x38 MCAL/TIMERS_DRIVER/TIMER1_DRIVER/TIMER1_PROGRAM.o
 .text.TIMER1_voidStart
                0x00000000        0x2 MCAL/TIMERS_DRIVER/TIMER1_DRIVER/TIMER1_PROGRAM.o
 .text.TIMER1_voidStop
                0x00000000        0x8 MCAL/TIMERS_DRIVER/TIMER1_DRIVER/TIMER1_PROGRAM.o
 .text.TIMER1_voidSetPreload
                0x00000000        0x4 MCAL/TIMERS_DRIVER/TIMER1_DRIVER/TIMER1_PROGRAM.o
 .text.TIMER1_u16GetTime
                0x00000000        0x6 MCAL/TIMERS_DRIVER/TIMER1_DRIVER/TIMER1_PROGRAM.o
 .text.TIMER1A_u16SetCompareMatch_PWM
                0x00000000       0x1c MCAL/TIMERS_DRIVER/TIMER1_DRIVER/TIMER1_PROGRAM.o
 .text.TIMER1A_voidSetCounterTopValue_PWM
                0x00000000        0x6 MCAL/TIMERS_DRIVER/TIMER1_DRIVER/TIMER1_PROGRAM.o
 .text.TIMER1A_u16SetDutyCycle_PWM
                0x00000000       0x3a MCAL/TIMERS_DRIVER/TIMER1_DRIVER/TIMER1_PROGRAM.o
 .text.TIMER1B_u16SetDutyCycle_PWM
                0x00000000       0x3a MCAL/TIMERS_DRIVER/TIMER1_DRIVER/TIMER1_PROGRAM.o
 .text.TIMER1A_voidSetDelay_ms_CTC
                0x00000000       0x34 MCAL/TIMERS_DRIVER/TIMER1_DRIVER/TIMER1_PROGRAM.o
 .text.TIMER1B_voidSetDelay_ms_CTC
                0x00000000       0x34 MCAL/TIMERS_DRIVER/TIMER1_DRIVER/TIMER1_PROGRAM.o
 .text.TIMER1_voidSetDelay_ms_OVF
                0x00000000       0x6a MCAL/TIMERS_DRIVER/TIMER1_DRIVER/TIMER1_PROGRAM.o
 .text.TIMER1_CallBackFunction_CAPT
                0x00000000        0xa MCAL/TIMERS_DRIVER/TIMER1_DRIVER/TIMER1_PROGRAM.o
 .text.TIMER1_CallBackFunction_COMPAREA
                0x00000000        0xa MCAL/TIMERS_DRIVER/TIMER1_DRIVER/TIMER1_PROGRAM.o
 .text.TIMER1_CallBackFunction_COMPAREB
                0x00000000        0xa MCAL/TIMERS_DRIVER/TIMER1_DRIVER/TIMER1_PROGRAM.o
 .text.TIMER1_CallBackFunction_OVF
                0x00000000        0xa MCAL/TIMERS_DRIVER/TIMER1_DRIVER/TIMER1_PROGRAM.o
 .bss.overFlowCounter.1862
                0x00000000        0x1 MCAL/TIMERS_DRIVER/TIMER1_DRIVER/TIMER1_PROGRAM.o
 .bss.overFlowCounter.1849
                0x00000000        0x1 MCAL/TIMERS_DRIVER/TIMER1_DRIVER/TIMER1_PROGRAM.o
 .bss.overFlowCounter.1837
                0x00000000        0x1 MCAL/TIMERS_DRIVER/TIMER1_DRIVER/TIMER1_PROGRAM.o
 .text          0x00000000        0x0 MCAL/UART_DRIVER/UART_PROGRAM.o
 .data          0x00000000        0x0 MCAL/UART_DRIVER/UART_PROGRAM.o
 .bss           0x00000000        0x0 MCAL/UART_DRIVER/UART_PROGRAM.o
 .text.UART_voidInitialization
                0x00000000       0x32 MCAL/UART_DRIVER/UART_PROGRAM.o
 .text.UART_voidSendByte_Polling
                0x00000000        0x8 MCAL/UART_DRIVER/UART_PROGRAM.o
 .text.UART_voidReceiveByte_Polling
                0x00000000        0x8 MCAL/UART_DRIVER/UART_PROGRAM.o
 .text.UART_voidSendString
                0x00000000       0x26 MCAL/UART_DRIVER/UART_PROGRAM.o
 .text.UART_voidReceiveString
                0x00000000       0x42 MCAL/UART_DRIVER/UART_PROGRAM.o
 .text.UART_CallBackFunction_RXC
                0x00000000        0xa MCAL/UART_DRIVER/UART_PROGRAM.o
 .text.UART_CallBackFunction_UDRE
                0x00000000        0xa MCAL/UART_DRIVER/UART_PROGRAM.o
 .text.UART_CallBackFunction_TXC
                0x00000000        0xa MCAL/UART_DRIVER/UART_PROGRAM.o
 .text          0x00000000        0x0 c:/program files (x86)/atmel/studio/7.0/toolchain/avr8/avr8-gnu-toolchain/bin/../lib/gcc/avr/5.4.0/../../../../avr/lib/avr5\libm.a(ceil.o)
 .data          0x00000000        0x0 c:/program files (x86)/atmel/studio/7.0/toolchain/avr8/avr8-gnu-toolchain/bin/../lib/gcc/avr/5.4.0/../../../../avr/lib/avr5\libm.a(ceil.o)
 .bss           0x00000000        0x0 c:/program files (x86)/atmel/studio/7.0/toolchain/avr8/avr8-gnu-toolchain/bin/../lib/gcc/avr/5.4.0/../../../../avr/lib/avr5\libm.a(ceil.o)
 .text.avr-libc.fplib
                0x00000000       0x2e c:/program files (x86)/atmel/studio/7.0/toolchain/avr8/avr8-gnu-toolchain/bin/../lib/gcc/avr/5.4.0/../../../../avr/lib/avr5\libm.a(ceil.o)
 .text          0x00000000        0x0 c:/program files (x86)/atmel/studio/7.0/toolchain/avr8/avr8-gnu-toolchain/bin/../lib/gcc/avr/5.4.0/../../../../avr/lib/avr5\libm.a(cmpsf2.o)
 .data          0x00000000        0x0 c:/program files (x86)/atmel/studio/7.0/toolchain/avr8/avr8-gnu-toolchain/bin/../lib/gcc/avr/5.4.0/../../../../avr/lib/avr5\libm.a(cmpsf2.o)
 .bss           0x00000000        0x0 c:/program files (x86)/atmel/studio/7.0/toolchain/avr8/avr8-gnu-toolchain/bin/../lib/gcc/avr/5.4.0/../../../../avr/lib/avr5\libm.a(cmpsf2.o)
 .text.avr-libc.fplib
                0x00000000        0xa c:/program files (x86)/atmel/studio/7.0/toolchain/avr8/avr8-gnu-toolchain/bin/../lib/gcc/avr/5.4.0/../../../../avr/lib/avr5\libm.a(cmpsf2.o)
 .text          0x00000000        0x0 c:/program files (x86)/atmel/studio/7.0/toolchain/avr8/avr8-gnu-toolchain/bin/../lib/gcc/avr/5.4.0/../../../../avr/lib/avr5\libm.a(divsf3.o)
 .data          0x00000000        0x0 c:/program files (x86)/atmel/studio/7.0/toolchain/avr8/avr8-gnu-toolchain/bin/../lib/gcc/avr/5.4.0/../../../../avr/lib/avr5\libm.a(divsf3.o)
 .bss           0x00000000        0x0 c:/program files (x86)/atmel/studio/7.0/toolchain/avr8/avr8-gnu-toolchain/bin/../lib/gcc/avr/5.4.0/../../../../avr/lib/avr5\libm.a(divsf3.o)
 .text.avr-libc.fplib
                0x00000000        0x8 c:/program files (x86)/atmel/studio/7.0/toolchain/avr8/avr8-gnu-toolchain/bin/../lib/gcc/avr/5.4.0/../../../../avr/lib/avr5\libm.a(divsf3.o)
 .text          0x00000000        0x0 c:/program files (x86)/atmel/studio/7.0/toolchain/avr8/avr8-gnu-toolchain/bin/../lib/gcc/avr/5.4.0/../../../../avr/lib/avr5\libm.a(divsf3x.o)
 .data          0x00000000        0x0 c:/program files (x86)/atmel/studio/7.0/toolchain/avr8/avr8-gnu-toolchain/bin/../lib/gcc/avr/5.4.0/../../../../avr/lib/avr5\libm.a(divsf3x.o)
 .bss           0x00000000        0x0 c:/program files (x86)/atmel/studio/7.0/toolchain/avr8/avr8-gnu-toolchain/bin/../lib/gcc/avr/5.4.0/../../../../avr/lib/avr5\libm.a(divsf3x.o)
 .text.avr-libc.fplib
                0x00000000       0xdc c:/program files (x86)/atmel/studio/7.0/toolchain/avr8/avr8-gnu-toolchain/bin/../lib/gcc/avr/5.4.0/../../../../avr/lib/avr5\libm.a(divsf3x.o)
 .text          0x00000000        0x0 c:/program files (x86)/atmel/studio/7.0/toolchain/avr8/avr8-gnu-toolchain/bin/../lib/gcc/avr/5.4.0/../../../../avr/lib/avr5\libm.a(floatsisf.o)
 .data          0x00000000        0x0 c:/program files (x86)/atmel/studio/7.0/toolchain/avr8/avr8-gnu-toolchain/bin/../lib/gcc/avr/5.4.0/../../../../avr/lib/avr5\libm.a(floatsisf.o)
 .bss           0x00000000        0x0 c:/program files (x86)/atmel/studio/7.0/toolchain/avr8/avr8-gnu-toolchain/bin/../lib/gcc/avr/5.4.0/../../../../avr/lib/avr5\libm.a(floatsisf.o)
 .text.avr-libc.fplib
                0x00000000       0x7a c:/program files (x86)/atmel/studio/7.0/toolchain/avr8/avr8-gnu-toolchain/bin/../lib/gcc/avr/5.4.0/../../../../avr/lib/avr5\libm.a(floatsisf.o)
 .text          0x00000000        0x0 c:/program files (x86)/atmel/studio/7.0/toolchain/avr8/avr8-gnu-toolchain/bin/../lib/gcc/avr/5.4.0/../../../../avr/lib/avr5\libm.a(fp_cmp.o)
 .data          0x00000000        0x0 c:/program files (x86)/atmel/studio/7.0/toolchain/avr8/avr8-gnu-toolchain/bin/../lib/gcc/avr/5.4.0/../../../../avr/lib/avr5\libm.a(fp_cmp.o)
 .bss           0x00000000        0x0 c:/program files (x86)/atmel/studio/7.0/toolchain/avr8/avr8-gnu-toolchain/bin/../lib/gcc/avr/5.4.0/../../../../avr/lib/avr5\libm.a(fp_cmp.o)
 .text.avr-libc.fplib
                0x00000000       0x48 c:/program files (x86)/atmel/studio/7.0/toolchain/avr8/avr8-gnu-toolchain/bin/../lib/gcc/avr/5.4.0/../../../../avr/lib/avr5\libm.a(fp_cmp.o)
 .text          0x00000000        0x0 c:/program files (x86)/atmel/studio/7.0/toolchain/avr8/avr8-gnu-toolchain/bin/../lib/gcc/avr/5.4.0/../../../../avr/lib/avr5\libm.a(fp_inf.o)
 .data          0x00000000        0x0 c:/program files (x86)/atmel/studio/7.0/toolchain/avr8/avr8-gnu-toolchain/bin/../lib/gcc/avr/5.4.0/../../../../avr/lib/avr5\libm.a(fp_inf.o)
 .bss           0x00000000        0x0 c:/program files (x86)/atmel/studio/7.0/toolchain/avr8/avr8-gnu-toolchain/bin/../lib/gcc/avr/5.4.0/../../../../avr/lib/avr5\libm.a(fp_inf.o)
 .text.avr-libc.fplib
                0x00000000        0xc c:/program files (x86)/atmel/studio/7.0/toolchain/avr8/avr8-gnu-toolchain/bin/../lib/gcc/avr/5.4.0/../../../../avr/lib/avr5\libm.a(fp_inf.o)
 .text          0x00000000        0x0 c:/program files (x86)/atmel/studio/7.0/toolchain/avr8/avr8-gnu-toolchain/bin/../lib/gcc/avr/5.4.0/../../../../avr/lib/avr5\libm.a(fp_mintl.o)
 .data          0x00000000        0x0 c:/program files (x86)/atmel/studio/7.0/toolchain/avr8/avr8-gnu-toolchain/bin/../lib/gcc/avr/5.4.0/../../../../avr/lib/avr5\libm.a(fp_mintl.o)
 .bss           0x00000000        0x0 c:/program files (x86)/atmel/studio/7.0/toolchain/avr8/avr8-gnu-toolchain/bin/../lib/gcc/avr/5.4.0/../../../../avr/lib/avr5\libm.a(fp_mintl.o)
 .text.avr-libc.fplib
                0x00000000       0x36 c:/program files (x86)/atmel/studio/7.0/toolchain/avr8/avr8-gnu-toolchain/bin/../lib/gcc/avr/5.4.0/../../../../avr/lib/avr5\libm.a(fp_mintl.o)
 .text          0x00000000        0x0 c:/program files (x86)/atmel/studio/7.0/toolchain/avr8/avr8-gnu-toolchain/bin/../lib/gcc/avr/5.4.0/../../../../avr/lib/avr5\libm.a(fp_mpack.o)
 .data          0x00000000        0x0 c:/program files (x86)/atmel/studio/7.0/toolchain/avr8/avr8-gnu-toolchain/bin/../lib/gcc/avr/5.4.0/../../../../avr/lib/avr5\libm.a(fp_mpack.o)
 .bss           0x00000000        0x0 c:/program files (x86)/atmel/studio/7.0/toolchain/avr8/avr8-gnu-toolchain/bin/../lib/gcc/avr/5.4.0/../../../../avr/lib/avr5\libm.a(fp_mpack.o)
 .text.avr-libc.fplib
                0x00000000       0x1c c:/program files (x86)/atmel/studio/7.0/toolchain/avr8/avr8-gnu-toolchain/bin/../lib/gcc/avr/5.4.0/../../../../avr/lib/avr5\libm.a(fp_mpack.o)
 .text          0x00000000        0x0 c:/program files (x86)/atmel/studio/7.0/toolchain/avr8/avr8-gnu-toolchain/bin/../lib/gcc/avr/5.4.0/../../../../avr/lib/avr5\libm.a(fp_nan.o)
 .data          0x00000000        0x0 c:/program files (x86)/atmel/studio/7.0/toolchain/avr8/avr8-gnu-toolchain/bin/../lib/gcc/avr/5.4.0/../../../../avr/lib/avr5\libm.a(fp_nan.o)
 .bss           0x00000000        0x0 c:/program files (x86)/atmel/studio/7.0/toolchain/avr8/avr8-gnu-toolchain/bin/../lib/gcc/avr/5.4.0/../../../../avr/lib/avr5\libm.a(fp_nan.o)
 .text.avr-libc.fplib
                0x00000000        0x6 c:/program files (x86)/atmel/studio/7.0/toolchain/avr8/avr8-gnu-toolchain/bin/../lib/gcc/avr/5.4.0/../../../../avr/lib/avr5\libm.a(fp_nan.o)
 .text          0x00000000        0x0 c:/program files (x86)/atmel/studio/7.0/toolchain/avr8/avr8-gnu-toolchain/bin/../lib/gcc/avr/5.4.0/../../../../avr/lib/avr5\libm.a(fp_pscA.o)
 .data          0x00000000        0x0 c:/program files (x86)/atmel/studio/7.0/toolchain/avr8/avr8-gnu-toolchain/bin/../lib/gcc/avr/5.4.0/../../../../avr/lib/avr5\libm.a(fp_pscA.o)
 .bss           0x00000000        0x0 c:/program files (x86)/atmel/studio/7.0/toolchain/avr8/avr8-gnu-toolchain/bin/../lib/gcc/avr/5.4.0/../../../../avr/lib/avr5\libm.a(fp_pscA.o)
 .text.avr-libc.fplib
                0x00000000        0xe c:/program files (x86)/atmel/studio/7.0/toolchain/avr8/avr8-gnu-toolchain/bin/../lib/gcc/avr/5.4.0/../../../../avr/lib/avr5\libm.a(fp_pscA.o)
 .text          0x00000000        0x0 c:/program files (x86)/atmel/studio/7.0/toolchain/avr8/avr8-gnu-toolchain/bin/../lib/gcc/avr/5.4.0/../../../../avr/lib/avr5\libm.a(fp_pscB.o)
 .data          0x00000000        0x0 c:/program files (x86)/atmel/studio/7.0/toolchain/avr8/avr8-gnu-toolchain/bin/../lib/gcc/avr/5.4.0/../../../../avr/lib/avr5\libm.a(fp_pscB.o)
 .bss           0x00000000        0x0 c:/program files (x86)/atmel/studio/7.0/toolchain/avr8/avr8-gnu-toolchain/bin/../lib/gcc/avr/5.4.0/../../../../avr/lib/avr5\libm.a(fp_pscB.o)
 .text.avr-libc.fplib
                0x00000000        0xe c:/program files (x86)/atmel/studio/7.0/toolchain/avr8/avr8-gnu-toolchain/bin/../lib/gcc/avr/5.4.0/../../../../avr/lib/avr5\libm.a(fp_pscB.o)
 .text          0x00000000        0x0 c:/program files (x86)/atmel/studio/7.0/toolchain/avr8/avr8-gnu-toolchain/bin/../lib/gcc/avr/5.4.0/../../../../avr/lib/avr5\libm.a(fp_round.o)
 .data          0x00000000        0x0 c:/program files (x86)/atmel/studio/7.0/toolchain/avr8/avr8-gnu-toolchain/bin/../lib/gcc/avr/5.4.0/../../../../avr/lib/avr5\libm.a(fp_round.o)
 .bss           0x00000000        0x0 c:/program files (x86)/atmel/studio/7.0/toolchain/avr8/avr8-gnu-toolchain/bin/../lib/gcc/avr/5.4.0/../../../../avr/lib/avr5\libm.a(fp_round.o)
 .text.avr-libc.fplib
                0x00000000       0x22 c:/program files (x86)/atmel/studio/7.0/toolchain/avr8/avr8-gnu-toolchain/bin/../lib/gcc/avr/5.4.0/../../../../avr/lib/avr5\libm.a(fp_round.o)
 .text          0x00000000        0x0 c:/program files (x86)/atmel/studio/7.0/toolchain/avr8/avr8-gnu-toolchain/bin/../lib/gcc/avr/5.4.0/../../../../avr/lib/avr5\libm.a(fp_split3.o)
 .data          0x00000000        0x0 c:/program files (x86)/atmel/studio/7.0/toolchain/avr8/avr8-gnu-toolchain/bin/../lib/gcc/avr/5.4.0/../../../../avr/lib/avr5\libm.a(fp_split3.o)
 .bss           0x00000000        0x0 c:/program files (x86)/atmel/studio/7.0/toolchain/avr8/avr8-gnu-toolchain/bin/../lib/gcc/avr/5.4.0/../../../../avr/lib/avr5\libm.a(fp_split3.o)
 .text.avr-libc.fplib
                0x00000000       0x44 c:/program files (x86)/atmel/studio/7.0/toolchain/avr8/avr8-gnu-toolchain/bin/../lib/gcc/avr/5.4.0/../../../../avr/lib/avr5\libm.a(fp_split3.o)
 .text          0x00000000        0x0 c:/program files (x86)/atmel/studio/7.0/toolchain/avr8/avr8-gnu-toolchain/bin/../lib/gcc/avr/5.4.0/../../../../avr/lib/avr5\libm.a(fp_trunc.o)
 .data          0x00000000        0x0 c:/program files (x86)/atmel/studio/7.0/toolchain/avr8/avr8-gnu-toolchain/bin/../lib/gcc/avr/5.4.0/../../../../avr/lib/avr5\libm.a(fp_trunc.o)
 .bss           0x00000000        0x0 c:/program files (x86)/atmel/studio/7.0/toolchain/avr8/avr8-gnu-toolchain/bin/../lib/gcc/avr/5.4.0/../../../../avr/lib/avr5\libm.a(fp_trunc.o)
 .text.avr-libc.fplib
                0x00000000       0x30 c:/program files (x86)/atmel/studio/7.0/toolchain/avr8/avr8-gnu-toolchain/bin/../lib/gcc/avr/5.4.0/../../../../avr/lib/avr5\libm.a(fp_trunc.o)
 .text          0x00000000        0x0 c:/program files (x86)/atmel/studio/7.0/toolchain/avr8/avr8-gnu-toolchain/bin/../lib/gcc/avr/5.4.0/../../../../avr/lib/avr5\libm.a(fp_zero.o)
 .data          0x00000000        0x0 c:/program files (x86)/atmel/studio/7.0/toolchain/avr8/avr8-gnu-toolchain/bin/../lib/gcc/avr/5.4.0/../../../../avr/lib/avr5\libm.a(fp_zero.o)
 .bss           0x00000000        0x0 c:/program files (x86)/atmel/studio/7.0/toolchain/avr8/avr8-gnu-toolchain/bin/../lib/gcc/avr/5.4.0/../../../../avr/lib/avr5\libm.a(fp_zero.o)
 .text.avr-libc.fplib
                0x00000000        0xe c:/program files (x86)/atmel/studio/7.0/toolchain/avr8/avr8-gnu-toolchain/bin/../lib/gcc/avr/5.4.0/../../../../avr/lib/avr5\libm.a(fp_zero.o)
 .text          0x00000000        0x0 c:/program files (x86)/atmel/studio/7.0/toolchain/avr8/avr8-gnu-toolchain/bin/../lib/gcc/avr/5.4.0/avr5\libgcc.a(_udivmodsi4.o)
 .data          0x00000000        0x0 c:/program files (x86)/atmel/studio/7.0/toolchain/avr8/avr8-gnu-toolchain/bin/../lib/gcc/avr/5.4.0/avr5\libgcc.a(_udivmodsi4.o)
 .bss           0x00000000        0x0 c:/program files (x86)/atmel/studio/7.0/toolchain/avr8/avr8-gnu-toolchain/bin/../lib/gcc/avr/5.4.0/avr5\libgcc.a(_udivmodsi4.o)
 .text.libgcc.mul
                0x00000000        0x0 c:/program files (x86)/atmel/studio/7.0/toolchain/avr8/avr8-gnu-toolchain/bin/../lib/gcc/avr/5.4.0/avr5\libgcc.a(_udivmodsi4.o)
 .text.libgcc.div
                0x00000000       0x44 c:/program files (x86)/atmel/studio/7.0/toolchain/avr8/avr8-gnu-toolchain/bin/../lib/gcc/avr/5.4.0/avr5\libgcc.a(_udivmodsi4.o)
 .text.libgcc   0x00000000        0x0 c:/program files (x86)/atmel/studio/7.0/toolchain/avr8/avr8-gnu-toolchain/bin/../lib/gcc/avr/5.4.0/avr5\libgcc.a(_udivmodsi4.o)
 .text.libgcc.prologue
                0x00000000        0x0 c:/program files (x86)/atmel/studio/7.0/toolchain/avr8/avr8-gnu-toolchain/bin/../lib/gcc/avr/5.4.0/avr5\libgcc.a(_udivmodsi4.o)
 .text.libgcc.builtins
                0x00000000        0x0 c:/program files (x86)/atmel/studio/7.0/toolchain/avr8/avr8-gnu-toolchain/bin/../lib/gcc/avr/5.4.0/avr5\libgcc.a(_udivmodsi4.o)
 .text.libgcc.fmul
                0x00000000        0x0 c:/program files (x86)/atmel/studio/7.0/toolchain/avr8/avr8-gnu-toolchain/bin/../lib/gcc/avr/5.4.0/avr5\libgcc.a(_udivmodsi4.o)
 .text.libgcc.fixed
                0x00000000        0x0 c:/program files (x86)/atmel/studio/7.0/toolchain/avr8/avr8-gnu-toolchain/bin/../lib/gcc/avr/5.4.0/avr5\libgcc.a(_udivmodsi4.o)
 .text          0x00000000        0x0 c:/program files (x86)/atmel/studio/7.0/toolchain/avr8/avr8-gnu-toolchain/bin/../lib/gcc/avr/5.4.0/avr5\libgcc.a(_exit.o)
 .data          0x00000000        0x0 c:/program files (x86)/atmel/studio/7.0/toolchain/avr8/avr8-gnu-toolchain/bin/../lib/gcc/avr/5.4.0/avr5\libgcc.a(_exit.o)
 .bss           0x00000000        0x0 c:/program files (x86)/atmel/studio/7.0/toolchain/avr8/avr8-gnu-toolchain/bin/../lib/gcc/avr/5.4.0/avr5\libgcc.a(_exit.o)
 .text.libgcc.mul
                0x00000000        0x0 c:/program files (x86)/atmel/studio/7.0/toolchain/avr8/avr8-gnu-toolchain/bin/../lib/gcc/avr/5.4.0/avr5\libgcc.a(_exit.o)
 .text.libgcc.div
                0x00000000        0x0 c:/program files (x86)/atmel/studio/7.0/toolchain/avr8/avr8-gnu-toolchain/bin/../lib/gcc/avr/5.4.0/avr5\libgcc.a(_exit.o)
 .text.libgcc   0x00000000        0x0 c:/program files (x86)/atmel/studio/7.0/toolchain/avr8/avr8-gnu-toolchain/bin/../lib/gcc/avr/5.4.0/avr5\libgcc.a(_exit.o)
 .text.libgcc.prologue
                0x00000000        0x0 c:/program files (x86)/atmel/studio/7.0/toolchain/avr8/avr8-gnu-toolchain/bin/../lib/gcc/avr/5.4.0/avr5\libgcc.a(_exit.o)
 .text.libgcc.builtins
                0x00000000        0x0 c:/program files (x86)/atmel/studio/7.0/toolchain/avr8/avr8-gnu-toolchain/bin/../lib/gcc/avr/5.4.0/avr5\libgcc.a(_exit.o)
 .text.libgcc.fmul
                0x00000000        0x0 c:/program files (x86)/atmel/studio/7.0/toolchain/avr8/avr8-gnu-toolchain/bin/../lib/gcc/avr/5.4.0/avr5\libgcc.a(_exit.o)
 .text.libgcc.fixed
                0x00000000        0x0 c:/program files (x86)/atmel/studio/7.0/toolchain/avr8/avr8-gnu-toolchain/bin/../lib/gcc/avr/5.4.0/avr5\libgcc.a(_exit.o)
 .text          0x00000000        0x0 c:/program files (x86)/atmel/studio/7.0/toolchain/avr8/avr8-gnu-toolchain/bin/../lib/gcc/avr/5.4.0/avr5\libgcc.a(_tablejump2.o)
 .data          0x00000000        0x0 c:/program files (x86)/atmel/studio/7.0/toolchain/avr8/avr8-gnu-toolchain/bin/../lib/gcc/avr/5.4.0/avr5\libgcc.a(_tablejump2.o)
 .bss           0x00000000        0x0 c:/program files (x86)/atmel/studio/7.0/toolchain/avr8/avr8-gnu-toolchain/bin/../lib/gcc/avr/5.4.0/avr5\libgcc.a(_tablejump2.o)
 .text.libgcc.mul
                0x00000000        0x0 c:/program files (x86)/atmel/studio/7.0/toolchain/avr8/avr8-gnu-toolchain/bin/../lib/gcc/avr/5.4.0/avr5\libgcc.a(_tablejump2.o)
 .text.libgcc.div
                0x00000000        0x0 c:/program files (x86)/atmel/studio/7.0/toolchain/avr8/avr8-gnu-toolchain/bin/../lib/gcc/avr/5.4.0/avr5\libgcc.a(_tablejump2.o)
 .text.libgcc   0x00000000        0xc c:/program files (x86)/atmel/studio/7.0/toolchain/avr8/avr8-gnu-toolchain/bin/../lib/gcc/avr/5.4.0/avr5\libgcc.a(_tablejump2.o)
 .text.libgcc.prologue
                0x00000000        0x0 c:/program files (x86)/atmel/studio/7.0/toolchain/avr8/avr8-gnu-toolchain/bin/../lib/gcc/avr/5.4.0/avr5\libgcc.a(_tablejump2.o)
 .text.libgcc.builtins
                0x00000000        0x0 c:/program files (x86)/atmel/studio/7.0/toolchain/avr8/avr8-gnu-toolchain/bin/../lib/gcc/avr/5.4.0/avr5\libgcc.a(_tablejump2.o)
 .text.libgcc.fmul
                0x00000000        0x0 c:/program files (x86)/atmel/studio/7.0/toolchain/avr8/avr8-gnu-toolchain/bin/../lib/gcc/avr/5.4.0/avr5\libgcc.a(_tablejump2.o)
 .text.libgcc.fixed
                0x00000000        0x0 c:/program files (x86)/atmel/studio/7.0/toolchain/avr8/avr8-gnu-toolchain/bin/../lib/gcc/avr/5.4.0/avr5\libgcc.a(_tablejump2.o)
 .text          0x00000000        0x0 c:/program files (x86)/atmel/studio/7.0/toolchain/avr8/avr8-gnu-toolchain/bin/../lib/gcc/avr/5.4.0/avr5\libgcc.a(_copy_data.o)
 .data          0x00000000        0x0 c:/program files (x86)/atmel/studio/7.0/toolchain/avr8/avr8-gnu-toolchain/bin/../lib/gcc/avr/5.4.0/avr5\libgcc.a(_copy_data.o)
 .bss           0x00000000        0x0 c:/program files (x86)/atmel/studio/7.0/toolchain/avr8/avr8-gnu-toolchain/bin/../lib/gcc/avr/5.4.0/avr5\libgcc.a(_copy_data.o)
 .text.libgcc.mul
                0x00000000        0x0 c:/program files (x86)/atmel/studio/7.0/toolchain/avr8/avr8-gnu-toolchain/bin/../lib/gcc/avr/5.4.0/avr5\libgcc.a(_copy_data.o)
 .text.libgcc.div
                0x00000000        0x0 c:/program files (x86)/atmel/studio/7.0/toolchain/avr8/avr8-gnu-toolchain/bin/../lib/gcc/avr/5.4.0/avr5\libgcc.a(_copy_data.o)
 .text.libgcc   0x00000000        0x0 c:/program files (x86)/atmel/studio/7.0/toolchain/avr8/avr8-gnu-toolchain/bin/../lib/gcc/avr/5.4.0/avr5\libgcc.a(_copy_data.o)
 .text.libgcc.prologue
                0x00000000        0x0 c:/program files (x86)/atmel/studio/7.0/toolchain/avr8/avr8-gnu-toolchain/bin/../lib/gcc/avr/5.4.0/avr5\libgcc.a(_copy_data.o)
 .text.libgcc.builtins
                0x00000000        0x0 c:/program files (x86)/atmel/studio/7.0/toolchain/avr8/avr8-gnu-toolchain/bin/../lib/gcc/avr/5.4.0/avr5\libgcc.a(_copy_data.o)
 .text.libgcc.fmul
                0x00000000        0x0 c:/program files (x86)/atmel/studio/7.0/toolchain/avr8/avr8-gnu-toolchain/bin/../lib/gcc/avr/5.4.0/avr5\libgcc.a(_copy_data.o)
 .text.libgcc.fixed
                0x00000000        0x0 c:/program files (x86)/atmel/studio/7.0/toolchain/avr8/avr8-gnu-toolchain/bin/../lib/gcc/avr/5.4.0/avr5\libgcc.a(_copy_data.o)
 .text          0x00000000        0x0 c:/program files (x86)/atmel/studio/7.0/toolchain/avr8/avr8-gnu-toolchain/bin/../lib/gcc/avr/5.4.0/avr5\libgcc.a(_clear_bss.o)
 .data          0x00000000        0x0 c:/program files (x86)/atmel/studio/7.0/toolchain/avr8/avr8-gnu-toolchain/bin/../lib/gcc/avr/5.4.0/avr5\libgcc.a(_clear_bss.o)
 .bss           0x00000000        0x0 c:/program files (x86)/atmel/studio/7.0/toolchain/avr8/avr8-gnu-toolchain/bin/../lib/gcc/avr/5.4.0/avr5\libgcc.a(_clear_bss.o)
 .text.libgcc.mul
                0x00000000        0x0 c:/program files (x86)/atmel/studio/7.0/toolchain/avr8/avr8-gnu-toolchain/bin/../lib/gcc/avr/5.4.0/avr5\libgcc.a(_clear_bss.o)
 .text.libgcc.div
                0x00000000        0x0 c:/program files (x86)/atmel/studio/7.0/toolchain/avr8/avr8-gnu-toolchain/bin/../lib/gcc/avr/5.4.0/avr5\libgcc.a(_clear_bss.o)
 .text.libgcc   0x00000000        0x0 c:/program files (x86)/atmel/studio/7.0/toolchain/avr8/avr8-gnu-toolchain/bin/../lib/gcc/avr/5.4.0/avr5\libgcc.a(_clear_bss.o)
 .text.libgcc.prologue
                0x00000000        0x0 c:/program files (x86)/atmel/studio/7.0/toolchain/avr8/avr8-gnu-toolchain/bin/../lib/gcc/avr/5.4.0/avr5\libgcc.a(_clear_bss.o)
 .text.libgcc.builtins
                0x00000000        0x0 c:/program files (x86)/atmel/studio/7.0/toolchain/avr8/avr8-gnu-toolchain/bin/../lib/gcc/avr/5.4.0/avr5\libgcc.a(_clear_bss.o)
 .text.libgcc.fmul
                0x00000000        0x0 c:/program files (x86)/atmel/studio/7.0/toolchain/avr8/avr8-gnu-toolchain/bin/../lib/gcc/avr/5.4.0/avr5\libgcc.a(_clear_bss.o)
 .text.libgcc.fixed
                0x00000000        0x0 c:/program files (x86)/atmel/studio/7.0/toolchain/avr8/avr8-gnu-toolchain/bin/../lib/gcc/avr/5.4.0/avr5\libgcc.a(_clear_bss.o)
 .text          0x00000000        0x0 c:/program files (x86)/atmel/studio/7.0/toolchain/avr8/avr8-gnu-toolchain/bin/../lib/gcc/avr/5.4.0/avr5\libgcc.a(_umulhisi3.o)
 .data          0x00000000        0x0 c:/program files (x86)/atmel/studio/7.0/toolchain/avr8/avr8-gnu-toolchain/bin/../lib/gcc/avr/5.4.0/avr5\libgcc.a(_umulhisi3.o)
 .bss           0x00000000        0x0 c:/program files (x86)/atmel/studio/7.0/toolchain/avr8/avr8-gnu-toolchain/bin/../lib/gcc/avr/5.4.0/avr5\libgcc.a(_umulhisi3.o)
 .text.libgcc.mul
                0x00000000       0x1e c:/program files (x86)/atmel/studio/7.0/toolchain/avr8/avr8-gnu-toolchain/bin/../lib/gcc/avr/5.4.0/avr5\libgcc.a(_umulhisi3.o)
 .text.libgcc.div
                0x00000000        0x0 c:/program files (x86)/atmel/studio/7.0/toolchain/avr8/avr8-gnu-toolchain/bin/../lib/gcc/avr/5.4.0/avr5\libgcc.a(_umulhisi3.o)
 .text.libgcc   0x00000000        0x0 c:/program files (x86)/atmel/studio/7.0/toolchain/avr8/avr8-gnu-toolchain/bin/../lib/gcc/avr/5.4.0/avr5\libgcc.a(_umulhisi3.o)
 .text.libgcc.prologue
                0x00000000        0x0 c:/program files (x86)/atmel/studio/7.0/toolchain/avr8/avr8-gnu-toolchain/bin/../lib/gcc/avr/5.4.0/avr5\libgcc.a(_umulhisi3.o)
 .text.libgcc.builtins
                0x00000000        0x0 c:/program files (x86)/atmel/studio/7.0/toolchain/avr8/avr8-gnu-toolchain/bin/../lib/gcc/avr/5.4.0/avr5\libgcc.a(_umulhisi3.o)
 .text.libgcc.fmul
                0x00000000        0x0 c:/program files (x86)/atmel/studio/7.0/toolchain/avr8/avr8-gnu-toolchain/bin/../lib/gcc/avr/5.4.0/avr5\libgcc.a(_umulhisi3.o)
 .text.libgcc.fixed
                0x00000000        0x0 c:/program files (x86)/atmel/studio/7.0/toolchain/avr8/avr8-gnu-toolchain/bin/../lib/gcc/avr/5.4.0/avr5\libgcc.a(_umulhisi3.o)
 .text          0x00000000        0x0 c:/program files (x86)/atmel/studio/7.0/toolchain/avr8/avr8-gnu-toolchain/bin/../lib/gcc/avr/5.4.0/../../../../avr/lib/avr5\libc.a(itoa_ncheck.o)
 .data          0x00000000        0x0 c:/program files (x86)/atmel/studio/7.0/toolchain/avr8/avr8-gnu-toolchain/bin/../lib/gcc/avr/5.4.0/../../../../avr/lib/avr5\libc.a(itoa_ncheck.o)
 .bss           0x00000000        0x0 c:/program files (x86)/atmel/studio/7.0/toolchain/avr8/avr8-gnu-toolchain/bin/../lib/gcc/avr/5.4.0/../../../../avr/lib/avr5\libc.a(itoa_ncheck.o)
 .text.avr-libc
                0x00000000       0x16 c:/program files (x86)/atmel/studio/7.0/toolchain/avr8/avr8-gnu-toolchain/bin/../lib/gcc/avr/5.4.0/../../../../avr/lib/avr5\libc.a(itoa_ncheck.o)
 .text          0x00000000        0x0 c:/program files (x86)/atmel/studio/7.0/toolchain/avr8/avr8-gnu-toolchain/bin/../lib/gcc/avr/5.4.0/../../../../avr/lib/avr5\libc.a(utoa_ncheck.o)
 .data          0x00000000        0x0 c:/program files (x86)/atmel/studio/7.0/toolchain/avr8/avr8-gnu-toolchain/bin/../lib/gcc/avr/5.4.0/../../../../avr/lib/avr5\libc.a(utoa_ncheck.o)
 .bss           0x00000000        0x0 c:/program files (x86)/atmel/studio/7.0/toolchain/avr8/avr8-gnu-toolchain/bin/../lib/gcc/avr/5.4.0/../../../../avr/lib/avr5\libc.a(utoa_ncheck.o)
 .text.avr-libc
                0x00000000       0x34 c:/program files (x86)/atmel/studio/7.0/toolchain/avr8/avr8-gnu-toolchain/bin/../lib/gcc/avr/5.4.0/../../../../avr/lib/avr5\libc.a(utoa_ncheck.o)
 .text          0x00000000        0x0 c:/program files (x86)/atmel/studio/7.0/toolchain/avr8/avr8-gnu-toolchain/bin/../lib/gcc/avr/5.4.0/../../../../avr/lib/avr5\libc.a(strrev.o)
 .data          0x00000000        0x0 c:/program files (x86)/atmel/studio/7.0/toolchain/avr8/avr8-gnu-toolchain/bin/../lib/gcc/avr/5.4.0/../../../../avr/lib/avr5\libc.a(strrev.o)
 .bss           0x00000000        0x0 c:/program files (x86)/atmel/studio/7.0/toolchain/avr8/avr8-gnu-toolchain/bin/../lib/gcc/avr/5.4.0/../../../../avr/lib/avr5\libc.a(strrev.o)
 .text.avr-libc
                0x00000000       0x20 c:/program files (x86)/atmel/studio/7.0/toolchain/avr8/avr8-gnu-toolchain/bin/../lib/gcc/avr/5.4.0/../../../../avr/lib/avr5\libc.a(strrev.o)

Memory Configuration

Name             Origin             Length             Attributes
text             0x00000000         0x00008000         xr
data             0x00800060         0x00000800         rw !x
eeprom           0x00810000         0x00000400         rw !x
fuse             0x00820000         0x00000002         rw !x
lock             0x00830000         0x00000400         rw !x
signature        0x00840000         0x00000400         rw !x
user_signatures  0x00850000         0x00000400         rw !x
*default*        0x00000000         0xffffffff

Linker script and memory map

LOAD C:/Program Files (x86)/Atmel/Studio/7.0/Packs/atmel/ATmega_DFP/1.7.374/gcc/dev/atmega32/avr5/crtatmega32.o
LOAD APP/APP_SLAVE_PROGRAM.o
LOAD APP/TASK34_SLAVE_main.o
LOAD ECUAL/EEPROM_DRIVER/EEPROM_PROGRAM.o
LOAD ECUAL/KEYPAD_DRIVER/KEYPAD_PROGRAM.o
LOAD ECUAL/LCD_DRIVER/LCD_PROGRAM.o
LOAD ECUAL/LED_DRIVER/LED_PROGRAM.o
LOAD ECUAL/LM35_DRIVER/LM35_PROGRAM.o
LOAD ECUAL/SERVO_DRIVER/SERVO_PROGRAM.o
LOAD ECUAL/SEVEN-SEGMENT_DRIVER/SEGMENT_PROGRAM.o
LOAD MCAL/ADC_DRIVER/ADC_PROGRAM.o
LOAD MCAL/EXT_INTERRUPT_DRIVER/EXT_INTERRUPT_PROGRAM.o
LOAD MCAL/GLOBAL_INTERRUPT_DRIVER/GLOBAL_INTERRUPT_PROGRAM.o
LOAD MCAL/GPIO_DRIVER/GPIO_PROGRAM.o
LOAD MCAL/I2C_DRIVER/I2C_PROGRAM.o
LOAD MCAL/SPI_DRIVER/SPI_PROGRAM.o
LOAD MCAL/TIMERS_DRIVER/TIMER0_DRIVER/TIMER0_PROGRAM.o
LOAD MCAL/TIMERS_DRIVER/TIMER1_DRIVER/TIMER1_PROGRAM.o
LOAD MCAL/UART_DRIVER/UART_PROGRAM.o
START GROUP
LOAD c:/program files (x86)/atmel/studio/7.0/toolchain/avr8/avr8-gnu-toolchain/bin/../lib/gcc/avr/5.4.0/../../../../avr/lib/avr5\libm.a
END GROUP
START GROUP
LOAD c:/program files (x86)/atmel/studio/7.0/toolchain/avr8/avr8-gnu-toolchain/bin/../lib/gcc/avr/5.4.0/avr5\libgcc.a
LOAD c:/program files (x86)/atmel/studio/7.0/toolchain/avr8/avr8-gnu-toolchain/bin/../lib/gcc/avr/5.4.0/../../../../avr/lib/avr5\libm.a
LOAD c:/program files (x86)/atmel/studio/7.0/toolchain/avr8/avr8-gnu-toolchain/bin/../lib/gcc/avr/5.4.0/../../../../avr/lib/avr5\libc.a
LOAD C:/Program Files (x86)/Atmel/Studio/7.0/Packs/atmel/ATmega_DFP/1.7.374/gcc/dev/atmega32/avr5\libatmega32.a
END GROUP
                0x00000000                __TEXT_REGION_ORIGIN__ = DEFINED (__TEXT_REGION_ORIGIN__)?__TEXT_REGION_ORIGIN__:0x0
                [0x00800060]                __DATA_REGION_ORIGIN__ = DEFINED (__DATA_REGION_ORIGIN__)?__DATA_REGION_ORIGIN__:0x800060
                [0x00008000]                __TEXT_REGION_LENGTH__ = DEFINED (__TEXT_REGION_LENGTH__)?__TEXT_REGION_LENGTH__:0x20000
                [0x00000800]                __DATA_REGION_LENGTH__ = DEFINED (__DATA_REGION_LENGTH__)?__DATA_REGION_LENGTH__:0xffa0
                [0x00000400]                __EEPROM_REGION_LENGTH__ = DEFINED (__EEPROM_REGION_LENGTH__)?__EEPROM_REGION_LENGTH__:0x10000
                [0x00000002]                __FUSE_REGION_LENGTH__ = DEFINED (__FUSE_REGION_LENGTH__)?__FUSE_REGION_LENGTH__:0x400
                0x00000400                __LOCK_REGION_LENGTH__ = DEFINED (__LOCK_REGION_LENGTH__)?__LOCK_REGION_LENGTH__:0x400
                0x00000400                __SIGNATURE_REGION_LENGTH__ = DEFINED (__SIGNATURE_REGION_LENGTH__)?__SIGNATURE_REGION_LENGTH__:0x400
                0x00000400                __USER_SIGNATURE_REGION_LENGTH__ = DEFINED (__USER_SIGNATURE_REGION_LENGTH__)?__USER_SIGNATURE_REGION_LENGTH__:0x400

.hash
 *(.hash)

.dynsym
 *(.dynsym)

.dynstr
 *(.dynstr)

.gnu.version
 *(.gnu.version)

.gnu.version_d
 *(.gnu.version_d)

.gnu.version_r
 *(.gnu.version_r)

.rel.init
 *(.rel.init)

.rela.init
 *(.rela.init)

.rel.text
 *(.rel.text)
 *(.rel.text.*)
 *(.rel.gnu.linkonce.t*)

.rela.text
 *(.rela.text)
 *(.rela.text.*)
 *(.rela.gnu.linkonce.t*)

.rel.fini
 *(.rel.fini)

.rela.fini
 *(.rela.fini)

.rel.rodata
 *(.rel.rodata)
 *(.rel.rodata.*)
 *(.rel.gnu.linkonce.r*)

.rela.rodata
 *(.rela.rodata)
 *(.rela.rodata.*)
 *(.rela.gnu.linkonce.r*)

.rel.data
 *(.rel.data)
 *(.rel.data.*)
 *(.rel.gnu.linkonce.d*)

.rela.data
 *(.rela.data)
 *(.rela.data.*)
 *(.rela.gnu.linkonce.d*)

.rel.ctors
 *(.rel.ctors)

.rela.ctors
 *(.rela.ctors)

.rel.dtors
 *(.rel.dtors)

.rela.dtors
 *(.rela.dtors)

.rel.got
 *(.rel.got)

.rela.got
 *(.rela.got)

.rel.bss
 *(.rel.bss)

.rela.bss
 *(.rela.bss)

.rel.plt
 *(.rel.plt)

.rela.plt
 *(.rela.plt)

.text           0x00000000      0xad4
 *(.vectors)
 .vectors       0x00000000       0x54 C:/Program Files (x86)/Atmel/Studio/7.0/Packs/atmel/ATmega_DFP/1.7.374/gcc/dev/atmega32/avr5/crtatmega32.o
                0x00000000                __vector_default
                0x00000000                __vectors
 *(.vectors)
 *(.progmem.gcc*)
                0x00000054                . = ALIGN (0x2)
                0x00000054                __trampolines_start = .
 *(.trampolines)
 .trampolines   0x00000054        0x0 linker stubs
 *(.trampolines*)
                0x00000054                __trampolines_end = .
 *libprintf_flt.a:*(.progmem.data)
 *libc.a:*(.progmem.data)
 *(.progmem*)
                0x00000054                . = ALIGN (0x2)
 *(.jumptables)
 *(.jumptables*)
 *(.lowtext)
 *(.lowtext*)
                0x00000054                __ctors_start = .
 *(.ctors)
                0x00000054                __ctors_end = .
                0x00000054                __dtors_start = .
 *(.dtors)
                0x00000054                __dtors_end = .
 SORT(*)(.ctors)
 SORT(*)(.dtors)
 *(.init0)
 .init0         0x00000054        0x0 C:/Program Files (x86)/Atmel/Studio/7.0/Packs/atmel/ATmega_DFP/1.7.374/gcc/dev/atmega32/avr5/crtatmega32.o
                0x00000054                __init
 *(.init0)
 *(.init1)
 *(.init1)
 *(.init2)
 .init2         0x00000054        0xc C:/Program Files (x86)/Atmel/Studio/7.0/Packs/atmel/ATmega_DFP/1.7.374/gcc/dev/atmega32/avr5/crtatmega32.o
 *(.init2)
 *(.init3)
 *(.init3)
 *(.init4)
 .init4         0x00000060       0x16 c:/program files (x86)/atmel/studio/7.0/toolchain/avr8/avr8-gnu-toolchain/bin/../lib/gcc/avr/5.4.0/avr5\libgcc.a(_copy_data.o)
                0x00000060                __do_copy_data
 .init4         0x00000076       0x10 c:/program files (x86)/atmel/studio/7.0/toolchain/avr8/avr8-gnu-toolchain/bin/../lib/gcc/avr/5.4.0/avr5\libgcc.a(_clear_bss.o)
                0x00000076                __do_clear_bss
 *(.init4)
 *(.init5)
 *(.init5)
 *(.init6)
 *(.init6)
 *(.init7)
 *(.init7)
 *(.init8)
 *(.init8)
 *(.init9)
 .init9         0x00000086        0x8 C:/Program Files (x86)/Atmel/Studio/7.0/Packs/atmel/ATmega_DFP/1.7.374/gcc/dev/atmega32/avr5/crtatmega32.o
 *(.init9)
 *(.text)
 .text          0x0000008e        0x4 C:/Program Files (x86)/Atmel/Studio/7.0/Packs/atmel/ATmega_DFP/1.7.374/gcc/dev/atmega32/avr5/crtatmega32.o
                0x0000008e                __vector_17
                0x0000008e                __vector_19
                0x0000008e                __vector_5
                0x0000008e                __vector_4
                0x0000008e                __vector_18
                0x0000008e                __vector_20
                0x0000008e                __bad_interrupt
                0x00000092                . = ALIGN (0x2)
 *(.text.*)
 .text.System_Initialization
                0x00000092       0x28 APP/APP_SLAVE_PROGRAM.o
                0x00000092                System_Initialization
 .text.executeMain_RXD
                0x000000ba       0x56 APP/APP_SLAVE_PROGRAM.o
                0x000000ba                executeMain_RXD
 .text.main     0x00000110        0xa APP/TASK34_SLAVE_main.o
                0x00000110                main
 .text.LCD_voidSendCommand
                0x0000011a       0xfe ECUAL/LCD_DRIVER/LCD_PROGRAM.o
                0x0000011a                LCD_voidSendCommand
 .text.LCD_voidInit
                0x00000218       0x8c ECUAL/LCD_DRIVER/LCD_PROGRAM.o
                0x00000218                LCD_voidInit
 .text.LCD_voidSendData
                0x000002a4       0xfe ECUAL/LCD_DRIVER/LCD_PROGRAM.o
                0x000002a4                LCD_voidSendData
 .text.LCD_voidDisplayString
                0x000003a2       0x26 ECUAL/LCD_DRIVER/LCD_PROGRAM.o
                0x000003a2                LCD_voidDisplayString
 .text.LCD_voidSetCursor
                0x000003c8       0x2e ECUAL/LCD_DRIVER/LCD_PROGRAM.o
                0x000003c8                LCD_voidSetCursor
 .text.__vector_16
                0x000003f6       0x52 MCAL/ADC_DRIVER/ADC_PROGRAM.o
                0x000003f6                __vector_16
 .text.__vector_1
                0x00000448       0x52 MCAL/EXT_INTERRUPT_DRIVER/EXT_INTERRUPT_PROGRAM.o
                0x00000448                __vector_1
 .text.__vector_2
                0x0000049a       0x52 MCAL/EXT_INTERRUPT_DRIVER/EXT_INTERRUPT_PROGRAM.o
                0x0000049a                __vector_2
 .text.__vector_3
                0x000004ec       0x52 MCAL/EXT_INTERRUPT_DRIVER/EXT_INTERRUPT_PROGRAM.o
                0x000004ec                __vector_3
 .text.GPIO_voidSetPinDirection
                0x0000053e      0x10c MCAL/GPIO_DRIVER/GPIO_PROGRAM.o
                0x0000053e                GPIO_voidSetPinDirection
 .text.GPIO_voidSetPinValue
                0x0000064a      0x10c MCAL/GPIO_DRIVER/GPIO_PROGRAM.o
                0x0000064a                GPIO_voidSetPinValue
 .text.I2C_voidSlaveInit
                0x00000756       0x12 MCAL/I2C_DRIVER/I2C_PROGRAM.o
                0x00000756                I2C_voidSlaveInit
 .text.I2C_u8SlaveReceiveDataByte
                0x00000768       0x34 MCAL/I2C_DRIVER/I2C_PROGRAM.o
                0x00000768                I2C_u8SlaveReceiveDataByte
 .text.__vector_12
                0x0000079c       0x52 MCAL/SPI_DRIVER/SPI_PROGRAM.o
                0x0000079c                __vector_12
 .text.__vector_10
                0x000007ee       0x52 MCAL/TIMERS_DRIVER/TIMER0_DRIVER/TIMER0_PROGRAM.o
                0x000007ee                __vector_10
 .text.__vector_11
                0x00000840       0x52 MCAL/TIMERS_DRIVER/TIMER0_DRIVER/TIMER0_PROGRAM.o
                0x00000840                __vector_11
 .text.__vector_6
                0x00000892       0x52 MCAL/TIMERS_DRIVER/TIMER1_DRIVER/TIMER1_PROGRAM.o
                0x00000892                __vector_6
 .text.__vector_7
                0x000008e4       0x52 MCAL/TIMERS_DRIVER/TIMER1_DRIVER/TIMER1_PROGRAM.o
                0x000008e4                __vector_7
 .text.__vector_8
                0x00000936       0x52 MCAL/TIMERS_DRIVER/TIMER1_DRIVER/TIMER1_PROGRAM.o
                0x00000936                __vector_8
 .text.__vector_9
                0x00000988       0x52 MCAL/TIMERS_DRIVER/TIMER1_DRIVER/TIMER1_PROGRAM.o
                0x00000988                __vector_9
 .text.__vector_13
                0x000009da       0x52 MCAL/UART_DRIVER/UART_PROGRAM.o
                0x000009da                __vector_13
 .text.__vector_14
                0x00000a2c       0x52 MCAL/UART_DRIVER/UART_PROGRAM.o
                0x00000a2c                __vector_14
 .text.__vector_15
                0x00000a7e       0x52 MCAL/UART_DRIVER/UART_PROGRAM.o
                0x00000a7e                __vector_15
                0x00000ad0                . = ALIGN (0x2)
 *(.fini9)
 .fini9         0x00000ad0        0x0 c:/program files (x86)/atmel/studio/7.0/toolchain/avr8/avr8-gnu-toolchain/bin/../lib/gcc/avr/5.4.0/avr5\libgcc.a(_exit.o)
                0x00000ad0                _exit
                0x00000ad0                exit
 *(.fini9)
 *(.fini8)
 *(.fini8)
 *(.fini7)
 *(.fini7)
 *(.fini6)
 *(.fini6)
 *(.fini5)
 *(.fini5)
 *(.fini4)
 *(.fini4)
 *(.fini3)
 *(.fini3)
 *(.fini2)
 *(.fini2)
 *(.fini1)
 *(.fini1)
 *(.fini0)
 .fini0         0x00000ad0        0x4 c:/program files (x86)/atmel/studio/7.0/toolchain/avr8/avr8-gnu-toolchain/bin/../lib/gcc/avr/5.4.0/avr5\libgcc.a(_exit.o)
 *(.fini0)
                0x00000ad4                _etext = .

.data           0x00800060       0x24 load address 0x00000ad4
                0x00800060                PROVIDE (__data_start, .)
 *(.data)
 *(.data*)
 *(.gnu.linkonce.d*)
 *(.rodata)
 *(.rodata*)
 .rodata.str1.1
                0x00800060       0x24 APP/APP_SLAVE_PROGRAM.o
 *(.gnu.linkonce.r*)
                0x00800084                . = ALIGN (0x2)
                0x00800084                _edata = .
                0x00800084                PROVIDE (__data_end, .)

.bss            0x00800084       0x1d
                0x00800084                PROVIDE (__bss_start, .)
 *(.bss)
 *(.bss*)
 *(COMMON)
 COMMON         0x00800084        0x1 APP/APP_SLAVE_PROGRAM.o
                0x00800084                ReceivedData
 COMMON         0x00800085        0x2 MCAL/ADC_DRIVER/ADC_PROGRAM.o
                0x00800085                CallBackPtr_ADC
 COMMON         0x00800087        0x6 MCAL/EXT_INTERRUPT_DRIVER/EXT_INTERRUPT_PROGRAM.o
                0x00800087                CallBackPtr_INT2
                0x00800089                CallBackPtr_INT0
                0x0080008b                CallBackPtr_INT1
 COMMON         0x0080008d        0x2 MCAL/SPI_DRIVER/SPI_PROGRAM.o
                0x0080008d                CallBackPtr_SPI
 COMMON         0x0080008f        0x4 MCAL/TIMERS_DRIVER/TIMER0_DRIVER/TIMER0_PROGRAM.o
                0x0080008f                CallBackPtr_TIMER0_COMP
                0x00800091                CallBackPtr_TIMER0_OVF
 COMMON         0x00800093        0x8 MCAL/TIMERS_DRIVER/TIMER1_DRIVER/TIMER1_PROGRAM.o
                0x00800093                CallBackPtr_TIMER1_COMPB
                0x00800095                CallBackPtr_TIMER1_OVF
                0x00800097                CallBackPtr_TIMER1_CAPT
                0x00800099                CallBackPtr_TIMER1_COMPA
 COMMON         0x0080009b        0x6 MCAL/UART_DRIVER/UART_PROGRAM.o
                0x0080009b                CallBackPtr_UART_RXC
                0x0080009d                CallBackPtr_UART_TXC
                0x0080009f                CallBackPtr_UART_UDRE
                0x008000a1                PROVIDE (__bss_end, .)
                0x00000ad4                __data_load_start = LOADADDR (.data)
                0x00000af8                __data_load_end = (__data_load_start + SIZEOF (.data))

.noinit         0x008000a1        0x0
                [!provide]                PROVIDE (__noinit_start, .)
 *(.noinit*)
                [!provide]                PROVIDE (__noinit_end, .)
                0x008000a1                _end = .
                [!provide]                PROVIDE (__heap_start, .)

.eeprom         0x00810000        0x0
 *(.eeprom*)
                0x00810000                __eeprom_end = .

.fuse
 *(.fuse)
 *(.lfuse)
 *(.hfuse)
 *(.efuse)

.lock
 *(.lock*)

.signature
 *(.signature*)

.user_signatures
 *(.user_signatures*)

.stab
 *(.stab)

.stabstr
 *(.stabstr)

.stab.excl
 *(.stab.excl)

.stab.exclstr
 *(.stab.exclstr)

.stab.index
 *(.stab.index)

.stab.indexstr
 *(.stab.indexstr)

.comment        0x00000000       0x30
 *(.comment)
 .comment       0x00000000       0x30 APP/APP_SLAVE_PROGRAM.o
                                 0x31 (size before relaxing)
 .comment       0x00000030       0x31 APP/TASK34_SLAVE_main.o
 .comment       0x00000030       0x31 ECUAL/LCD_DRIVER/LCD_PROGRAM.o
 .comment       0x00000030       0x31 MCAL/ADC_DRIVER/ADC_PROGRAM.o
 .comment       0x00000030       0x31 MCAL/EXT_INTERRUPT_DRIVER/EXT_INTERRUPT_PROGRAM.o
 .comment       0x00000030       0x31 MCAL/GPIO_DRIVER/GPIO_PROGRAM.o
 .comment       0x00000030       0x31 MCAL/I2C_DRIVER/I2C_PROGRAM.o
 .comment       0x00000030       0x31 MCAL/SPI_DRIVER/SPI_PROGRAM.o
 .comment       0x00000030       0x31 MCAL/TIMERS_DRIVER/TIMER0_DRIVER/TIMER0_PROGRAM.o
 .comment       0x00000030       0x31 MCAL/TIMERS_DRIVER/TIMER1_DRIVER/TIMER1_PROGRAM.o
 .comment       0x00000030       0x31 MCAL/UART_DRIVER/UART_PROGRAM.o

.note.gnu.avr.deviceinfo
                0x00000000       0x3c
 .note.gnu.avr.deviceinfo
                0x00000000       0x3c C:/Program Files (x86)/Atmel/Studio/7.0/Packs/atmel/ATmega_DFP/1.7.374/gcc/dev/atmega32/avr5/crtatmega32.o

.note.gnu.build-id
 *(.note.gnu.build-id)

.debug
 *(.debug)

.line
 *(.line)

.debug_srcinfo
 *(.debug_srcinfo)

.debug_sfnames
 *(.debug_sfnames)

.debug_aranges  0x00000000      0x410
 *(.debug_aranges)
 .debug_aranges
                0x00000000       0x28 APP/APP_SLAVE_PROGRAM.o
 .debug_aranges
                0x00000028       0x20 APP/TASK34_SLAVE_main.o
 .debug_aranges
                0x00000048       0x50 ECUAL/LCD_DRIVER/LCD_PROGRAM.o
 .debug_aranges
                0x00000098       0x40 MCAL/ADC_DRIVER/ADC_PROGRAM.o
 .debug_aranges
                0x000000d8       0x48 MCAL/EXT_INTERRUPT_DRIVER/EXT_INTERRUPT_PROGRAM.o
 .debug_aranges
                0x00000120       0x50 MCAL/GPIO_DRIVER/GPIO_PROGRAM.o
 .debug_aranges
                0x00000170       0x88 MCAL/I2C_DRIVER/I2C_PROGRAM.o
 .debug_aranges
                0x000001f8       0x70 MCAL/SPI_DRIVER/SPI_PROGRAM.o
 .debug_aranges
                0x00000268       0x80 MCAL/TIMERS_DRIVER/TIMER0_DRIVER/TIMER0_PROGRAM.o
 .debug_aranges
                0x000002e8       0xb8 MCAL/TIMERS_DRIVER/TIMER1_DRIVER/TIMER1_PROGRAM.o
 .debug_aranges
                0x000003a0       0x70 MCAL/UART_DRIVER/UART_PROGRAM.o

.debug_pubnames
 *(.debug_pubnames)

.debug_info     0x00000000     0x34d6
 *(.debug_info .gnu.linkonce.wi.*)
 .debug_info    0x00000000      0x4e6 C:/Program Files (x86)/Atmel/Studio/7.0/Packs/atmel/ATmega_DFP/1.7.374/gcc/dev/atmega32/avr5/crtatmega32.o
 .debug_info    0x000004e6      0x2e9 APP/APP_SLAVE_PROGRAM.o
 .debug_info    0x000007cf       0xd1 APP/TASK34_SLAVE_main.o
 .debug_info    0x000008a0      0xbea ECUAL/LCD_DRIVER/LCD_PROGRAM.o
 .debug_info    0x0000148a      0x372 MCAL/ADC_DRIVER/ADC_PROGRAM.o
 .debug_info    0x000017fc      0x19e MCAL/EXT_INTERRUPT_DRIVER/EXT_INTERRUPT_PROGRAM.o
 .debug_info    0x0000199a      0x316 MCAL/GPIO_DRIVER/GPIO_PROGRAM.o
 .debug_info    0x00001cb0      0x3e6 MCAL/I2C_DRIVER/I2C_PROGRAM.o
 .debug_info    0x00002096      0x4da MCAL/SPI_DRIVER/SPI_PROGRAM.o
 .debug_info    0x00002570      0x49d MCAL/TIMERS_DRIVER/TIMER0_DRIVER/TIMER0_PROGRAM.o
 .debug_info    0x00002a0d      0x68b MCAL/TIMERS_DRIVER/TIMER1_DRIVER/TIMER1_PROGRAM.o
 .debug_info    0x00003098      0x43e MCAL/UART_DRIVER/UART_PROGRAM.o

.debug_abbrev   0x00000000     0x138e
 *(.debug_abbrev)
 .debug_abbrev  0x00000000      0x4a3 C:/Program Files (x86)/Atmel/Studio/7.0/Packs/atmel/ATmega_DFP/1.7.374/gcc/dev/atmega32/avr5/crtatmega32.o
 .debug_abbrev  0x000004a3      0x11a APP/APP_SLAVE_PROGRAM.o
 .debug_abbrev  0x000005bd       0x68 APP/TASK34_SLAVE_main.o
 .debug_abbrev  0x00000625      0x222 ECUAL/LCD_DRIVER/LCD_PROGRAM.o
 .debug_abbrev  0x00000847      0x12f MCAL/ADC_DRIVER/ADC_PROGRAM.o
 .debug_abbrev  0x00000976       0x9f MCAL/EXT_INTERRUPT_DRIVER/EXT_INTERRUPT_PROGRAM.o
 .debug_abbrev  0x00000a15      0x11d MCAL/GPIO_DRIVER/GPIO_PROGRAM.o
 .debug_abbrev  0x00000b32      0x160 MCAL/I2C_DRIVER/I2C_PROGRAM.o
 .debug_abbrev  0x00000c92      0x1cf MCAL/SPI_DRIVER/SPI_PROGRAM.o
 .debug_abbrev  0x00000e61      0x1da MCAL/TIMERS_DRIVER/TIMER0_DRIVER/TIMER0_PROGRAM.o
 .debug_abbrev  0x0000103b      0x1be MCAL/TIMERS_DRIVER/TIMER1_DRIVER/TIMER1_PROGRAM.o
 .debug_abbrev  0x000011f9      0x195 MCAL/UART_DRIVER/UART_PROGRAM.o

.debug_line     0x00000000     0x2129
 *(.debug_line .debug_line.* .debug_line_end)
 .debug_line    0x00000000      0x116 C:/Program Files (x86)/Atmel/Studio/7.0/Packs/atmel/ATmega_DFP/1.7.374/gcc/dev/atmega32/avr5/crtatmega32.o
 .debug_line    0x00000116      0x223 APP/APP_SLAVE_PROGRAM.o
 .debug_line    0x00000339       0x6d APP/TASK34_SLAVE_main.o
 .debug_line    0x000003a6      0x448 ECUAL/LCD_DRIVER/LCD_PROGRAM.o
 .debug_line    0x000007ee      0x163 MCAL/ADC_DRIVER/ADC_PROGRAM.o
 .debug_line    0x00000951      0x258 MCAL/EXT_INTERRUPT_DRIVER/EXT_INTERRUPT_PROGRAM.o
 .debug_line    0x00000ba9      0x448 MCAL/GPIO_DRIVER/GPIO_PROGRAM.o
 .debug_line    0x00000ff1      0x39b MCAL/I2C_DRIVER/I2C_PROGRAM.o
 .debug_line    0x0000138c      0x2f6 MCAL/SPI_DRIVER/SPI_PROGRAM.o
 .debug_line    0x00001682      0x374 MCAL/TIMERS_DRIVER/TIMER0_DRIVER/TIMER0_PROGRAM.o
 .debug_line    0x000019f6      0x498 MCAL/TIMERS_DRIVER/TIMER1_DRIVER/TIMER1_PROGRAM.o
 .debug_line    0x00001e8e      0x29b MCAL/UART_DRIVER/UART_PROGRAM.o

.debug_frame    0x00000000      0xbbc
 *(.debug_frame)
 .debug_frame   0x00000000       0x34 APP/APP_SLAVE_PROGRAM.o
 .debug_frame   0x00000034       0x24 APP/TASK34_SLAVE_main.o
 .debug_frame   0x00000058       0xb4 ECUAL/LCD_DRIVER/LCD_PROGRAM.o
 .debug_frame   0x0000010c       0xac MCAL/ADC_DRIVER/ADC_PROGRAM.o
 .debug_frame   0x000001b8      0x14c MCAL/EXT_INTERRUPT_DRIVER/EXT_INTERRUPT_PROGRAM.o
 .debug_frame   0x00000304       0x84 MCAL/GPIO_DRIVER/GPIO_PROGRAM.o
 .debug_frame   0x00000388       0xf4 MCAL/I2C_DRIVER/I2C_PROGRAM.o
 .debug_frame   0x0000047c      0x138 MCAL/SPI_DRIVER/SPI_PROGRAM.o
 .debug_frame   0x000005b4      0x194 MCAL/TIMERS_DRIVER/TIMER0_DRIVER/TIMER0_PROGRAM.o
 .debug_frame   0x00000748      0x2ac MCAL/TIMERS_DRIVER/TIMER1_DRIVER/TIMER1_PROGRAM.o
 .debug_frame   0x000009f4      0x1c8 MCAL/UART_DRIVER/UART_PROGRAM.o

.debug_str      0x00000000     0x16aa
 *(.debug_str)
 .debug_str     0x00000000      0x196 C:/Program Files (x86)/Atmel/Studio/7.0/Packs/atmel/ATmega_DFP/1.7.374/gcc/dev/atmega32/avr5/crtatmega32.o
 .debug_str     0x00000196      0x281 APP/APP_SLAVE_PROGRAM.o
                                0x2ba (size before relaxing)
 .debug_str     0x00000417       0x20 APP/TASK34_SLAVE_main.o
                                0x1fb (size before relaxing)
 .debug_str     0x00000437      0x140 ECUAL/LCD_DRIVER/LCD_PROGRAM.o
                                0x384 (size before relaxing)
 .debug_str     0x00000577      0x27a MCAL/ADC_DRIVER/ADC_PROGRAM.o
                                0x443 (size before relaxing)
 .debug_str     0x000007f1       0xf0 MCAL/EXT_INTERRUPT_DRIVER/EXT_INTERRUPT_PROGRAM.o
                                0x298 (size before relaxing)
 .debug_str     0x000008e1      0x15b MCAL/GPIO_DRIVER/GPIO_PROGRAM.o
                                0x363 (size before relaxing)
 .debug_str     0x00000a3c      0x257 MCAL/I2C_DRIVER/I2C_PROGRAM.o
                                0x431 (size before relaxing)
 .debug_str     0x00000c93      0x1cf MCAL/SPI_DRIVER/SPI_PROGRAM.o
                                0x3d3 (size before relaxing)
 .debug_str     0x00000e62      0x2fb MCAL/TIMERS_DRIVER/TIMER0_DRIVER/TIMER0_PROGRAM.o
                                0x4e6 (size before relaxing)
 .debug_str     0x0000115d      0x394 MCAL/TIMERS_DRIVER/TIMER1_DRIVER/TIMER1_PROGRAM.o
                                0x603 (size before relaxing)
 .debug_str     0x000014f1      0x1b9 MCAL/UART_DRIVER/UART_PROGRAM.o
                                0x3ce (size before relaxing)

.debug_loc      0x00000000     0x24b3
 *(.debug_loc)
 .debug_loc     0x00000000       0x90 APP/APP_SLAVE_PROGRAM.o
 .debug_loc     0x00000090      0x777 ECUAL/LCD_DRIVER/LCD_PROGRAM.o
 .debug_loc     0x00000807      0x10d MCAL/ADC_DRIVER/ADC_PROGRAM.o
 .debug_loc     0x00000914      0x43b MCAL/EXT_INTERRUPT_DRIVER/EXT_INTERRUPT_PROGRAM.o
 .debug_loc     0x00000d4f      0x6fe MCAL/GPIO_DRIVER/GPIO_PROGRAM.o
 .debug_loc     0x0000144d      0x195 MCAL/I2C_DRIVER/I2C_PROGRAM.o
 .debug_loc     0x000015e2      0x286 MCAL/SPI_DRIVER/SPI_PROGRAM.o
 .debug_loc     0x00001868      0x306 MCAL/TIMERS_DRIVER/TIMER0_DRIVER/TIMER0_PROGRAM.o
 .debug_loc     0x00001b6e      0x5a8 MCAL/TIMERS_DRIVER/TIMER1_DRIVER/TIMER1_PROGRAM.o
 .debug_loc     0x00002116      0x39d MCAL/UART_DRIVER/UART_PROGRAM.o

.debug_macinfo
 *(.debug_macinfo)

.debug_weaknames
 *(.debug_weaknames)

.debug_funcnames
 *(.debug_funcnames)

.debug_typenames
 *(.debug_typenames)

.debug_varnames
 *(.debug_varnames)

.debug_pubtypes
 *(.debug_pubtypes)

.debug_ranges   0x00000000      0x360
 *(.debug_ranges)
 .debug_ranges  0x00000000       0x18 APP/APP_SLAVE_PROGRAM.o
 .debug_ranges  0x00000018       0x10 APP/TASK34_SLAVE_main.o
 .debug_ranges  0x00000028       0x40 ECUAL/LCD_DRIVER/LCD_PROGRAM.o
 .debug_ranges  0x00000068       0x30 MCAL/ADC_DRIVER/ADC_PROGRAM.o
 .debug_ranges  0x00000098       0x38 MCAL/EXT_INTERRUPT_DRIVER/EXT_INTERRUPT_PROGRAM.o
 .debug_ranges  0x000000d0       0x40 MCAL/GPIO_DRIVER/GPIO_PROGRAM.o
 .debug_ranges  0x00000110       0x78 MCAL/I2C_DRIVER/I2C_PROGRAM.o
 .debug_ranges  0x00000188       0x60 MCAL/SPI_DRIVER/SPI_PROGRAM.o
 .debug_ranges  0x000001e8       0x70 MCAL/TIMERS_DRIVER/TIMER0_DRIVER/TIMER0_PROGRAM.o
 .debug_ranges  0x00000258       0xa8 MCAL/TIMERS_DRIVER/TIMER1_DRIVER/TIMER1_PROGRAM.o
 .debug_ranges  0x00000300       0x60 MCAL/UART_DRIVER/UART_PROGRAM.o

.debug_macro
 *(.debug_macro)
OUTPUT(ATMEL_I2C_RXD.elf elf32-avr)
LOAD linker stubs
